Component: ARM Compiler 5.06 update 6 (build 750) Tool: armlink [4d35ed]

==============================================================================

Section Cross References

    jy901.o(i.CopeSerialData) refers to fflt_clz.o(x$fpl$fflt) for __aeabi_i2f
    jy901.o(i.CopeSerialData) refers to fdiv.o(x$fpl$fdiv) for __aeabi_fdiv
    jy901.o(i.CopeSerialData) refers to f2d.o(x$fpl$f2d) for __aeabi_f2d
    jy901.o(i.CopeSerialData) refers to dmul.o(x$fpl$dmul) for __aeabi_dmul
    jy901.o(i.CopeSerialData) refers to daddsub_clz.o(x$fpl$dadd) for __aeabi_dadd
    jy901.o(i.CopeSerialData) refers to d2f.o(x$fpl$d2f) for __aeabi_d2f
    jy901.o(i.CopeSerialData) refers to jy901.o(.data) for ucRxCnt
    jy901.o(i.CopeSerialData) refers to jy901.o(.bss) for ucRxBuffer
    jy901.o(i.CopeSerialData) refers to thread_mw.o(.bss) for stcIMU_history
    jy901.o(i.CopeSerialData) refers to jy901.o(i.CharToLong) for CharToLong
    jy901.o(i.clear_imu_data) refers to jy901.o(i.clear) for clear
    jy901.o(i.clear_imu_data) refers to jy901.o(.data) for stcTime
    mian.o(i.main) refers to kservice.o(i.rt_kprintf) for rt_kprintf
    mian.o(i.main) refers to thread.o(i.rt_thread_create) for rt_thread_create
    mian.o(i.main) refers to thread.o(i.rt_thread_startup) for rt_thread_startup
    mian.o(i.main) refers to thread_mw.o(i.sendData) for sendData
    mian.o(i.main) refers to mian.o(.data) for tid1
    mian.o(i.main) refers to thread_mw.o(i.read_hx711) for read_hx711
    thread_mw.o(i.read_hx711) refers to hx711.o(i.ReadCount) for ReadCount
    thread_mw.o(i.read_hx711) refers to dflt_clz.o(x$fpl$dflt) for __aeabi_i2d
    thread_mw.o(i.read_hx711) refers to ddiv.o(x$fpl$ddiv) for __aeabi_ddiv
    thread_mw.o(i.read_hx711) refers to dmul.o(x$fpl$dmul) for __aeabi_dmul
    thread_mw.o(i.read_hx711) refers to daddsub_clz.o(x$fpl$dsub) for __aeabi_dsub
    thread_mw.o(i.read_hx711) refers to d2f.o(x$fpl$d2f) for __aeabi_d2f
    thread_mw.o(i.read_hx711) refers to thread.o(i.rt_thread_delay) for rt_thread_delay
    thread_mw.o(i.read_hx711) refers to thread_mw.o(.data) for hx711_num
    thread_mw.o(i.sendData) refers to kservice.o(i.rt_kprintf) for rt_kprintf
    thread_mw.o(i.sendData) refers to thread.o(i.rt_thread_delay) for rt_thread_delay
    thread_mw.o(i.time_thread) refers to clock.o(i.rt_tick_get) for rt_tick_get
    thread_mw.o(i.time_thread) refers to kservice.o(i.rt_kprintf) for rt_kprintf
    thread_mw.o(i.time_thread) refers to thread.o(i.rt_thread_delay) for rt_thread_delay
    usart1.o(i.PcTx_String) refers to usart1.o(i.PcTx_Byte) for PcTx_Byte
    usart1.o(i.USART1_IRQHandler) refers to irq.o(i.rt_interrupt_enter) for rt_interrupt_enter
    usart1.o(i.USART1_IRQHandler) refers to jy901.o(i.CopeSerialData) for CopeSerialData
    usart1.o(i.USART1_IRQHandler) refers to irq.o(i.rt_interrupt_leave) for rt_interrupt_leave
    usart1.o(i.cope1) refers to xnumx.o(i.xnumx) for xnumx
    usart1.o(i.cope1) refers to usart1.o(.data) for len
    usart1.o(i.cope1) refers to usart1.o(.bss) for d_rec
    usart1.o(i.cope1) refers to thread_mw.o(.bss) for usart1_m
    usart1.o(i.cope1) refers to thread_mw.o(.data) for s1
    usart1.o(i.usart_init) refers to fflt_clz.o(x$fpl$ffltu) for __aeabi_ui2f
    usart1.o(i.usart_init) refers to fdiv.o(x$fpl$fdiv) for __aeabi_fdiv
    usart1.o(i.usart_init) refers to ffixu.o(x$fpl$ffixu) for __aeabi_f2uiz
    usart1.o(i.usart_init) refers to faddsub_clz.o(x$fpl$frsb) for __aeabi_frsub
    usart1.o(i.usart_init) refers to fmul.o(x$fpl$fmul) for __aeabi_fmul
    usart1.o(i.usart_init) refers to faddsub_clz.o(x$fpl$fadd) for __aeabi_fadd
    usart2.o(i.PcTx_String2) refers to usart2.o(i.PcTx_Byte2) for PcTx_Byte2
    usart2.o(i.USART2_IRQHandler) refers to irq.o(i.rt_interrupt_enter) for rt_interrupt_enter
    usart2.o(i.USART2_IRQHandler) refers to jy901.o(i.CopeSerialData) for CopeSerialData
    usart2.o(i.USART2_IRQHandler) refers to irq.o(i.rt_interrupt_leave) for rt_interrupt_leave
    usart2.o(i.usart2_init) refers to fflt_clz.o(x$fpl$ffltu) for __aeabi_ui2f
    usart2.o(i.usart2_init) refers to fdiv.o(x$fpl$fdiv) for __aeabi_fdiv
    usart2.o(i.usart2_init) refers to ffixu.o(x$fpl$ffixu) for __aeabi_f2uiz
    usart2.o(i.usart2_init) refers to faddsub_clz.o(x$fpl$frsb) for __aeabi_frsub
    usart2.o(i.usart2_init) refers to fmul.o(x$fpl$fmul) for __aeabi_fmul
    usart2.o(i.usart2_init) refers to faddsub_clz.o(x$fpl$fadd) for __aeabi_fadd
    usart3.o(i.PcTx_String3) refers to usart3.o(i.PcTx_Byte3) for PcTx_Byte3
    usart3.o(i.USART3_IRQHandler) refers to irq.o(i.rt_interrupt_enter) for rt_interrupt_enter
    usart3.o(i.USART3_IRQHandler) refers to usart3.o(i.cope3) for cope3
    usart3.o(i.USART3_IRQHandler) refers to irq.o(i.rt_interrupt_leave) for rt_interrupt_leave
    usart3.o(i.cope3) refers to xnumx.o(i.xnumx) for xnumx
    usart3.o(i.cope3) refers to usart3.o(.data) for len
    usart3.o(i.cope3) refers to usart3.o(.bss) for d_rec
[...]
    .ARM.Collect$$rtentry$$00000000          0x08000190   Section        0  __rtentry.o(.ARM.Collect$$rtentry$$00000000)
    .ARM.Collect$$rtentry$$00000002          0x08000190   Section        0  __rtentry2.o(.ARM.Collect$$rtentry$$00000002)
    .ARM.Collect$$rtentry$$00000004          0x08000190   Section        6  __rtentry4.o(.ARM.Collect$$rtentry$$00000004)
    .ARM.Collect$$rtentry$$00000009          0x08000196   Section        0  __rtentry2.o(.ARM.Collect$$rtentry$$00000009)
    .ARM.Collect$$rtentry$$0000000A          0x08000196   Section        4  __rtentry2.o(.ARM.Collect$$rtentry$$0000000A)
    .ARM.Collect$$rtentry$$0000000C          0x0800019a   Section        0  __rtentry2.o(.ARM.Collect$$rtentry$$0000000C)
    .ARM.Collect$$rtentry$$0000000D          0x0800019a   Section        8  __rtentry2.o(.ARM.Collect$$rtentry$$0000000D)
    .ARM.Collect$$rtexit$$00000000           0x080001a2   Section        2  rtexit.o(.ARM.Collect$$rtexit$$00000000)
    .ARM.Collect$$rtexit$$00000002           0x080001a4   Section        0  rtexit2.o(.ARM.Collect$$rtexit$$00000002)
    .ARM.Collect$$rtexit$$00000003           0x080001a4   Section        4  rtexit2.o(.ARM.Collect$$rtexit$$00000003)
    .ARM.Collect$$rtexit$$00000004           0x080001a8   Section        6  rtexit2.o(.ARM.Collect$$rtexit$$00000004)
    .emb_text                                0x080001b0   Section        0  maybetermalloc1.o(.emb_text)
    .text                                    0x080001b0   Section       64  startup_stm32f10x_md.o(.text)
    .text                                    0x080001f0   Section      244  context_rvds.o(.text)
    .text                                    0x080002e4   Section        0  h1_alloc.o(.text)
    .text                                    0x08000342   Section        0  h1_free.o(.text)
    .text                                    0x08000390   Section      100  rt_memcpy_w.o(.text)
    .text                                    0x080003f4   Section        0  heapauxi.o(.text)
    .text                                    0x080003fc   Section        8  rt_heap_descriptor_intlibspace.o(.text)
    .text                                    0x08000404   Section        0  hguard.o(.text)
    .text                                    0x08000408   Section        0  init_alloc.o(.text)
    .text                                    0x08000492   Section        0  h1_init.o(.text)
    .text                                    0x080004a0   Section        8  libspace.o(.text)
    .text                                    0x080004a8   Section        0  h1_extend.o(.text)
    .text                                    0x080004dc   Section        0  defsig_rtmem_outer.o(.text)
    .text                                    0x080004ea   Section        2  use_no_semi.o(.text)
    .text                                    0x080004ec   Section        0  indicate_semi.o(.text)
    .text                                    0x080004ec   Section       74  sys_stackheap_outer.o(.text)
    .text                                    0x08000536   Section        0  exit.o(.text)
    .text                                    0x08000548   Section        0  defsig_exit.o(.text)
    .text                                    0x08000554   Section        0  defsig_rtmem_inner.o(.text)
    .text                                    0x080005a4   Section        0  sys_exit.o(.text)
    .text                                    0x080005b0   Section        0  defsig_general.o(.text)
    .text                                    0x080005e2   Section        0  sys_wrch.o(.text)
    i.$Sub$$main                             0x080005f0   Section        0  components.o(i.$Sub$$main)
    i.CharToLong                             0x080005fe   Section        0  jy901.o(i.CharToLong)
    i.CopeSerialData                         0x08000610   Section        0  jy901.o(i.CopeSerialData)
    i.PcTx_Byte                              0x08000e30   Section        0  usart1.o(i.PcTx_Byte)
    i.ReadCount                              0x08000e4c   Section        0  hx711.o(i.ReadCount)
    i.SetSysClock                            0x08000efc   Section        0  system_stm32f10x.o(i.SetSysClock)
    SetSysClock                              0x08000efd   Thumb Code     8  system_stm32f10x.o(i.SetSysClock)
    i.SetSysClockTo72                        0x08000f04   Section        0  system_stm32f10x.o(i.SetSysClockTo72)
    SetSysClockTo72                          0x08000f05   Thumb Code   214  system_stm32f10x.o(i.SetSysClockTo72)
    i.SysTick_Handler                        0x08000fe4   Section        0  board.o(i.SysTick_Handler)
    i.SystemCoreClockUpdate                  0x08000ff4   Section        0  system_stm32f10x.o(i.SystemCoreClockUpdate)
    i.SystemInit                             0x08001098   Section        0  system_stm32f10x.o(i.SystemInit)
    i.USART1_IRQHandler                      0x080010f8   Section        0  usart1.o(i.USART1_IRQHandler)
    i.USART2_IRQHandler                      0x08001120   Section        0  usart2.o(i.USART2_IRQHandler)
    i.USART3_IRQHandler                      0x08001148   Section        0  usart3.o(i.USART3_IRQHandler)
    i._SysTick_Config                        0x08001170   Section        0  board.o(i._SysTick_Config)
    _SysTick_Config                          0x08001171   Thumb Code    44  board.o(i._SysTick_Config)
    i.__rt_ffs                               0x080011a0   Section        0  kservice.o(i.__rt_ffs)
    i._has_defunct_thread                    0x080011ec   Section        0  idle.o(i._has_defunct_thread)
    _has_defunct_thread                      0x080011ed   Thumb Code    16  idle.o(i._has_defunct_thread)
    i._rt_thread_init                        0x08001200   Section        0  thread.o(i._rt_thread_init)
    _rt_thread_init                          0x08001201   Thumb Code   124  thread.o(i._rt_thread_init)
    i._rt_timer_init                         0x08001284   Section        0  timer.o(i._rt_timer_init)
    _rt_timer_init                           0x08001285   Thumb Code    66  timer.o(i._rt_timer_init)
    i._rt_timer_remove                       0x080012c6   Section        0  timer.o(i._rt_timer_remove)
    _rt_timer_remove                         0x080012c7   Thumb Code    46  timer.o(i._rt_timer_remove)
    i.cope3                                  0x080012f4   Section        0  usart3.o(i.cope3)
    i.findFirstChar                          0x0800133c   Section        0  xnumx.o(i.findFirstChar)
    i.findLastChar                           0x08001358   Section        0  xnumx.o(i.findLastChar)
    i.main                                   0x0800137c   Section        0  mian.o(i.main)
    i.main_thread_entry                      0x08001448   Section        0  components.o(i.main_thread_entry)
    i.plug_holes                             0x08001458   Section        0  mem.o(i.plug_holes)
    plug_holes                               0x08001459   Thumb Code   108  mem.o(i.plug_holes)
    i.print_number                           0x080014d0   Section        0  kservice.o(i.print_number)
    print_number                             0x080014d1   Thumb Code   400  kservice.o(i.print_number)
    i.read_hx711                             0x08001668   Section        0  thread_mw.o(i.read_hx711)
    i.rt_application_init                    0x080016dc   Section        0  components.o(i.rt_application_init)
    i.rt_components_board_init               0x0800170c   Section        0  components.o(i.rt_components_board_init)
    i.rt_components_init                     0x08001728   Section        0  components.o(i.rt_components_init)
    i.rt_enter_critical                      0x08001744   Section        0  scheduler.o(i.rt_enter_critical)
    i.rt_exit_critical                       0x08001764   Section        0  scheduler.o(i.rt_exit_critical)
    i.rt_free                                0x080017a0   Section        0  mem.o(i.rt_free)
    i.rt_heap_begin_get                      0x08001880   Section        0  board.o(i.rt_heap_begin_get)
    i.rt_heap_end_get                        0x08001888   Section        0  board.o(i.rt_heap_end_get)
    i.rt_hw_board_init                       0x08001890   Section        0  board.o(i.rt_hw_board_init)
    i.rt_hw_console_output                   0x080018dc   Section        0  board.o(i.rt_hw_console_output)
    i.rt_hw_hard_fault_exception             0x080018f4   Section        0  cpuport.o(i.rt_hw_hard_fault_exception)
    i.rt_hw_stack_init                       0x08001af4   Section        0  cpuport.o(i.rt_hw_stack_init)
    i.rt_interrupt_enter                     0x08001b40   Section        0  irq.o(i.rt_interrupt_enter)
    i.rt_interrupt_leave                     0x08001b60   Section        0  irq.o(i.rt_interrupt_leave)
    i.rt_ipc_list_suspend                    0x08001b80   Section        0  ipc.o(i.rt_ipc_list_suspend)
    rt_ipc_list_suspend                      0x08001b81   Thumb Code   108  ipc.o(i.rt_ipc_list_suspend)
    i.rt_ipc_object_init                     0x08001bec   Section        0  ipc.o(i.rt_ipc_object_init)
    rt_ipc_object_init                       0x08001bed   Thumb Code    16  ipc.o(i.rt_ipc_object_init)
    i.rt_kprintf                             0x08001bfc   Section        0  kservice.o(i.rt_kprintf)
    i.rt_list_init                           0x08001c2c   Section        0  scheduler.o(i.rt_list_init)
    rt_list_init                             0x08001c2d   Thumb Code     6  scheduler.o(i.rt_list_init)
    i.rt_list_init                           0x08001c32   Section        0  timer.o(i.rt_list_init)
    rt_list_init                             0x08001c33   Thumb Code     6  timer.o(i.rt_list_init)
    i.rt_list_insert_after                   0x08001c38   Section        0  object.o(i.rt_list_insert_after)
    rt_list_insert_after                     0x08001c39   Thumb Code    14  object.o(i.rt_list_insert_after)
    i.rt_list_insert_after                   0x08001c46   Section        0  thread.o(i.rt_list_insert_after)
    rt_list_insert_after                     0x08001c47   Thumb Code    14  thread.o(i.rt_list_insert_after)
    i.rt_list_insert_after                   0x08001c54   Section        0  timer.o(i.rt_list_insert_after)
    rt_list_insert_after                     0x08001c55   Thumb Code    14  timer.o(i.rt_list_insert_after)
    i.rt_list_insert_before                  0x08001c62   Section        0  ipc.o(i.rt_list_insert_before)
    rt_list_insert_before                    0x08001c63   Thumb Code    14  ipc.o(i.rt_list_insert_before)
    i.rt_list_isempty                        0x08001c70   Section        0  ipc.o(i.rt_list_isempty)
    rt_list_isempty                          0x08001c71   Thumb Code    16  ipc.o(i.rt_list_isempty)
    i.rt_list_isempty                        0x08001c80   Section        0  timer.o(i.rt_list_isempty)
    rt_list_isempty                          0x08001c81   Thumb Code    16  timer.o(i.rt_list_isempty)
    i.rt_list_remove                         0x08001c90   Section        0  object.o(i.rt_list_remove)
    rt_list_remove                           0x08001c91   Thumb Code    18  object.o(i.rt_list_remove)
    i.rt_list_remove                         0x08001ca2   Section        0  thread.o(i.rt_list_remove)
    rt_list_remove                           0x08001ca3   Thumb Code    18  thread.o(i.rt_list_remove)
    i.rt_malloc                              0x08001cb4   Section        0  mem.o(i.rt_malloc)
    i.rt_memset                              0x08001e20   Section        0  kservice.o(i.rt_memset)
    i.rt_object_allocate                     0x08001e68   Section        0  object.o(i.rt_object_allocate)
    i.rt_object_delete                       0x08001ebc   Section        0  object.o(i.rt_object_delete)
    i.rt_object_detach                       0x08001ee0   Section        0  object.o(i.rt_object_detach)
    i.rt_object_get_information              0x08001f00   Section        0  object.o(i.rt_object_get_information)
    i.rt_object_init                         0x08001f28   Section        0  object.o(i.rt_object_init)
    i.rt_object_is_systemobject              0x08001f64   Section        0  object.o(i.rt_object_is_systemobject)
    i.rt_schedule                            0x08001f78   Section        0  scheduler.o(i.rt_schedule)
    i.rt_schedule_insert_thread              0x08002008   Section        0  scheduler.o(i.rt_schedule_insert_thread)
    i.rt_schedule_remove_thread              0x08002058   Section        0  scheduler.o(i.rt_schedule_remove_thread)
    i.rt_sem_init                            0x080020ac   Section        0  ipc.o(i.rt_sem_init)
    i.rt_sem_release                         0x080020d2   Section        0  ipc.o(i.rt_sem_release)
    i.rt_sem_take                            0x08002118   Section        0  ipc.o(i.rt_sem_take)
    i.rt_show_version                        0x0800218c   Section        0  kservice.o(i.rt_show_version)
    i.rt_strlen                              0x0800223c   Section        0  kservice.o(i.rt_strlen)
    i.rt_strncpy                             0x0800224e   Section        0  kservice.o(i.rt_strncpy)
    i.rt_system_heap_init                    0x08002284   Section        0  mem.o(i.rt_system_heap_init)
    i.rt_system_scheduler_init               0x0800237c   Section        0  scheduler.o(i.rt_system_scheduler_init)
    i.rt_system_scheduler_start              0x080023c8   Section        0  scheduler.o(i.rt_system_scheduler_start)
    i.rt_system_timer_init                   0x080023f8   Section        0  timer.o(i.rt_system_timer_init)
    i.rt_system_timer_thread_init            0x08002414   Section        0  timer.o(i.rt_system_timer_thread_init)
    i.rt_thread_create                       0x08002416   Section        0  thread.o(i.rt_thread_create)
    i.rt_thread_delay                        0x08002466   Section        0  thread.o(i.rt_thread_delay)
    i.rt_thread_exit                         0x08002474   Section        0  thread.o(i.rt_thread_exit)
    i.rt_thread_idle_entry                   0x080024c8   Section        0  idle.o(i.rt_thread_idle_entry)
    rt_thread_idle_entry                     0x080024c9   Thumb Code     8  idle.o(i.rt_thread_idle_entry)
    i.rt_thread_idle_excute                  0x080024d0   Section        0  idle.o(i.rt_thread_idle_excute)
    i.rt_thread_idle_init                    0x08002554   Section        0  idle.o(i.rt_thread_idle_init)
    i.rt_thread_init                         0x08002590   Section        0  thread.o(i.rt_thread_init)
    i.rt_thread_resume                       0x080025c4   Section        0  thread.o(i.rt_thread_resume)
    i.rt_thread_self                         0x08002600   Section        0  thread.o(i.rt_thread_self)
    i.rt_thread_sleep                        0x0800260c   Section        0  thread.o(i.rt_thread_sleep)
    i.rt_thread_startup                      0x08002650   Section        0  thread.o(i.rt_thread_startup)
    i.rt_thread_suspend                      0x0800267c   Section        0  thread.o(i.rt_thread_suspend)
    i.rt_thread_timeout                      0x080026c0   Section        0  thread.o(i.rt_thread_timeout)
    i.rt_thread_yield                        0x080026e0   Section        0  thread.o(i.rt_thread_yield)
    i.rt_tick_get                            0x08002744   Section        0  clock.o(i.rt_tick_get)
    i.rt_tick_increase                       0x08002750   Section        0  clock.o(i.rt_tick_increase)
    i.rt_timer_check                         0x08002780   Section        0  timer.o(i.rt_timer_check)
    i.rt_timer_control                       0x080027fc   Section        0  timer.o(i.rt_timer_control)
    i.rt_timer_detach                        0x08002834   Section        0  timer.o(i.rt_timer_detach)
    i.rt_timer_init                          0x08002854   Section        0  timer.o(i.rt_timer_init)
    i.rt_timer_start                         0x08002884   Section        0  timer.o(i.rt_timer_start)
    i.rt_timer_stop                          0x0800297c   Section        0  timer.o(i.rt_timer_stop)
    i.rt_vsnprintf                           0x080029ac   Section        0  kservice.o(i.rt_vsnprintf)
    i.rti_board_end                          0x08002cd4   Section        0  components.o(i.rti_board_end)
    rti_board_end                            0x08002cd5   Thumb Code     4  components.o(i.rti_board_end)
    i.rti_board_start                        0x08002cd8   Section        0  components.o(i.rti_board_start)
    rti_board_start                          0x08002cd9   Thumb Code     4  components.o(i.rti_board_start)
    i.rti_end                                0x08002cdc   Section        0  components.o(i.rti_end)
    rti_end                                  0x08002cdd   Thumb Code     4  components.o(i.rti_end)
    i.rti_start                              0x08002ce0   Section        0  components.o(i.rti_start)
    rti_start                                0x08002ce1   Thumb Code     4  components.o(i.rti_start)
    i.rtthread_startup                       0x08002ce4   Section        0  components.o(i.rtthread_startup)
    i.sendData                               0x08002d10   Section        0  thread_mw.o(i.sendData)
    i.skip_atoi                              0x08002d2c   Section        0  kservice.o(i.skip_atoi)
    skip_atoi                                0x08002d2d   Thumb Code    38  kservice.o(i.skip_atoi)
    i.usart2_init                            0x08002d54   Section        0  usart2.o(i.usart2_init)
    i.usart3_init                            0x08002ef4   Section        0  usart3.o(i.usart3_init)
    i.usart_init                             0x08003098   Section        0  usart1.o(i.usart_init)
    i.xnumx                                  0x0800323c   Section        0  xnumx.o(i.xnumx)
    x$fpl$d2f                                0x080033bc   Section       98  d2f.o(x$fpl$d2f)
    x$fpl$dadd                               0x08003420   Section      336  daddsub_clz.o(x$fpl$dadd)
    _dadd1                                   0x08003431   Thumb Code     0  daddsub_clz.o(x$fpl$dadd)
    x$fpl$ddiv                               0x08003570   Section      688  ddiv.o(x$fpl$ddiv)
    ddiv_entry                               0x08003577   Thumb Code     0  ddiv.o(x$fpl$ddiv)
    x$fpl$dflt                               0x08003820   Section       46  dflt_clz.o(x$fpl$dflt)
    x$fpl$dfltu                              0x0800384e   Section       38  dflt_clz.o(x$fpl$dfltu)
    x$fpl$dmul                               0x08003874   Section      340  dmul.o(x$fpl$dmul)
    x$fpl$dnaninf                            0x080039c8   Section      156  dnaninf.o(x$fpl$dnaninf)
    x$fpl$dretinf                            0x08003a64   Section       12  dretinf.o(x$fpl$dretinf)
    x$fpl$dsub                               0x08003a70   Section      468  daddsub_clz.o(x$fpl$dsub)
    _dsub1                                   0x08003a81   Thumb Code     0  daddsub_clz.o(x$fpl$dsub)
    x$fpl$f2d                                0x08003c44   Section       86  f2d.o(x$fpl$f2d)
    x$fpl$fadd                               0x08003c9c   Section      196  faddsub_clz.o(x$fpl$fadd)
    _fadd1                                   0x08003cab   Thumb Code     0  faddsub_clz.o(x$fpl$fadd)
    x$fpl$fdiv                               0x08003d60   Section      388  fdiv.o(x$fpl$fdiv)
    _fdiv1                                   0x08003d61   Thumb Code     0  fdiv.o(x$fpl$fdiv)
    x$fpl$ffixu                              0x08003ee4   Section       62  ffixu.o(x$fpl$ffixu)
    x$fpl$fflt                               0x08003f24   Section       48  fflt_clz.o(x$fpl$fflt)
    x$fpl$ffltu                              0x08003f54   Section       38  fflt_clz.o(x$fpl$ffltu)
    x$fpl$fmul                               0x08003f7c   Section      258  fmul.o(x$fpl$fmul)
    x$fpl$fnaninf                            0x0800407e   Section      140  fnaninf.o(x$fpl$fnaninf)
    x$fpl$fretinf                            0x0800410a   Section       10  fretinf.o(x$fpl$fretinf)
    x$fpl$frsb                               0x08004114   Section       20  faddsub_clz.o(x$fpl$frsb)
    x$fpl$fsub                               0x08004128   Section      234  faddsub_clz.o(x$fpl$fsub)
    _fsub1                                   0x08004137   Thumb Code     0  faddsub_clz.o(x$fpl$fsub)
    x$fpl$usenofp                            0x08004212   Section        0  usenofp.o(x$fpl$usenofp)
    .constdata                               0x08004214   Section       40  xnumx.o(.constdata)
    .constdata                               0x0800423c   Section      290  kservice.o(.constdata)
    small_digits                             0x0800433c   Data          17  kservice.o(.constdata)
    large_digits                             0x0800434d   Data          17  kservice.o(.constdata)
    .rti_fn.0                                0x08004360   Section        4  components.o(.rti_fn.0)
    __tagsym$$used                           0x08004360   Number         0  components.o(.rti_fn.0)
    .rti_fn.0.end                            0x08004364   Section        4  components.o(.rti_fn.0.end)
    __tagsym$$used                           0x08004364   Number         0  components.o(.rti_fn.0.end)
    .rti_fn.1.end                            0x08004368   Section        4  components.o(.rti_fn.1.end)
    __tagsym$$used                           0x08004368   Number         0  components.o(.rti_fn.1.end)
    .rti_fn.6.end                            0x0800436c   Section        4  components.o(.rti_fn.6.end)
    __tagsym$$used                           0x0800436c   Number         0  components.o(.rti_fn.6.end)
    .data                                    0x20000000   Section       88  jy901.o(.data)
    ucRxCnt                                  0x20000048   Data           1  jy901.o(.data)
    temp1                                    0x2000004c   Data           4  jy901.o(.data)
    temp2                                    0x20000050   Data           4  jy901.o(.data)
    temp3                                    0x20000054   Data           4  jy901.o(.data)
    .data                                    0x20000058   Section       16  mian.o(.data)
    .data                                    0x20000068   Section       28  thread_mw.o(.data)
    .data                                    0x20000084   Section        1  usart3.o(.data)
    len                                      0x20000084   Data           1  usart3.o(.data)
    .data                                    0x20000088   Section       20  system_stm32f10x.o(.data)
    .data                                    0x2000009c   Section       16  cpuport.o(.data)
    rt_exception_hook                        0x200000a8   Data           4  cpuport.o(.data)
    .data                                    0x200000ac   Section        4  clock.o(.data)
    rt_tick                                  0x200000ac   Data           4  clock.o(.data)
    .data                                    0x200000b0   Section        1  irq.o(.data)
    .data                                    0x200000b4   Section       24  mem.o(.data)
    heap_ptr                                 0x200000b4   Data           4  mem.o(.data)
    heap_end                                 0x200000b8   Data           4  mem.o(.data)
    lfree                                    0x200000bc   Data           4  mem.o(.data)
    mem_size_aligned                         0x200000c0   Data           4  mem.o(.data)
    used_mem                                 0x200000c4   Data           4  mem.o(.data)
    max_mem                                  0x200000c8   Data           4  mem.o(.data)
    .data                                    0x200000cc   Section       64  object.o(.data)
    rt_object_container                      0x200000cc   Data          64  object.o(.data)
    .data                                    0x2000010c   Section       24  scheduler.o(.data)
    rt_scheduler_lock_nest                   0x2000010c   Data           2  scheduler.o(.data)
    .data                                    0x20000124   Section       12  timer.o(.data)
    rt_timer_list                            0x20000124   Data           8  timer.o(.data)
    random_nr                                0x2000012c   Data           4  timer.o(.data)
    .bss                                     0x20000130   Section       12  jy901.o(.bss)
    ucRxBuffer                               0x20000130   Data          12  jy901.o(.bss)
    .bss                                     0x20000140   Section      304  thread_mw.o(.bss)
    .bss                                     0x20000270   Section      100  usart3.o(.bss)
    d_rec                                    0x20000270   Data         100  usart3.o(.bss)
    .bss                                     0x200002d4   Section      384  idle.o(.bss)
    idle                                     0x200002d4   Data         128  idle.o(.bss)
    rt_thread_stack                          0x20000354   Data         256  idle.o(.bss)
    .bss                                     0x20000454   Section      128  kservice.o(.bss)
    rt_log_buf                               0x20000454   Data         128  kservice.o(.bss)
    .bss                                     0x200004d4   Section       32  mem.o(.bss)
    heap_sem                                 0x200004d4   Data          32  mem.o(.bss)
    .bss                                     0x200004f4   Section      256  scheduler.o(.bss)
    .bss                                     0x200005f4   Section     6144  board.o(.bss)
    rt_heap                                  0x200005f4   Data        6144  board.o(.bss)
    .bss                                     0x20001df4   Section       96  libspace.o(.bss)
    HEAP                                     0x20001e58   Section      512  startup_stm32f10x_md.o(HEAP)
    Heap_Mem                                 0x20001e58   Data         512  startup_stm32f10x_md.o(HEAP)
    STACK                                    0x20002058   Section     1024  startup_stm32f10x_md.o(STACK)
    Stack_Mem                                0x20002058   Data        1024  startup_stm32f10x_md.o(STACK)
    __initial_sp                             0x20002458   Data           0  startup_stm32f10x_md.o(STACK)

    Global Symbols

    Symbol Name                              Value     Ov Type        Size  Object(Section)

    BuildAttributes$$THM_ISAv4$P$D$K$B$S$PE$A:L22UL41UL21$X:L11$S22US41US21$IEEE1$IW$USESV6$~STKCKD$USESV7$~SHL$OTIME$ROPI$EBA8$UX$STANDARDLIB$REQ8$PRES8$EABIv2 0x00000000   Number         0  anon$$obj.o ABSOLUTE
    __ARM_use_no_argv                        0x00000000   Number         0  mian.o ABSOLUTE
    __ARM_exceptions_init                     - Undefined Weak Reference
    __alloca_initialize                       - Undefined Weak Reference
    __arm_preinit_                            - Undefined Weak Reference
    __cpp_initialize__aeabi_                  - Undefined Weak Reference
    __cxa_finalize                            - Undefined Weak Reference
    __rt_locale                               - Undefined Weak Reference
    __sigvec_lookup                           - Undefined Weak Reference
    __user_heap_extent                        - Undefined Weak Reference
    _atexit_init                              - Undefined Weak Reference
    _call_atexit_fns                          - Undefined Weak Reference
    _clock_init                               - Undefined Weak Reference
    _fp_trap_init                             - Undefined Weak Reference
    _fp_trap_shutdown                         - Undefined Weak Reference
    _get_lc_collate                           - Undefined Weak Reference
    _get_lc_ctype                             - Undefined Weak Reference
    _get_lc_monetary                          - Undefined Weak Reference
    _get_lc_numeric                           - Undefined Weak Reference
    _get_lc_time                              - Undefined Weak Reference
    _getenv_init                              - Undefined Weak Reference
    _handle_redirection                       - Undefined Weak Reference
    _initio                                   - Undefined Weak Reference
    _mutex_acquire                            - Undefined Weak Reference
    _mutex_free                               - Undefined Weak Reference
    _mutex_release                            - Undefined Weak Reference
    _rand_init                                - Undefined Weak Reference
    _signal_finish                            - Undefined Weak Reference
    _signal_init                              - Undefined Weak Reference
    _terminateio                              - Undefined Weak Reference
    __Vectors_Size                           0x000000ec   Number         0  startup_stm32f10x_md.o ABSOLUTE
    __Vectors                                0x08000000   Data           4  startup_stm32f10x_md.o(RESET)
    __Vectors_End                            0x080000ec   Data           0  startup_stm32f10x_md.o(RESET)
    __main                                   0x080000ed   Thumb Code     8  __main.o(!!!main)
    __scatterload                            0x080000f5   Thumb Code     0  __scatter.o(!!!scatter)
    __scatterload_rt2                        0x080000f5   Thumb Code    44  __scatter.o(!!!scatter)
    __scatterload_rt2_thumb_only             0x080000f5   Thumb Code     0  __scatter.o(!!!scatter)
    __scatterload_null                       0x08000103   Thumb Code     0  __scatter.o(!!!scatter)
    __decompress                             0x08000129   Thumb Code    58  __dczerorl.o(!!dczerorl)
    __decompress0                            0x08000129   Thumb Code     0  __dczerorl.o(!!dczerorl)
    __scatterload_zeroinit                   0x08000165   Thumb Code    28  __scatter_zi.o(!!handler_zi)
    __rt_lib_init                            0x08000181   Thumb Code     0  libinit.o(.ARM.Collect$$libinit$$00000000)
    __rt_lib_init_fp_1                       0x08000183   Thumb Code     0  libinit2.o(.ARM.Collect$$libinit$$00000002)
    __rt_lib_init_heap_2                     0x08000183   Thumb Code     0  libinit2.o(.ARM.Collect$$libinit$$00000005)
    __rt_lib_init_preinit_1                  0x08000183   Thumb Code     0  libinit2.o(.ARM.Collect$$libinit$$00000004)
    __rt_lib_init_alloca_1                   0x0800018b   Thumb Code     0  libinit2.o(.ARM.Collect$$libinit$$0000002E)
    __rt_lib_init_argv_1                     0x0800018b   Thumb Code     0  libinit2.o(.ARM.Collect$$libinit$$0000002C)
    __rt_lib_init_atexit_1                   0x0800018b   Thumb Code     0  libinit2.o(.ARM.Collect$$libinit$$0000001B)
    __rt_lib_init_clock_1                    0x0800018b   Thumb Code     0  libinit2.o(.ARM.Collect$$libinit$$00000021)
    __rt_lib_init_cpp_1                      0x0800018b   Thumb Code     0  libinit2.o(.ARM.Collect$$libinit$$00000032)
    __rt_lib_init_exceptions_1               0x0800018b   Thumb Code     0  libinit2.o(.ARM.Collect$$libinit$$00000030)
    __rt_lib_init_fp_trap_1                  0x0800018b   Thumb Code     0  libinit2.o(.ARM.Collect$$libinit$$0000001F)
    __rt_lib_init_getenv_1                   0x0800018b   Thumb Code     0  libinit2.o(.ARM.Collect$$libinit$$00000023)
    __rt_lib_init_heap_1                     0x0800018b   Thumb Code     0  libinit2.o(.ARM.Collect$$libinit$$0000000A)
    __rt_lib_init_lc_collate_1               0x0800018b   Thumb Code     0  libinit2.o(.ARM.Collect$$libinit$$00000011)
    __rt_lib_init_lc_ctype_1                 0x0800018b   Thumb Code     0  libinit2.o(.ARM.Collect$$libinit$$00000013)
    __rt_lib_init_lc_monetary_1              0x0800018b   Thumb Code     0  libinit2.o(.ARM.Collect$$libinit$$00000015)
    __rt_lib_init_lc_numeric_1               0x0800018b   Thumb Code     0  libinit2.o(.ARM.Collect$$libinit$$00000017)
    __rt_lib_init_lc_time_1                  0x0800018b   Thumb Code     0  libinit2.o(.ARM.Collect$$libinit$$00000019)
    __rt_lib_init_rand_1                     0x0800018b   Thumb Code     0  libinit2.o(.ARM.Collect$$libinit$$0000000E)
    __rt_lib_init_return                     0x0800018b   Thumb Code     0  libinit2.o(.ARM.Collect$$libinit$$00000033)
    __rt_lib_init_signal_1                   0x0800018b   Thumb Code     0  libinit2.o(.ARM.Collect$$libinit$$0000001D)
    __rt_lib_init_stdio_1                    0x0800018b   Thumb Code     0  libinit2.o(.ARM.Collect$$libinit$$00000025)
    __rt_lib_init_user_alloc_1               0x0800018b   Thumb Code     0  libinit2.o(.ARM.Collect$$libinit$$0000000C)
    __rt_lib_shutdown                        0x0800018d   Thumb Code     0  libshutdown.o(.ARM.Collect$$libshutdown$$00000000)
    __rt_lib_shutdown_cpp_1                  0x0800018f   Thumb Code     0  libshutdown2.o(.ARM.Collect$$libshutdown$$00000002)
    __rt_lib_shutdown_fp_trap_1              0x0800018f   Thumb Code     0  libshutdown2.o(.ARM.Collect$$libshutdown$$00000007)
    __rt_lib_shutdown_heap_1                 0x0800018f   Thumb Code     0  libshutdown2.o(.ARM.Collect$$libshutdown$$0000000F)
    __rt_lib_shutdown_return                 0x0800018f   Thumb Code     0  libshutdown2.o(.ARM.Collect$$libshutdown$$00000010)
    __rt_lib_shutdown_signal_1               0x0800018f   Thumb Code     0  libshutdown2.o(.ARM.Collect$$libshutdown$$0000000A)
    __rt_lib_shutdown_stdio_1                0x0800018f   Thumb Code     0  libshutdown2.o(.ARM.Collect$$libshutdown$$00000004)
    __rt_lib_shutdown_user_alloc_1           0x0800018f   Thumb Code     0  libshutdown2.o(.ARM.Collect$$libshutdown$$0000000C)
    __rt_entry                               0x08000191   Thumb Code     0  __rtentry.o(.ARM.Collect$$rtentry$$00000000)
    __rt_entry_presh_1                       0x08000191   Thumb Code     0  __rtentry2.o(.ARM.Collect$$rtentry$$00000002)
    __rt_entry_sh                            0x08000191   Thumb Code     0  __rtentry4.o(.ARM.Collect$$rtentry$$00000004)
    __rt_entry_li                            0x08000197   Thumb Code     0  __rtentry2.o(.ARM.Collect$$rtentry$$0000000A)
    __rt_entry_postsh_1                      0x08000197   Thumb Code     0  __rtentry2.o(.ARM.Collect$$rtentry$$00000009)
    __rt_entry_main                          0x0800019b   Thumb Code     0  __rtentry2.o(.ARM.Collect$$rtentry$$0000000D)
    __rt_entry_postli_1                      0x0800019b   Thumb Code     0  __rtentry2.o(.ARM.Collect$$rtentry$$0000000C)
    __rt_exit                                0x080001a3   Thumb Code     0  rtexit.o(.ARM.Collect$$rtexit$$00000000)
    __rt_exit_ls                             0x080001a5   Thumb Code     0  rtexit2.o(.ARM.Collect$$rtexit$$00000003)
    __rt_exit_prels_1                        0x080001a5   Thumb Code     0  rtexit2.o(.ARM.Collect$$rtexit$$00000002)
    __rt_exit_exit                           0x080001a9   Thumb Code     0  rtexit2.o(.ARM.Collect$$rtexit$$00000004)
    Reset_Handler                            0x080001b1   Thumb Code     8  startup_stm32f10x_md.o(.text)
    _maybe_terminate_alloc                   0x080001b1   Thumb Code     0  maybetermalloc1.o(.emb_text)
    NMI_Handler                              0x080001b9   Thumb Code     2  startup_stm32f10x_md.o(.text)
    MemManage_Handler                        0x080001bd   Thumb Code     2  startup_stm32f10x_md.o(.text)
    BusFault_Handler                         0x080001bf   Thumb Code     2  startup_stm32f10x_md.o(.text)
    UsageFault_Handler                       0x080001c1   Thumb Code     2  startup_stm32f10x_md.o(.text)
    SVC_Handler                              0x080001c3   Thumb Code     2  startup_stm32f10x_md.o(.text)
    DebugMon_Handler                         0x080001c5   Thumb Code     2  startup_stm32f10x_md.o(.text)
    ADC1_2_IRQHandler                        0x080001cb   Thumb Code     0  startup_stm32f10x_md.o(.text)
    CAN1_RX1_IRQHandler                      0x080001cb   Thumb Code     0  startup_stm32f10x_md.o(.text)
    CAN1_SCE_IRQHandler                      0x080001cb   Thumb Code     0  startup_stm32f10x_md.o(.text)
    DMA1_Channel1_IRQHandler                 0x080001cb   Thumb Code     0  startup_stm32f10x_md.o(.text)
    DMA1_Channel2_IRQHandler                 0x080001cb   Thumb Code     0  startup_stm32f10x_md.o(.text)
    DMA1_Channel3_IRQHandler                 0x080001cb   Thumb Code     0  startup_stm32f10x_md.o(.text)
    DMA1_Channel4_IRQHandler                 0x080001cb   Thumb Code     0  startup_stm32f10x_md.o(.text)
    DMA1_Channel5_IRQHandler                 0x080001cb   Thumb Code     0  startup_stm32f10x_md.o(.text)
    DMA1_Channel6_IRQHandler                 0x080001cb   Thumb Code     0  startup_stm32f10x_md.o(.text)
    DMA1_Channel7_IRQHandler                 0x080001cb   Thumb Code     0  startup_stm32f10x_md.o(.text)
    EXTI0_IRQHandler                         0x080001cb   Thumb Code     0  startup_stm32f10x_md.o(.text)
    EXTI15_10_IRQHandler                     0x080001cb   Thumb Code     0  startup_stm32f10x_md.o(.text)
    EXTI1_IRQHandler                         0x080001cb   Thumb Code     0  startup_stm32f10x_md.o(.text)
    EXTI2_IRQHandler                         0x080001cb   Thumb Code     0  startup_stm32f10x_md.o(.text)
    EXTI3_IRQHandler                         0x080001cb   Thumb Code     0  startup_stm32f10x_md.o(.text)
    EXTI4_IRQHandler                         0x080001cb   Thumb Code     0  startup_stm32f10x_md.o(.text)
    EXTI9_5_IRQHandler                       0x080001cb   Thumb Code     0  startup_stm32f10x_md.o(.text)
    FLASH_IRQHandler                         0x080001cb   Thumb Code     0  startup_stm32f10x_md.o(.text)
    I2C1_ER_IRQHandler                       0x080001cb   Thumb Code     0  startup_stm32f10x_md.o(.text)
    I2C1_EV_IRQHandler                       0x080001cb   Thumb Code     0  startup_stm32f10x_md.o(.text)
    I2C2_ER_IRQHandler                       0x080001cb   Thumb Code     0  startup_stm32f10x_md.o(.text)
    I2C2_EV_IRQHandler                       0x080001cb   Thumb Code     0  startup_stm32f10x_md.o(.text)
    PVD_IRQHandler                           0x080001cb   Thumb Code     0  startup_stm32f10x_md.o(.text)
    RCC_IRQHandler                           0x080001cb   Thumb Code     0  startup_stm32f10x_md.o(.text)
    RTCAlarm_IRQHandler                      0x080001cb   Thumb Code     0  startup_stm32f10x_md.o(.text)
    RTC_IRQHandler                           0x080001cb   Thumb Code     0  startup_stm32f10x_md.o(.text)
    SPI1_IRQHandler                          0x080001cb   Thumb Code     0  startup_stm32f10x_md.o(.text)
    SPI2_IRQHandler                          0x080001cb   Thumb Code     0  startup_stm32f10x_md.o(.text)
    TAMPER_IRQHandler                        0x080001cb   Thumb Code     0  startup_stm32f10x_md.o(.text)
    TIM1_BRK_IRQHandler                      0x080001cb   Thumb Code     0  startup_stm32f10x_md.o(.text)
    TIM1_CC_IRQHandler                       0x080001cb   Thumb Code     0  startup_stm32f10x_md.o(.text)
    TIM1_TRG_COM_IRQHandler                  0x080001cb   Thumb Code     0  startup_stm32f10x_md.o(.text)
    TIM1_UP_IRQHandler                       0x080001cb   Thumb Code     0  startup_stm32f10x_md.o(.text)
    TIM2_IRQHandler                          0x080001cb   Thumb Code     0  startup_stm32f10x_md.o(.text)
    TIM3_IRQHandler                          0x080001cb   Thumb Code     0  startup_stm32f10x_md.o(.text)
    TIM4_IRQHandler                          0x080001cb   Thumb Code     0  startup_stm32f10x_md.o(.text)
    USBWakeUp_IRQHandler                     0x080001cb   Thumb Code     0  startup_stm32f10x_md.o(.text)
    USB_HP_CAN1_TX_IRQHandler                0x080001cb   Thumb Code     0  startup_stm32f10x_md.o(.text)
    USB_LP_CAN1_RX0_IRQHandler               0x080001cb   Thumb Code     0  startup_stm32f10x_md.o(.text)
    WWDG_IRQHandler                          0x080001cb   Thumb Code     0  startup_stm32f10x_md.o(.text)
    __user_initial_stackheap                 0x080001cd   Thumb Code     0  startup_stm32f10x_md.o(.text)
    rt_hw_interrupt_disable                  0x080001f1   Thumb Code     8  context_rvds.o(.text)
    rt_hw_interrupt_enable                   0x080001f9   Thumb Code     6  context_rvds.o(.text)
    rt_hw_context_switch                     0x080001ff   Thumb Code    32  context_rvds.o(.text)
    rt_hw_context_switch_interrupt           0x080001ff   Thumb Code     0  context_rvds.o(.text)
    PendSV_Handler                           0x0800021f   Thumb Code    60  context_rvds.o(.text)
    rt_hw_context_switch_to                  0x0800025b   Thumb Code    58  context_rvds.o(.text)
    rt_hw_interrupt_thread_switch            0x08000295   Thumb Code     2  context_rvds.o(.text)
    HardFault_Handler                        0x08000297   Thumb Code    52  context_rvds.o(.text)
    malloc                                   0x080002e5   Thumb Code    94  h1_alloc.o(.text)
    free                                     0x08000343   Thumb Code    78  h1_free.o(.text)
    __aeabi_memcpy4                          0x08000391   Thumb Code     0  rt_memcpy_w.o(.text)
    __aeabi_memcpy8                          0x08000391   Thumb Code     0  rt_memcpy_w.o(.text)
    __rt_memcpy_w                            0x08000391   Thumb Code   100  rt_memcpy_w.o(.text)
    _memcpy_lastbytes_aligned                0x080003d9   Thumb Code     0  rt_memcpy_w.o(.text)
    __use_two_region_memory                  0x080003f5   Thumb Code     2  heapauxi.o(.text)
    __rt_heap_escrow                         0x080003f7   Thumb Code     2  heapauxi.o(.text)
    __rt_heap_expand                         0x080003f9   Thumb Code     2  heapauxi.o(.text)
    __rt_heap_descriptor                     0x080003fd   Thumb Code     8  rt_heap_descriptor_intlibspace.o(.text)
    __use_no_heap                            0x08000405   Thumb Code     2  hguard.o(.text)
    __heap$guard                             0x08000407   Thumb Code     2  hguard.o(.text)
    _terminate_user_alloc                    0x08000409   Thumb Code     2  init_alloc.o(.text)
    _init_user_alloc                         0x0800040b   Thumb Code     2  init_alloc.o(.text)
    __Heap_Full                              0x0800040d   Thumb Code    34  init_alloc.o(.text)
    __Heap_Broken                            0x0800042f   Thumb Code     6  init_alloc.o(.text)
    _init_alloc                              0x08000435   Thumb Code    94  init_alloc.o(.text)
    __Heap_Initialize                        0x08000493   Thumb Code    10  h1_init.o(.text)
    __Heap_DescSize                          0x0800049d   Thumb Code     4  h1_init.o(.text)
    __user_libspace                          0x080004a1   Thumb Code     8  libspace.o(.text)
    __user_perproc_libspace                  0x080004a1   Thumb Code     0  libspace.o(.text)
    __user_perthread_libspace                0x080004a1   Thumb Code     0  libspace.o(.text)
    __Heap_ProvideMemory                     0x080004a9   Thumb Code    52  h1_extend.o(.text)
    __rt_SIGRTMEM                            0x080004dd   Thumb Code    14  defsig_rtmem_outer.o(.text)
    __I$use$semihosting                      0x080004eb   Thumb Code     0  use_no_semi.o(.text)
    __use_no_semihosting_swi                 0x080004eb   Thumb Code     2  use_no_semi.o(.text)
    __semihosting_library_function           0x080004ed   Thumb Code     0  indicate_semi.o(.text)
    __user_setup_stackheap                   0x080004ed   Thumb Code    74  sys_stackheap_outer.o(.text)
    exit                                     0x08000537   Thumb Code    18  exit.o(.text)
    __sig_exit                               0x08000549   Thumb Code    10  defsig_exit.o(.text)
    __rt_SIGRTMEM_inner                      0x08000555   Thumb Code    22  defsig_rtmem_inner.o(.text)
    _sys_exit                                0x080005a5   Thumb Code     8  sys_exit.o(.text)
    __default_signal_display                 0x080005b1   Thumb Code    50  defsig_general.o(.text)
    _ttywrch                                 0x080005e3   Thumb Code    14  sys_wrch.o(.text)
    main                                     0x080005f1   Thumb Code    14  components.o(i.$Sub$$main)
    CharToLong                               0x080005ff   Thumb Code    18  jy901.o(i.CharToLong)
    CopeSerialData                           0x08000611   Thumb Code  2014  jy901.o(i.CopeSerialData)
    PcTx_Byte                                0x08000e31   Thumb Code    22  usart1.o(i.PcTx_Byte)
    ReadCount                                0x08000e4d   Thumb Code   158  hx711.o(i.ReadCount)
    SysTick_Handler                          0x08000fe5   Thumb Code    16  board.o(i.SysTick_Handler)
    SystemCoreClockUpdate                    0x08000ff5   Thumb Code   142  system_stm32f10x.o(i.SystemCoreClockUpdate)
    SystemInit                               0x08001099   Thumb Code    78  system_stm32f10x.o(i.SystemInit)
    USART1_IRQHandler                        0x080010f9   Thumb Code    36  usart1.o(i.USART1_IRQHandler)
    USART2_IRQHandler                        0x08001121   Thumb Code    36  usart2.o(i.USART2_IRQHandler)
    USART3_IRQHandler                        0x08001149   Thumb Code    36  usart3.o(i.USART3_IRQHandler)
    __rt_ffs                                 0x080011a1   Thumb Code    70  kservice.o(i.__rt_ffs)
    cope3                                    0x080012f5   Thumb Code    56  usart3.o(i.cope3)
    findFirstChar                            0x0800133d   Thumb Code    28  xnumx.o(i.findFirstChar)
    findLastChar                             0x08001359   Thumb Code    36  xnumx.o(i.findLastChar)
    $Super$$main                             0x0800137d   Thumb Code    86  mian.o(i.main)
    main_thread_entry                        0x08001449   Thumb Code    14  components.o(i.main_thread_entry)
    read_hx711                               0x08001669   Thumb Code    88  thread_mw.o(i.read_hx711)
    rt_application_init                      0x080016dd   Thumb Code    34  components.o(i.rt_application_init)
    rt_components_board_init                 0x0800170d   Thumb Code    20  components.o(i.rt_components_board_init)
    rt_components_init                       0x08001729   Thumb Code    20  components.o(i.rt_components_init)
    rt_enter_critical                        0x08001745   Thumb Code    28  scheduler.o(i.rt_enter_critical)
    rt_exit_critical                         0x08001765   Thumb Code    54  scheduler.o(i.rt_exit_critical)
    rt_free                                  0x080017a1   Thumb Code   128  mem.o(i.rt_free)
    rt_heap_begin_get                        0x08001881   Thumb Code     4  board.o(i.rt_heap_begin_get)
    rt_heap_end_get                          0x08001889   Thumb Code     4  board.o(i.rt_heap_end_get)
    rt_hw_board_init                         0x08001891   Thumb Code    72  board.o(i.rt_hw_board_init)
    rt_hw_console_output                     0x080018dd   Thumb Code    22  board.o(i.rt_hw_console_output)
    rt_hw_hard_fault_exception               0x080018f5   Thumb Code   190  cpuport.o(i.rt_hw_hard_fault_exception)
    rt_hw_stack_init                         0x08001af5   Thumb Code    70  cpuport.o(i.rt_hw_stack_init)
    rt_interrupt_enter                       0x08001b41   Thumb Code    26  irq.o(i.rt_interrupt_enter)
    rt_interrupt_leave                       0x08001b61   Thumb Code    26  irq.o(i.rt_interrupt_leave)
    rt_kprintf                               0x08001bfd   Thumb Code    44  kservice.o(i.rt_kprintf)
    rt_malloc                                0x08001cb5   Thumb Code   336  mem.o(i.rt_malloc)
    rt_memset                                0x08001e21   Thumb Code    72  kservice.o(i.rt_memset)
    rt_object_allocate                       0x08001e69   Thumb Code    84  object.o(i.rt_object_allocate)
    rt_object_delete                         0x08001ebd   Thumb Code    36  object.o(i.rt_object_delete)
    rt_object_detach                         0x08001ee1   Thumb Code    30  object.o(i.rt_object_detach)
    rt_object_get_information                0x08001f01   Thumb Code    36  object.o(i.rt_object_get_information)
    rt_object_init                           0x08001f29   Thumb Code    60  object.o(i.rt_object_init)
    rt_object_is_systemobject                0x08001f65   Thumb Code    18  object.o(i.rt_object_is_systemobject)
    rt_schedule                              0x08001f79   Thumb Code   118  scheduler.o(i.rt_schedule)
    rt_schedule_insert_thread                0x08002009   Thumb Code    72  scheduler.o(i.rt_schedule_insert_thread)
    rt_schedule_remove_thread                0x08002059   Thumb Code    76  scheduler.o(i.rt_schedule_remove_thread)
    rt_sem_init                              0x080020ad   Thumb Code    38  ipc.o(i.rt_sem_init)
    rt_sem_release                           0x080020d3   Thumb Code    70  ipc.o(i.rt_sem_release)
    rt_sem_take                              0x08002119   Thumb Code   116  ipc.o(i.rt_sem_take)
    rt_show_version                          0x0800218d   Thumb Code    38  kservice.o(i.rt_show_version)
    rt_strlen                                0x0800223d   Thumb Code    18  kservice.o(i.rt_strlen)
    rt_strncpy                               0x0800224f   Thumb Code    52  kservice.o(i.rt_strncpy)
    rt_system_heap_init                      0x08002285   Thumb Code   160  mem.o(i.rt_system_heap_init)
    rt_system_scheduler_init                 0x0800237d   Thumb Code    52  scheduler.o(i.rt_system_scheduler_init)
    rt_system_scheduler_start                0x080023c9   Thumb Code    36  scheduler.o(i.rt_system_scheduler_start)
    rt_system_timer_init                     0x080023f9   Thumb Code    24  timer.o(i.rt_system_timer_init)
    rt_system_timer_thread_init              0x08002415   Thumb Code     2  timer.o(i.rt_system_timer_thread_init)
    rt_thread_create                         0x08002417   Thumb Code    80  thread.o(i.rt_thread_create)
    rt_thread_delay                          0x08002467   Thumb Code    12  thread.o(i.rt_thread_delay)
    rt_thread_exit                           0x08002475   Thumb Code    76  thread.o(i.rt_thread_exit)
    rt_thread_idle_excute                    0x080024d1   Thumb Code   128  idle.o(i.rt_thread_idle_excute)
    rt_thread_idle_init                      0x08002555   Thumb Code    38  idle.o(i.rt_thread_idle_init)
    rt_thread_init                           0x08002591   Thumb Code    52  thread.o(i.rt_thread_init)
    rt_thread_resume                         0x080025c5   Thumb Code    60  thread.o(i.rt_thread_resume)
    rt_thread_self                           0x08002601   Thumb Code     6  thread.o(i.rt_thread_self)
    rt_thread_sleep                          0x0800260d   Thumb Code    62  thread.o(i.rt_thread_sleep)
    rt_thread_startup                        0x08002651   Thumb Code    44  thread.o(i.rt_thread_startup)
    rt_thread_suspend                        0x0800267d   Thumb Code    68  thread.o(i.rt_thread_suspend)
    rt_thread_timeout                        0x080026c1   Thumb Code    32  thread.o(i.rt_thread_timeout)
    rt_thread_yield                          0x080026e1   Thumb Code    92  thread.o(i.rt_thread_yield)
    rt_tick_get                              0x08002745   Thumb Code     6  clock.o(i.rt_tick_get)
    rt_tick_increase                         0x08002751   Thumb Code    42  clock.o(i.rt_tick_increase)
    rt_timer_check                           0x08002781   Thumb Code   118  timer.o(i.rt_timer_check)
    rt_timer_control                         0x080027fd   Thumb Code    56  timer.o(i.rt_timer_control)
    rt_timer_detach                          0x08002835   Thumb Code    32  timer.o(i.rt_timer_detach)
    rt_timer_init                            0x08002855   Thumb Code    46  timer.o(i.rt_timer_init)
    rt_timer_start                           0x08002885   Thumb Code   238  timer.o(i.rt_timer_start)
    rt_timer_stop                            0x0800297d   Thumb Code    48  timer.o(i.rt_timer_stop)
    rt_vsnprintf                             0x080029ad   Thumb Code   800  kservice.o(i.rt_vsnprintf)
    rtthread_startup                         0x08002ce5   Thumb Code    42  components.o(i.rtthread_startup)
    sendData                                 0x08002d11   Thumb Code    18  thread_mw.o(i.sendData)
    usart2_init                              0x08002d55   Thumb Code   392  usart2.o(i.usart2_init)
    usart3_init                              0x08002ef5   Thumb Code   394  usart3.o(i.usart3_init)
    usart_init                               0x08003099   Thumb Code   394  usart1.o(i.usart_init)
    xnumx                                    0x0800323d   Thumb Code   378  xnumx.o(i.xnumx)
    __aeabi_d2f                              0x080033bd   Thumb Code     0  d2f.o(x$fpl$d2f)
    _d2f                                     0x080033bd   Thumb Code    98  d2f.o(x$fpl$d2f)
    __aeabi_dadd                             0x08003421   Thumb Code     0  daddsub_clz.o(x$fpl$dadd)
    _dadd                                    0x08003421   Thumb Code   332  daddsub_clz.o(x$fpl$dadd)
    __aeabi_ddiv                             0x08003571   Thumb Code     0  ddiv.o(x$fpl$ddiv)
    _ddiv                                    0x08003571   Thumb Code   552  ddiv.o(x$fpl$ddiv)
    __aeabi_i2d                              0x08003821   Thumb Code     0  dflt_clz.o(x$fpl$dflt)
    _dflt                                    0x08003821   Thumb Code    46  dflt_clz.o(x$fpl$dflt)
    __aeabi_ui2d                             0x0800384f   Thumb Code     0  dflt_clz.o(x$fpl$dfltu)
    _dfltu                                   0x0800384f   Thumb Code    38  dflt_clz.o(x$fpl$dfltu)
    __aeabi_dmul                             0x08003875   Thumb Code     0  dmul.o(x$fpl$dmul)
    _dmul                                    0x08003875   Thumb Code   332  dmul.o(x$fpl$dmul)
    __fpl_dnaninf                            0x080039c9   Thumb Code   156  dnaninf.o(x$fpl$dnaninf)
    __fpl_dretinf                            0x08003a65   Thumb Code    12  dretinf.o(x$fpl$dretinf)
    __aeabi_dsub                             0x08003a71   Thumb Code     0  daddsub_clz.o(x$fpl$dsub)
    _dsub                                    0x08003a71   Thumb Code   464  daddsub_clz.o(x$fpl$dsub)
    __aeabi_f2d                              0x08003c45   Thumb Code     0  f2d.o(x$fpl$f2d)
    _f2d                                     0x08003c45   Thumb Code    86  f2d.o(x$fpl$f2d)
    __aeabi_fadd                             0x08003c9d   Thumb Code     0  faddsub_clz.o(x$fpl$fadd)
    _fadd                                    0x08003c9d   Thumb Code   196  faddsub_clz.o(x$fpl$fadd)
    __aeabi_fdiv                             0x08003d61   Thumb Code     0  fdiv.o(x$fpl$fdiv)
    _fdiv                                    0x08003d61   Thumb Code   384  fdiv.o(x$fpl$fdiv)
    __aeabi_f2uiz                            0x08003ee5   Thumb Code     0  ffixu.o(x$fpl$ffixu)
    _ffixu                                   0x08003ee5   Thumb Code    62  ffixu.o(x$fpl$ffixu)
    __aeabi_i2f                              0x08003f25   Thumb Code     0  fflt_clz.o(x$fpl$fflt)
    _fflt                                    0x08003f25   Thumb Code    48  fflt_clz.o(x$fpl$fflt)
    __aeabi_ui2f                             0x08003f55   Thumb Code     0  fflt_clz.o(x$fpl$ffltu)
    _ffltu                                   0x08003f55   Thumb Code    38  fflt_clz.o(x$fpl$ffltu)
    __aeabi_fmul                             0x08003f7d   Thumb Code     0  fmul.o(x$fpl$fmul)
    _fmul                                    0x08003f7d   Thumb Code   258  fmul.o(x$fpl$fmul)
    __fpl_fnaninf                            0x0800407f   Thumb Code   140  fnaninf.o(x$fpl$fnaninf)
    __fpl_fretinf                            0x0800410b   Thumb Code    10  fretinf.o(x$fpl$fretinf)
    __aeabi_frsub                            0x08004115   Thumb Code     0  faddsub_clz.o(x$fpl$frsb)
    _frsb                                    0x08004115   Thumb Code    20  faddsub_clz.o(x$fpl$frsb)
    __aeabi_fsub                             0x08004129   Thumb Code     0  faddsub_clz.o(x$fpl$fsub)
    _fsub                                    0x08004129   Thumb Code   234  faddsub_clz.o(x$fpl$fsub)
    __I$use$fp                               0x08004212   Number         0  usenofp.o(x$fpl$usenofp)
    __lowest_bit_bitmap                      0x0800423c   Data         256  kservice.o(.constdata)
    __rt_init_rti_start                      0x08004360   Data           4  components.o(.rti_fn.0)
    __rt_init_rti_board_start                0x08004364   Data           4  components.o(.rti_fn.0.end)
    __rt_init_rti_board_end                  0x08004368   Data           4  components.o(.rti_fn.1.end)
    __rt_init_rti_end                        0x0800436c   Data           4  components.o(.rti_fn.6.end)
    Region$$Table$$Base                      0x08004370   Number         0  anon$$obj.o(Region$$Table)
    Region$$Table$$Limit                     0x08004390   Number         0  anon$$obj.o(Region$$Table)
    stcTime                                  0x20000000   Data           8  jy901.o(.data)
    stcAcc                                   0x20000008   Data           8  jy901.o(.data)
    stcGyro                                  0x20000010   Data           8  jy901.o(.data)
    stcAngle                                 0x20000018   Data           8  jy901.o(.data)
    stcMag                                   0x20000020   Data           8  jy901.o(.data)
    stcDStatus                               0x20000028   Data           8  jy901.o(.data)
    stcPress                                 0x20000030   Data           8  jy901.o(.data)
    stcLonLat                                0x20000038   Data           8  jy901.o(.data)
    stcGPSV                                  0x20000040   Data           8  jy901.o(.data)
    tid1                                     0x20000058   Data           4  mian.o(.data)
    tid2                                     0x2000005c   Data           4  mian.o(.data)
    tid3                                     0x20000060   Data           4  mian.o(.data)
    tid_time                                 0x20000064   Data           4  mian.o(.data)
    s1                                       0x20000068   Data          10  thread_mw.o(.data)
    s3                                       0x20000072   Data          10  thread_mw.o(.data)
    hx711_num                                0x2000007c   Data           4  thread_mw.o(.data)
    hx711_N                                  0x20000080   Data           4  thread_mw.o(.data)
    SystemCoreClock                          0x20000088   Data           4  system_stm32f10x.o(.data)
    AHBPrescTable                            0x2000008c   Data          16  system_stm32f10x.o(.data)
    rt_interrupt_from_thread                 0x2000009c   Data           4  cpuport.o(.data)
    rt_interrupt_to_thread                   0x200000a0   Data           4  cpuport.o(.data)
    rt_thread_switch_interrupt_flag          0x200000a4   Data           4  cpuport.o(.data)
    rt_interrupt_nest                        0x200000b0   Data           1  irq.o(.data)
    rt_current_thread                        0x20000110   Data           4  scheduler.o(.data)
    rt_current_priority                      0x20000114   Data           1  scheduler.o(.data)
    rt_thread_ready_priority_group           0x20000118   Data           4  scheduler.o(.data)
    rt_thread_defunct                        0x2000011c   Data           8  scheduler.o(.data)
    usart1_m                                 0x20000140   Data          80  thread_mw.o(.bss)
    stcIMU                                   0x20000190   Data          36  thread_mw.o(.bss)
    stcIMU_history                           0x200001b4   Data         108  thread_mw.o(.bss)
    usart3_m                                 0x20000220   Data          80  thread_mw.o(.bss)
    rt_thread_priority_table                 0x200004f4   Data         256  scheduler.o(.bss)
    __libspace_start                         0x20001df4   Data          96  libspace.o(.bss)
    __temporary_stack_top$libspace           0x20001e54   Data           0  libspace.o(.bss)



==============================================================================

Memory Map of the image

  Image Entry point : 0x080000ed

  Load Region LR_IROM1 (Base: 0x08000000, Size: 0x000044c0, Max: 0x00010000, ABSOLUTE, COMPRESSED[0x000043ec])

    Execution Region ER_IROM1 (Exec base: 0x08000000, Load base: 0x08000000, Size: 0x00004390, Max: 0x00010000, ABSOLUTE)

    Exec Addr    Load Addr    Size         Type   Attr      Idx    E Section Name        Object

    0x08000000   0x08000000   0x000000ec   Data   RO          479    RESET               startup_stm32f10x_md.o
    0x080000ec   0x080000ec   0x00000008   Code   RO         1609  * !!!main             c_w.l(__main.o)
    0x080000f4   0x080000f4   0x00000034   Code   RO         1865    !!!scatter          c_w.l(__scatter.o)
    0x08000128   0x08000128   0x0000003a   Code   RO         1863    !!dczerorl          c_w.l(__dczerorl.o)
    0x08000162   0x08000162   0x00000002   PAD
    0x08000164   0x08000164   0x0000001c   Code   RO         1867    !!handler_zi        c_w.l(__scatter_zi.o)
    0x08000180   0x08000180   0x00000002   Code   RO         1802    .ARM.Collect$$libinit$$00000000  c_w.l(libinit.o)
    0x08000182   0x08000182   0x00000000   Code   RO         1686    .ARM.Collect$$libinit$$00000002  c_w.l(libinit2.o)
    0x08000182   0x08000182   0x00000000   Code   RO         1688    .ARM.Collect$$libinit$$00000004  c_w.l(libinit2.o)
    0x08000182   0x08000182   0x00000008   Code   RO         1689    .ARM.Collect$$libinit$$00000005  c_w.l(libinit2.o)
    0x0800018a   0x0800018a   0x00000000   Code   RO         1691    .ARM.Collect$$libinit$$0000000A  c_w.l(libinit2.o)
    0x0800018a   0x0800018a   0x00000000   Code   RO         1693    .ARM.Collect$$libinit$$0000000C  c_w.l(libinit2.o)
    0x0800018a   0x0800018a   0x00000000   Code   RO         1695    .ARM.Collect$$libinit$$0000000E  c_w.l(libinit2.o)
    0x0800018a   0x0800018a   0x00000000   Code   RO         1698    .ARM.Collect$$libinit$$00000011  c_w.l(libinit2.o)
    0x0800018a   0x0800018a   0x00000000   Code   RO         1700    .ARM.Collect$$libinit$$00000013  c_w.l(libinit2.o)
    0x0800018a   0x0800018a   0x00000000   Code   RO         1702    .ARM.Collect$$libinit$$00000015  c_w.l(libinit2.o)
    0x0800018a   0x0800018a   0x00000000   Code   RO         1704    .ARM.Collect$$libinit$$00000017  c_w.l(libinit2.o)
    0x0800018a   0x0800018a   0x00000000   Code   RO         1706    .ARM.Collect$$libinit$$00000019  c_w.l(libinit2.o)
    0x0800018a   0x0800018a   0x00000000   Code   RO         1708    .ARM.Collect$$libinit$$0000001B  c_w.l(libinit2.o)
    0x0800018a   0x0800018a   0x00000000   Code   RO         1710    .ARM.Collect$$libinit$$0000001D  c_w.l(libinit2.o)
    0x0800018a   0x0800018a   0x00000000   Code   RO         1712    .ARM.Collect$$libinit$$0000001F  c_w.l(libinit2.o)
    0x0800018a   0x0800018a   0x00000000   Code   RO         1714    .ARM.Collect$$libinit$$00000021  c_w.l(libinit2.o)
    0x0800018a   0x0800018a   0x00000000   Code   RO         1716    .ARM.Collect$$libinit$$00000023  c_w.l(libinit2.o)
    0x0800018a   0x0800018a   0x00000000   Code   RO         1718    .ARM.Collect$$libinit$$00000025  c_w.l(libinit2.o)
    0x0800018a   0x0800018a   0x00000000   Code   RO         1722    .ARM.Collect$$libinit$$0000002C  c_w.l(libinit2.o)
    0x0800018a   0x0800018a   0x00000000   Code   RO         1724    .ARM.Collect$$libinit$$0000002E  c_w.l(libinit2.o)
    0x0800018a   0x0800018a   0x00000000   Code   RO         1726    .ARM.Collect$$libinit$$00000030  c_w.l(libinit2.o)
    0x0800018a   0x0800018a   0x00000000   Code   RO         1728    .ARM.Collect$$libinit$$00000032  c_w.l(libinit2.o)
    0x0800018a   0x0800018a   0x00000002   Code   RO         1729    .ARM.Collect$$libinit$$00000033  c_w.l(libinit2.o)
    0x0800018c   0x0800018c   0x00000002   Code   RO         1860    .ARM.Collect$$libshutdown$$00000000  c_w.l(libshutdown.o)
    0x0800018e   0x0800018e   0x00000000   Code   RO         1816    .ARM.Collect$$libshutdown$$00000002  c_w.l(libshutdown2.o)
    0x0800018e   0x0800018e   0x00000000   Code   RO         1818    .ARM.Collect$$libshutdown$$00000004  c_w.l(libshutdown2.o)
    0x0800018e   0x0800018e   0x00000000   Code   RO         1821    .ARM.Collect$$libshutdown$$00000007  c_w.l(libshutdown2.o)
    0x0800018e   0x0800018e   0x00000000   Code   RO         1824    .ARM.Collect$$libshutdown$$0000000A  c_w.l(libshutdown2.o)
    0x0800018e   0x0800018e   0x00000000   Code   RO         1826    .ARM.Collect$$libshutdown$$0000000C  c_w.l(libshutdown2.o)
    0x0800018e   0x0800018e   0x00000000   Code   RO         1829    .ARM.Collect$$libshutdown$$0000000F  c_w.l(libshutdown2.o)
    0x0800018e   0x0800018e   0x00000002   Code   RO         1830    .ARM.Collect$$libshutdown$$00000010  c_w.l(libshutdown2.o)
    0x08000190   0x08000190   0x00000000   Code   RO         1657    .ARM.Collect$$rtentry$$00000000  c_w.l(__rtentry.o)
    0x08000190   0x08000190   0x00000000   Code   RO         1745    .ARM.Collect$$rtentry$$00000002  c_w.l(__rtentry2.o)
    0x08000190   0x08000190   0x00000006   Code   RO         1757    .ARM.Collect$$rtentry$$00000004  c_w.l(__rtentry4.o)
    0x08000196   0x08000196   0x00000000   Code   RO         1747    .ARM.Collect$$rtentry$$00000009  c_w.l(__rtentry2.o)
    0x08000196   0x08000196   0x00000004   Code   RO         1748    .ARM.Collect$$rtentry$$0000000A  c_w.l(__rtentry2.o)
    0x0800019a   0x0800019a   0x00000000   Code   RO         1750    .ARM.Collect$$rtentry$$0000000C  c_w.l(__rtentry2.o)
    0x0800019a   0x0800019a   0x00000008   Code   RO         1751    .ARM.Collect$$rtentry$$0000000D  c_w.l(__rtentry2.o)
    0x080001a2   0x080001a2   0x00000002   Code   RO         1805    .ARM.Collect$$rtexit$$00000000  c_w.l(rtexit.o)
    0x080001a4   0x080001a4   0x00000000   Code   RO         1834    .ARM.Collect$$rtexit$$00000002  c_w.l(rtexit2.o)
    0x080001a4   0x080001a4   0x00000004   Code   RO         1835    .ARM.Collect$$rtexit$$00000003  c_w.l(rtexit2.o)
    0x080001a8   0x080001a8   0x00000006   Code   RO         1836    .ARM.Collect$$rtexit$$00000004  c_w.l(rtexit2.o)
    0x080001ae   0x080001ae   0x00000002   PAD
    0x080001b0   0x080001b0   0x00000000   Code   RO         1761    .emb_text           c_w.l(maybetermalloc1.o)
    0x080001b0   0x080001b0   0x00000040   Code   RO          480    .text               startup_stm32f10x_md.o
    0x080001f0   0x080001f0   0x000000f4   Code   RO          530    .text               context_rvds.o
    0x080002e4   0x080002e4   0x0000005e   Code   RO         1547    .text               c_w.l(h1_alloc.o)
    0x08000342   0x08000342   0x0000004e   Code   RO         1549    .text               c_w.l(h1_free.o)
    0x08000390   0x08000390   0x00000064   Code   RO         1605    .text               c_w.l(rt_memcpy_w.o)
    0x080003f4   0x080003f4   0x00000006   Code   RO         1607    .text               c_w.l(heapauxi.o)
    0x080003fa   0x080003fa   0x00000002   PAD
    0x080003fc   0x080003fc   0x00000008   Code   RO         1661    .text               c_w.l(rt_heap_descriptor_intlibspace.o)
    0x08000404   0x08000404   0x00000004   Code   RO         1663    .text               c_w.l(hguard.o)
    0x08000408   0x08000408   0x0000008a   Code   RO         1665    .text               c_w.l(init_alloc.o)
    0x08000492   0x08000492   0x0000000e   Code   RO         1669    .text               c_w.l(h1_init.o)
    0x080004a0   0x080004a0   0x00000008   Code   RO         1741    .text               c_w.l(libspace.o)
    0x080004a8   0x080004a8   0x00000034   Code   RO         1763    .text               c_w.l(h1_extend.o)
    0x080004dc   0x080004dc   0x0000000e   Code   RO         1767    .text               c_w.l(defsig_rtmem_outer.o)
    0x080004ea   0x080004ea   0x00000002   Code   RO         1778    .text               c_w.l(use_no_semi.o)
    0x080004ec   0x080004ec   0x00000000   Code   RO         1780    .text               c_w.l(indicate_semi.o)
    0x080004ec   0x080004ec   0x0000004a   Code   RO         1781    .text               c_w.l(sys_stackheap_outer.o)
    0x08000536   0x08000536   0x00000012   Code   RO         1787    .text               c_w.l(exit.o)
    0x08000548   0x08000548   0x0000000a   Code   RO         1789    .text               c_w.l(defsig_exit.o)
    0x08000552   0x08000552   0x00000002   PAD
    0x08000554   0x08000554   0x00000050   Code   RO         1791    .text               c_w.l(defsig_rtmem_inner.o)
    0x080005a4   0x080005a4   0x0000000c   Code   RO         1803    .text               c_w.l(sys_exit.o)
    0x080005b0   0x080005b0   0x00000032   Code   RO         1813    .text               c_w.l(defsig_general.o)
    0x080005e2   0x080005e2   0x0000000e   Code   RO         1831    .text               c_w.l(sys_wrch.o)
    0x080005f0   0x080005f0   0x0000000e   Code   RO          620    i.$Sub$$main        components.o
    0x080005fe   0x080005fe   0x00000012   Code   RO            4    i.CharToLong        jy901.o
    0x08000610   0x08000610   0x00000820   Code   RO            5    i.CopeSerialData    jy901.o
    0x08000e30   0x08000e30   0x0000001c   Code   RO          254    i.PcTx_Byte         usart1.o
    0x08000e4c   0x08000e4c   0x000000b0   Code   RO          456    i.ReadCount         hx711.o
    0x08000efc   0x08000efc   0x00000008   Code   RO          487    i.SetSysClock       system_stm32f10x.o
    0x08000f04   0x08000f04   0x000000e0   Code   RO          488    i.SetSysClockTo72   system_stm32f10x.o
    0x08000fe4   0x08000fe4   0x00000010   Code   RO         1485    i.SysTick_Handler   board.o
    0x08000ff4   0x08000ff4   0x000000a4   Code   RO          489    i.SystemCoreClockUpdate  system_stm32f10x.o
    0x08001098   0x08001098   0x00000060   Code   RO          490    i.SystemInit        system_stm32f10x.o
    0x080010f8   0x080010f8   0x00000028   Code   RO          256    i.USART1_IRQHandler  usart1.o
    0x08001120   0x08001120   0x00000028   Code   RO          310    i.USART2_IRQHandler  usart2.o
    0x08001148   0x08001148   0x00000028   Code   RO          352    i.USART3_IRQHandler  usart3.o
    0x08001170   0x08001170   0x00000030   Code   RO         1486    i._SysTick_Config   board.o
    0x080011a0   0x080011a0   0x0000004c   Code   RO          885    i.__rt_ffs          kservice.o
    0x080011ec   0x080011ec   0x00000014   Code   RO          694    i._has_defunct_thread  idle.o
    0x08001200   0x08001200   0x00000084   Code   RO         1254    i._rt_thread_init   thread.o
    0x08001284   0x08001284   0x00000042   Code   RO         1375    i._rt_timer_init    timer.o
    0x080012c6   0x080012c6   0x0000002e   Code   RO         1376    i._rt_timer_remove  timer.o
    0x080012f4   0x080012f4   0x00000048   Code   RO          353    i.cope3             usart3.o
    0x0800133c   0x0800133c   0x0000001c   Code   RO          406    i.findFirstChar     xnumx.o
    0x08001358   0x08001358   0x00000024   Code   RO          407    i.findLastChar      xnumx.o
    0x0800137c   0x0800137c   0x000000cc   Code   RO          166    i.main              mian.o
    0x08001448   0x08001448   0x0000000e   Code   RO          621    i.main_thread_entry  components.o
    0x08001456   0x08001456   0x00000002   PAD
    0x08001458   0x08001458   0x00000078   Code   RO         1062    i.plug_holes        mem.o
    0x080014d0   0x080014d0   0x00000198   Code   RO          887    i.print_number      kservice.o
    0x08001668   0x08001668   0x00000074   Code   RO          211    i.read_hx711        thread_mw.o
    0x080016dc   0x080016dc   0x00000030   Code   RO          622    i.rt_application_init  components.o
    0x0800170c   0x0800170c   0x0000001c   Code   RO          623    i.rt_components_board_init  components.o
    0x08001728   0x08001728   0x0000001c   Code   RO          624    i.rt_components_init  components.o
    0x08001744   0x08001744   0x00000020   Code   RO         1188    i.rt_enter_critical  scheduler.o
    0x08001764   0x08001764   0x0000003c   Code   RO         1189    i.rt_exit_critical  scheduler.o
    0x080017a0   0x080017a0   0x000000e0   Code   RO         1064    i.rt_free           mem.o
    0x08001880   0x08001880   0x00000008   Code   RO         1487    i.rt_heap_begin_get  board.o
    0x08001888   0x08001888   0x00000008   Code   RO         1488    i.rt_heap_end_get   board.o
    0x08001890   0x08001890   0x0000004c   Code   RO         1489    i.rt_hw_board_init  board.o
    0x080018dc   0x080018dc   0x00000016   Code   RO         1490    i.rt_hw_console_output  board.o
    0x080018f2   0x080018f2   0x00000002   PAD
    0x080018f4   0x080018f4   0x00000200   Code   RO          537    i.rt_hw_hard_fault_exception  cpuport.o
    0x08001af4   0x08001af4   0x0000004c   Code   RO          538    i.rt_hw_stack_init  cpuport.o
    0x08001b40   0x08001b40   0x00000020   Code   RO          858    i.rt_interrupt_enter  irq.o
    0x08001b60   0x08001b60   0x00000020   Code   RO          860    i.rt_interrupt_leave  irq.o
    0x08001b80   0x08001b80   0x0000006c   Code   RO          742    i.rt_ipc_list_suspend  ipc.o
    0x08001bec   0x08001bec   0x00000010   Code   RO          743    i.rt_ipc_object_init  ipc.o
    0x08001bfc   0x08001bfc   0x00000030   Code   RO          891    i.rt_kprintf        kservice.o
    0x08001c2c   0x08001c2c   0x00000006   Code   RO         1190    i.rt_list_init      scheduler.o
    0x08001c32   0x08001c32   0x00000006   Code   RO         1377    i.rt_list_init      timer.o
    0x08001c38   0x08001c38   0x0000000e   Code   RO         1112    i.rt_list_insert_after  object.o
    0x08001c46   0x08001c46   0x0000000e   Code   RO         1255    i.rt_list_insert_after  thread.o
    0x08001c54   0x08001c54   0x0000000e   Code   RO         1378    i.rt_list_insert_after  timer.o
    0x08001c62   0x08001c62   0x0000000e   Code   RO          744    i.rt_list_insert_before  ipc.o
    0x08001c70   0x08001c70   0x00000010   Code   RO          745    i.rt_list_isempty   ipc.o
    0x08001c80   0x08001c80   0x00000010   Code   RO         1379    i.rt_list_isempty   timer.o
    0x08001c90   0x08001c90   0x00000012   Code   RO         1113    i.rt_list_remove    object.o
    0x08001ca2   0x08001ca2   0x00000012   Code   RO         1256    i.rt_list_remove    thread.o
    0x08001cb4   0x08001cb4   0x0000016c   Code   RO         1065    i.rt_malloc         mem.o
    0x08001e20   0x08001e20   0x00000048   Code   RO          897    i.rt_memset         kservice.o
    0x08001e68   0x08001e68   0x00000054   Code   RO         1114    i.rt_object_allocate  object.o
    0x08001ebc   0x08001ebc   0x00000024   Code   RO         1115    i.rt_object_delete  object.o
    0x08001ee0   0x08001ee0   0x0000001e   Code   RO         1116    i.rt_object_detach  object.o
    0x08001efe   0x08001efe   0x00000002   PAD
    0x08001f00   0x08001f00   0x00000028   Code   RO         1118    i.rt_object_get_information  object.o
    0x08001f28   0x08001f28   0x0000003c   Code   RO         1120    i.rt_object_init    object.o
    0x08001f64   0x08001f64   0x00000012   Code   RO         1121    i.rt_object_is_systemobject  object.o
    0x08001f76   0x08001f76   0x00000002   PAD
    0x08001f78   0x08001f78   0x00000090   Code   RO         1191    i.rt_schedule       scheduler.o
    0x08002008   0x08002008   0x00000050   Code   RO         1192    i.rt_schedule_insert_thread  scheduler.o
    0x08002058   0x08002058   0x00000054   Code   RO         1193    i.rt_schedule_remove_thread  scheduler.o
    0x080020ac   0x080020ac   0x00000026   Code   RO          750    i.rt_sem_init       ipc.o
    0x080020d2   0x080020d2   0x00000046   Code   RO          751    i.rt_sem_release    ipc.o
    0x08002118   0x08002118   0x00000074   Code   RO          752    i.rt_sem_take       ipc.o
    0x0800218c   0x0800218c   0x000000b0   Code   RO          899    i.rt_show_version   kservice.o
    0x0800223c   0x0800223c   0x00000012   Code   RO          905    i.rt_strlen         kservice.o
    0x0800224e   0x0800224e   0x00000034   Code   RO          907    i.rt_strncpy        kservice.o
    0x08002282   0x08002282   0x00000002   PAD
    0x08002284   0x08002284   0x000000f8   Code   RO         1068    i.rt_system_heap_init  mem.o
    0x0800237c   0x0800237c   0x0000004c   Code   RO         1194    i.rt_system_scheduler_init  scheduler.o
    0x080023c8   0x080023c8   0x00000030   Code   RO         1195    i.rt_system_scheduler_start  scheduler.o
    0x080023f8   0x080023f8   0x0000001c   Code   RO         1380    i.rt_system_timer_init  timer.o
    0x08002414   0x08002414   0x00000002   Code   RO         1381    i.rt_system_timer_thread_init  timer.o
    0x08002416   0x08002416   0x00000050   Code   RO         1258    i.rt_thread_create  thread.o
    0x08002466   0x08002466   0x0000000c   Code   RO         1259    i.rt_thread_delay   thread.o
    0x08002472   0x08002472   0x00000002   PAD
    0x08002474   0x08002474   0x00000054   Code   RO         1262    i.rt_thread_exit    thread.o
    0x080024c8   0x080024c8   0x00000008   Code   RO          695    i.rt_thread_idle_entry  idle.o
    0x080024d0   0x080024d0   0x00000084   Code   RO          696    i.rt_thread_idle_excute  idle.o
    0x08002554   0x08002554   0x0000003c   Code   RO          698    i.rt_thread_idle_init  idle.o
    0x08002590   0x08002590   0x00000034   Code   RO         1264    i.rt_thread_init    thread.o
    0x080025c4   0x080025c4   0x0000003c   Code   RO         1266    i.rt_thread_resume  thread.o
    0x08002600   0x08002600   0x0000000c   Code   RO         1267    i.rt_thread_self    thread.o
    0x0800260c   0x0800260c   0x00000044   Code   RO         1268    i.rt_thread_sleep   thread.o
    0x08002650   0x08002650   0x0000002c   Code   RO         1269    i.rt_thread_startup  thread.o
    0x0800267c   0x0800267c   0x00000044   Code   RO         1270    i.rt_thread_suspend  thread.o
    0x080026c0   0x080026c0   0x00000020   Code   RO         1271    i.rt_thread_timeout  thread.o
    0x080026e0   0x080026e0   0x00000064   Code   RO         1272    i.rt_thread_yield   thread.o
    0x08002744   0x08002744   0x0000000c   Code   RO          581    i.rt_tick_get       clock.o
    0x08002750   0x08002750   0x00000030   Code   RO          582    i.rt_tick_increase  clock.o
    0x08002780   0x08002780   0x0000007c   Code   RO         1382    i.rt_timer_check    timer.o
    0x080027fc   0x080027fc   0x00000038   Code   RO         1383    i.rt_timer_control  timer.o
    0x08002834   0x08002834   0x00000020   Code   RO         1386    i.rt_timer_detach   timer.o
    0x08002854   0x08002854   0x0000002e   Code   RO         1387    i.rt_timer_init     timer.o
    0x08002882   0x08002882   0x00000002   PAD
    0x08002884   0x08002884   0x000000f8   Code   RO         1390    i.rt_timer_start    timer.o
    0x0800297c   0x0800297c   0x00000030   Code   RO         1391    i.rt_timer_stop     timer.o
    0x080029ac   0x080029ac   0x00000328   Code   RO          910    i.rt_vsnprintf      kservice.o
    0x08002cd4   0x08002cd4   0x00000004   Code   RO          625    i.rti_board_end     components.o
    0x08002cd8   0x08002cd8   0x00000004   Code   RO          626    i.rti_board_start   components.o
    0x08002cdc   0x08002cdc   0x00000004   Code   RO          627    i.rti_end           components.o
    0x08002ce0   0x08002ce0   0x00000004   Code   RO          628    i.rti_start         components.o
    0x08002ce4   0x08002ce4   0x0000002a   Code   RO          629    i.rtthread_startup  components.o
    0x08002d0e   0x08002d0e   0x00000002   PAD
    0x08002d10   0x08002d10   0x0000001c   Code   RO          212    i.sendData          thread_mw.o
    0x08002d2c   0x08002d2c   0x00000026   Code   RO          912    i.skip_atoi         kservice.o
    0x08002d52   0x08002d52   0x00000002   PAD
    0x08002d54   0x08002d54   0x000001a0   Code   RO          311    i.usart2_init       usart2.o
    0x08002ef4   0x08002ef4   0x000001a4   Code   RO          354    i.usart3_init       usart3.o
    0x08003098   0x08003098   0x000001a4   Code   RO          258    i.usart_init        usart1.o
    0x0800323c   0x0800323c   0x00000180   Code   RO          408    i.xnumx             xnumx.o
    0x080033bc   0x080033bc   0x00000062   Code   RO         1611    x$fpl$d2f           fz_ws.l(d2f.o)
    0x0800341e   0x0800341e   0x00000002   PAD
    0x08003420   0x08003420   0x00000150   Code   RO         1613    x$fpl$dadd          fz_ws.l(daddsub_clz.o)
    0x08003570   0x08003570   0x000002b0   Code   RO         1620    x$fpl$ddiv          fz_ws.l(ddiv.o)
    0x08003820   0x08003820   0x0000002e   Code   RO         1624    x$fpl$dflt          fz_ws.l(dflt_clz.o)
    0x0800384e   0x0800384e   0x00000026   Code   RO         1623    x$fpl$dfltu         fz_ws.l(dflt_clz.o)
    0x08003874   0x08003874   0x00000154   Code   RO         1629    x$fpl$dmul          fz_ws.l(dmul.o)
    0x080039c8   0x080039c8   0x0000009c   Code   RO         1730    x$fpl$dnaninf       fz_ws.l(dnaninf.o)
    0x08003a64   0x08003a64   0x0000000c   Code   RO         1732    x$fpl$dretinf       fz_ws.l(dretinf.o)
    0x08003a70   0x08003a70   0x000001d4   Code   RO         1615    x$fpl$dsub          fz_ws.l(daddsub_clz.o)
    0x08003c44   0x08003c44   0x00000056   Code   RO         1631    x$fpl$f2d           fz_ws.l(f2d.o)
    0x08003c9a   0x08003c9a   0x00000002   PAD
    0x08003c9c   0x08003c9c   0x000000c4   Code   RO         1633    x$fpl$fadd          fz_ws.l(faddsub_clz.o)
    0x08003d60   0x08003d60   0x00000184   Code   RO         1640    x$fpl$fdiv          fz_ws.l(fdiv.o)
    0x08003ee4   0x08003ee4   0x0000003e   Code   RO         1643    x$fpl$ffixu         fz_ws.l(ffixu.o)
    0x08003f22   0x08003f22   0x00000002   PAD
    0x08003f24   0x08003f24   0x00000030   Code   RO         1648    x$fpl$fflt          fz_ws.l(fflt_clz.o)
    0x08003f54   0x08003f54   0x00000026   Code   RO         1647    x$fpl$ffltu         fz_ws.l(fflt_clz.o)
    0x08003f7a   0x08003f7a   0x00000002   PAD
    0x08003f7c   0x08003f7c   0x00000102   Code   RO         1653    x$fpl$fmul          fz_ws.l(fmul.o)
    0x0800407e   0x0800407e   0x0000008c   Code   RO         1734    x$fpl$fnaninf       fz_ws.l(fnaninf.o)
    0x0800410a   0x0800410a   0x0000000a   Code   RO         1736    x$fpl$fretinf       fz_ws.l(fretinf.o)
    0x08004114   0x08004114   0x00000014   Code   RO         1634    x$fpl$frsb          fz_ws.l(faddsub_clz.o)
    0x08004128   0x08004128   0x000000ea   Code   RO         1635    x$fpl$fsub          fz_ws.l(faddsub_clz.o)
    0x08004212   0x08004212   0x00000000   Code   RO         1738    x$fpl$usenofp       fz_ws.l(usenofp.o)
    0x08004212   0x08004212   0x00000002   PAD
    0x08004214   0x08004214   0x00000028   Data   RO          409    .constdata          xnumx.o
    0x0800423c   0x0800423c   0x00000122   Data   RO          914    .constdata          kservice.o
    0x0800435e   0x0800435e   0x00000002   PAD
    0x08004360   0x08004360   0x00000004   Data   RO          630    .rti_fn.0           components.o
    0x08004364   0x08004364   0x00000004   Data   RO          631    .rti_fn.0.end       components.o
    0x08004368   0x08004368   0x00000004   Data   RO          632    .rti_fn.1.end       components.o
    0x0800436c   0x0800436c   0x00000004   Data   RO          633    .rti_fn.6.end       components.o
    0x08004370   0x08004370   0x00000020   Data   RO         1861    Region$$Table       anon$$obj.o


    Execution Region RW_IRAM1 (Exec base: 0x20000000, Load base: 0x08004390, Size: 0x00002458, Max: 0x00005000, ABSOLUTE, COMPRESSED[0x0000005c])

    Exec Addr    Load Addr    Size         Type   Attr      Idx    E Section Name        Object

    0x20000000   COMPRESSED   0x00000058   Data   RW            9    .data               jy901.o
    0x20000058   COMPRESSED   0x00000010   Data   RW          167    .data               mian.o
    0x20000068   COMPRESSED   0x0000001c   Data   RW          215    .data               thread_mw.o
    0x20000084   COMPRESSED   0x00000001   Data   RW          357    .data               usart3.o
    0x20000085   COMPRESSED   0x00000003   PAD
    0x20000088   COMPRESSED   0x00000014   Data   RW          491    .data               system_stm32f10x.o
    0x2000009c   COMPRESSED   0x00000010   Data   RW          539    .data               cpuport.o
    0x200000ac   COMPRESSED   0x00000004   Data   RW          584    .data               clock.o
    0x200000b0   COMPRESSED   0x00000001   Data   RW          861    .data               irq.o
    0x200000b1   COMPRESSED   0x00000003   PAD
    0x200000b4   COMPRESSED   0x00000018   Data   RW         1070    .data               mem.o
    0x200000cc   COMPRESSED   0x00000040   Data   RW         1123    .data               object.o
    0x2000010c   COMPRESSED   0x00000018   Data   RW         1197    .data               scheduler.o
    0x20000124   COMPRESSED   0x0000000c   Data   RW         1392    .data               timer.o
    0x20000130        -       0x0000000c   Zero   RW            8    .bss                jy901.o
    0x2000013c   COMPRESSED   0x00000004   PAD
    0x20000140        -       0x00000130   Zero   RW          214    .bss                thread_mw.o
    0x20000270        -       0x00000064   Zero   RW          356    .bss                usart3.o
    0x200002d4        -       0x00000180   Zero   RW          699    .bss                idle.o
    0x20000454        -       0x00000080   Zero   RW          913    .bss                kservice.o
    0x200004d4        -       0x00000020   Zero   RW         1069    .bss                mem.o
    0x200004f4        -       0x00000100   Zero   RW         1196    .bss                scheduler.o
    0x200005f4        -       0x00001800   Zero   RW         1491    .bss                board.o
    0x20001df4        -       0x00000060   Zero   RW         1742    .bss                c_w.l(libspace.o)
    0x20001e54   COMPRESSED   0x00000004   PAD
    0x20001e58        -       0x00000200   Zero   RW          478    HEAP                startup_stm32f10x_md.o
    0x20002058        -       0x00000400   Zero   RW          477    STACK               startup_stm32f10x_md.o


==============================================================================

Image component sizes


      Code (inc. data)   RO Data    RW Data    ZI Data      Debug   Object Name

       178         16          0          0       6144       3662   board.o
        60         12          0          4          0       1129   clock.o
       190         30         16          0          0       5776   components.o
       244         26          0          0          0        832   context_rvds.o
       588        328          0         16          0       3354   cpuport.o
       176         18          0          0          0        672   hx711.o
       220         30          0          0        384       5582   idle.o
       378          0          0          0          0       7525   ipc.o
        64         12          0          1          0       1630   irq.o
      2098        128          0         88         12     215909   jy901.o
      1696        164        290          0        128       8744   kservice.o
       956        224          0         24         32       3920   mem.o
       204        118          0         16          0       2808   mian.o
       300          4          0         64          0       8116   object.o
       530         88          0         24        256       8446   scheduler.o
        64         26        236          0       1536        812   startup_stm32f10x_md.o
       492         50          0         20          0       2993   system_stm32f10x.o
       776         36          0          0          0      11659   thread.o
       144         38          0         28        304       1854   thread_mw.o
       732         20          0         12          0      11032   timer.o
       488         36          0          0          0      27240   usart1.o
       456         28          0          0          0       1578   usart2.o
       532         46          0          1        100       2110   usart3.o
       448          6         40          0          0       2711   xnumx.o

    ----------------------------------------------------------------------
     12032       1484        616        304       8900     340094   Object Totals
         0          0         32          0          0          0   (incl. Generated)
        18          0          2          6          4          0   (incl. Padding)

    ----------------------------------------------------------------------

      Code (inc. data)   RO Data    RW Data    ZI Data      Debug   Library Member Name

        58          0          0          0          0          0   __dczerorl.o
         8          0          0          0          0         68   __main.o
         0          0          0          0          0          0   __rtentry.o
        12          0          0          0          0          0   __rtentry2.o
         6          0          0          0          0          0   __rtentry4.o
        52          8          0          0          0          0   __scatter.o
        28          0          0          0          0          0   __scatter_zi.o
        10          0          0          0          0         68   defsig_exit.o
        50          0          0          0          0         88   defsig_general.o
        80         58          0          0          0         76   defsig_rtmem_inner.o
        14          0          0          0          0         80   defsig_rtmem_outer.o
        18          0          0          0          0         80   exit.o
        94          0          0          0          0         80   h1_alloc.o
        52          0          0          0          0         68   h1_extend.o
        78          0          0          0          0         80   h1_free.o
        14          0          0          0          0         84   h1_init.o
         6          0          0          0          0        152   heapauxi.o
         4          0          0          0          0        136   hguard.o
         0          0          0          0          0          0   indicate_semi.o
       138          0          0          0          0        168   init_alloc.o
         2          0          0          0          0          0   libinit.o
        10          0          0          0          0          0   libinit2.o
         2          0          0          0          0          0   libshutdown.o
         2          0          0          0          0          0   libshutdown2.o
         8          4          0          0         96         68   libspace.o
         0          0          0          0          0          0   maybetermalloc1.o
         8          4          0          0          0         68   rt_heap_descriptor_intlibspace.o
       100          0          0          0          0         80   rt_memcpy_w.o
         2          0          0          0          0          0   rtexit.o
        10          0          0          0          0          0   rtexit2.o
        12          4          0          0          0         68   sys_exit.o
        74          0          0          0          0         80   sys_stackheap_outer.o
        14          0          0          0          0         76   sys_wrch.o
         2          0          0          0          0         68   use_no_semi.o
        98          4          0          0          0         92   d2f.o
       804         16          0          0          0        272   daddsub_clz.o
       688        140          0          0          0        208   ddiv.o
        84          0          0          0          0        136   dflt_clz.o
       340         12          0          0          0        104   dmul.o
       156          4          0          0          0         92   dnaninf.o
        12          0          0          0          0         68   dretinf.o
        86          4          0          0          0         84   f2d.o
       450          8          0          0          0        236   faddsub_clz.o
       388         76          0          0          0         96   fdiv.o
        62          4          0          0          0         84   ffixu.o
        86          0          0          0          0        136   fflt_clz.o
       258          4          0          0          0         84   fmul.o
       140          4          0          0          0         84   fnaninf.o
        10          0          0          0          0         68   fretinf.o
         0          0          0          0          0          0   usenofp.o

    ----------------------------------------------------------------------
      4648        354          0          0        100       3580   Library Totals
        18          0          0          0          4          0   (incl. Padding)

    ----------------------------------------------------------------------

      Code (inc. data)   RO Data    RW Data    ZI Data      Debug   Library Name

       968         78          0          0         96       1736   c_w.l
      3662        276          0          0          0       1844   fz_ws.l

    ----------------------------------------------------------------------
      4648        354          0          0        100       3580   Library Totals

    ----------------------------------------------------------------------

==============================================================================


      Code (inc. data)   RO Data    RW Data    ZI Data      Debug   

     16680       1838        616        304       9000     336234   Grand Totals
     16680       1838        616         92       9000     336234   ELF Image Totals (compressed)
     16680       1838        616         92          0          0   ROM Totals

==============================================================================

    Total RO  Size (Code + RO Data)                17296 (  16.89kB)
    Total RW  Size (RW Data + ZI Data)              9304 (   9.09kB)
    Total ROM Size (Code + RO Data + RW Data)      17388 (  16.98kB)

==============================================================================

