Component: ARM Compiler 5.06 update 5 (build 528) Tool: armlink [4d35e2]

==============================================================================

Section Cross References

    main.o(i.main) refers to sys.o(i.Stm32_Clock_Init) for Stm32_Clock_Init
    main.o(i.main) refers to delay.o(i.delay_init) for delay_init
    main.o(i.main) refers to usart.o(i.uart_init) for uart_init
    main.o(i.main) refers to usart2.o(i.uart2_init) for uart2_init
    main.o(i.main) refers to usart3.o(i.uart3_init) for uart3_init
    main.o(i.main) refers to pwm.o(i.TIM1_PWM_Init) for TIM1_PWM_Init
    main.o(i.main) refers to control.o(i.GPIO_Init) for GPIO_Init
    main.o(i.main) refers to exti.o(i.EXTIX_Init) for EXTIX_Init
    main.o(i.main) refers to adc.o(i.Adc_Init) for Adc_Init
    main.o(i.main) refers to control.o(i.send_to_pc2) for send_to_pc2
    main.o(i.main) refers to control.o(i.control_stop) for control_stop
    main.o(i.main) refers to delay.o(i.delay_ms) for delay_ms
    main.o(i.main) refers to control.o(i.control_motor_front) for control_motor_front
    main.o(i.main) refers to control.o(i.control_motor_back2) for control_motor_back2
    main.o(i.main) refers to usart2.o(.data) for res2
    main.o(i.main) refers to usart3.o(.data) for res3
    control.o(i.Emergency_stop) refers to control.o(i.control_stop) for control_stop
    control.o(i.Emergency_stop) refers to control.o(.data) for urg_flag
    control.o(i.GPIO_Init) refers to sys.o(i.GPIO_Set) for GPIO_Set
    control.o(i.GPIO_Init) refers to control.o(i.GPIO_Initial_State) for GPIO_Initial_State
    control.o(i.GPIO_Initial_State) refers to sys.o(i.GPIO_Pin_Set) for GPIO_Pin_Set
    control.o(i.GPIO_Initial_State) refers to control.o(i.front_motor) for front_motor
    control.o(i.GPIO_Initial_State) refers to control.o(i.back_motor) for back_motor
    control.o(i.back_motor) refers to sys.o(i.GPIO_Pin_Set) for GPIO_Pin_Set
    control.o(i.control_led2) refers to sys.o(i.GPIO_Pin_Set) for GPIO_Pin_Set
    control.o(i.control_led2) refers to usart2.o(.data) for res2
    control.o(i.control_led3) refers to sys.o(i.GPIO_Pin_Set) for GPIO_Pin_Set
    control.o(i.control_led3) refers to usart3.o(.data) for res3
    control.o(i.control_motor_back) refers to control.o(i.back_motor) for back_motor
    control.o(i.control_motor_back) refers to usart2.o(.data) for res2
    control.o(i.control_motor_back) refers to usart3.o(.data) for res3
    control.o(i.control_motor_back2) refers to control.o(i.back_motor) for back_motor
    control.o(i.control_motor_back2) refers to usart2.o(.data) for res2
    control.o(i.control_motor_back2) refers to usart3.o(.data) for res3
    control.o(i.control_motor_front) refers to control.o(i.front_motor) for front_motor
    control.o(i.control_motor_front) refers to usart2.o(.data) for res2
    control.o(i.control_motor_front) refers to usart3.o(.data) for res3
    control.o(i.control_motor_front2) refers to control.o(i.front_motor) for front_motor
    control.o(i.control_motor_front2) refers to usart2.o(.data) for res2
    control.o(i.control_motor_front2) refers to usart3.o(.data) for res3
    control.o(i.control_stop) refers to sys.o(i.GPIO_Pin_Set) for GPIO_Pin_Set
    control.o(i.control_stop) refers to control.o(i.front_motor) for front_motor
    control.o(i.control_stop) refers to control.o(i.back_motor) for back_motor
    control.o(i.front_motor) refers to sys.o(i.GPIO_Pin_Set) for GPIO_Pin_Set
    control.o(i.send_to_pc) refers to usart.o(i.PcTx_Byte) for PcTx_Byte
    control.o(i.send_to_pc) refers to usart2.o(.data) for res2
    control.o(i.send_to_pc) refers to usart3.o(.data) for res3
    control.o(i.send_to_pc2) refers to _printf_percent.o(.ARM.Collect$$_printf_percent$$00000000) for _printf_percent
    control.o(i.send_to_pc2) refers to _printf_f.o(.ARM.Collect$$_printf_percent$$00000003) for _printf_f
    control.o(i.send_to_pc2) refers to printf1.o(x$fpl$printf1) for _printf_fp_dec
    control.o(i.send_to_pc2) refers to adc.o(i.Get_Adc) for Get_Adc
    control.o(i.send_to_pc2) refers to noretval__2printf.o(.text) for __2printf
    delay.o(i.delay_init) refers to delay.o(.data) for fac_us
    delay.o(i.delay_ms) refers to delay.o(i.delay_xms) for delay_xms
    delay.o(i.delay_us) refers to delay.o(.data) for fac_us
    delay.o(i.delay_xms) refers to delay.o(.data) for fac_ms
    sys.o(i.Cache_Enable) refers to sys.o(i.SCB_EnableICache) for SCB_EnableICache
    sys.o(i.Cache_Enable) refers to sys.o(i.SCB_EnableDCache) for SCB_EnableDCache
    sys.o(i.MY_NVIC_Init) refers to sys.o(i.MY_NVIC_PriorityGroupConfig) for MY_NVIC_PriorityGroupConfig
    sys.o(i.Stm32_Clock_Init) refers to sys.o(i.Cache_Enable) for Cache_Enable
    sys.o(i.Stm32_Clock_Init) refers to sys.o(i.Sys_Clock_Set) for Sys_Clock_Set
    sys.o(i.Stm32_Clock_Init) refers to sys.o(i.MY_NVIC_SetVectorTable) for MY_NVIC_SetVectorTable
    sys.o(i.Sys_Standby) refers to sys.o(i.WFI_SET) for WFI_SET
[...]
    bigflt0.o(.text) refers to btod.o(CL$$btod_ediv) for _btod_ediv
    bigflt0.o(.text) refers to bigflt0.o(.constdata) for .constdata
    bigflt0.o(.constdata) refers (Special) to usenofp.o(x$fpl$usenofp) for __I$use$fp
    btod.o(CL$$btod_d2e) refers (Special) to usenofp.o(x$fpl$usenofp) for __I$use$fp
    btod.o(CL$$btod_d2e) refers to btod.o(CL$$btod_d2e_norm_op1) for _d2e_norm_op1
    btod.o(CL$$btod_d2e_norm_op1) refers (Special) to usenofp.o(x$fpl$usenofp) for __I$use$fp
    btod.o(CL$$btod_d2e_norm_op1) refers to btod.o(CL$$btod_d2e_denorm_low) for _d2e_denorm_low
    btod.o(CL$$btod_d2e_denorm_low) refers (Special) to usenofp.o(x$fpl$usenofp) for __I$use$fp
    btod.o(CL$$btod_emul) refers (Special) to usenofp.o(x$fpl$usenofp) for __I$use$fp
    btod.o(CL$$btod_emul) refers to btod.o(CL$$btod_mult_common) for __btod_mult_common
    btod.o(CL$$btod_emul) refers to btod.o(CL$$btod_e2e) for _e2e
    btod.o(CL$$btod_ediv) refers (Special) to usenofp.o(x$fpl$usenofp) for __I$use$fp
    btod.o(CL$$btod_ediv) refers to btod.o(CL$$btod_div_common) for __btod_div_common
    btod.o(CL$$btod_ediv) refers to btod.o(CL$$btod_e2e) for _e2e
    btod.o(CL$$btod_emuld) refers (Special) to usenofp.o(x$fpl$usenofp) for __I$use$fp
    btod.o(CL$$btod_emuld) refers to btod.o(CL$$btod_mult_common) for __btod_mult_common
    btod.o(CL$$btod_emuld) refers to btod.o(CL$$btod_e2d) for _e2d
    btod.o(CL$$btod_edivd) refers (Special) to usenofp.o(x$fpl$usenofp) for __I$use$fp
    btod.o(CL$$btod_edivd) refers to btod.o(CL$$btod_div_common) for __btod_div_common
    btod.o(CL$$btod_edivd) refers to btod.o(CL$$btod_e2d) for _e2d
    btod.o(CL$$btod_e2e) refers (Special) to usenofp.o(x$fpl$usenofp) for __I$use$fp
    btod.o(CL$$btod_e2d) refers (Special) to usenofp.o(x$fpl$usenofp) for __I$use$fp
    btod.o(CL$$btod_e2d) refers to btod.o(CL$$btod_e2e) for _e2e
    btod.o(CL$$btod_mult_common) refers (Special) to usenofp.o(x$fpl$usenofp) for __I$use$fp
    btod.o(CL$$btod_div_common) refers (Special) to usenofp.o(x$fpl$usenofp) for __I$use$fp
    lc_numeric_c.o(locale$$data) refers (Special) to libinit2.o(.ARM.Collect$$libinit$$00000016) for __rt_lib_init_lc_numeric_2
    lc_numeric_c.o(locale$$code) refers (Special) to libinit2.o(.ARM.Collect$$libinit$$00000016) for __rt_lib_init_lc_numeric_2
    lc_numeric_c.o(locale$$code) refers to strcmpv7m_pel.o(.text) for strcmp
    lc_numeric_c.o(locale$$code) refers to lc_numeric_c.o(locale$$data) for __lcnum_c_name
    istatus.o(x$fpl$ieeestatus) refers (Special) to usenofp.o(x$fpl$usenofp) for __I$use$fp
    fpclassify.o(i.__ARM_fpclassify) refers (Special) to usenofp.o(x$fpl$usenofp) for __I$use$fp
    libspace.o(.text) refers to libspace.o(.bss) for __libspace_start
    sys_stackheap_outer.o(.text) refers to libspace.o(.text) for __user_perproc_libspace
    sys_stackheap_outer.o(.text) refers to startup_stm32f767xx.o(.text) for __user_initial_stackheap
    exit.o(.text) refers to rtexit.o(.ARM.Collect$$rtexit$$00000000) for __rt_exit
    libinit.o(.ARM.Collect$$libinit$$00000000) refers (Special) to libinit2.o(.ARM.Collect$$libinit$$0000002E) for __rt_lib_init_alloca_1
    libinit.o(.ARM.Collect$$libinit$$00000000) refers (Special) to libinit2.o(.ARM.Collect$$libinit$$0000002C) for __rt_lib_init_argv_1
    libinit.o(.ARM.Collect$$libinit$$00000000) refers (Special) to libinit2.o(.ARM.Collect$$libinit$$0000001B) for __rt_lib_init_atexit_1
    libinit.o(.ARM.Collect$$libinit$$00000000) refers (Special) to libinit2.o(.ARM.Collect$$libinit$$00000021) for __rt_lib_init_clock_1
    libinit.o(.ARM.Collect$$libinit$$00000000) refers (Special) to libinit2.o(.ARM.Collect$$libinit$$00000032) for __rt_lib_init_cpp_1
    libinit.o(.ARM.Collect$$libinit$$00000000) refers (Special) to libinit2.o(.ARM.Collect$$libinit$$00000030) for __rt_lib_init_exceptions_1
    libinit.o(.ARM.Collect$$libinit$$00000000) refers (Special) to libinit2.o(.ARM.Collect$$libinit$$00000001) for __rt_lib_init_fp_1
    libinit.o(.ARM.Collect$$libinit$$00000000) refers (Special) to libinit2.o(.ARM.Collect$$libinit$$0000001F) for __rt_lib_init_fp_trap_1
    libinit.o(.ARM.Collect$$libinit$$00000000) refers (Special) to libinit2.o(.ARM.Collect$$libinit$$00000023) for __rt_lib_init_getenv_1
    libinit.o(.ARM.Collect$$libinit$$00000000) refers (Special) to libinit2.o(.ARM.Collect$$libinit$$0000000A) for __rt_lib_init_heap_1
    libinit.o(.ARM.Collect$$libinit$$00000000) refers (Special) to libinit2.o(.ARM.Collect$$libinit$$00000011) for __rt_lib_init_lc_collate_1
    libinit.o(.ARM.Collect$$libinit$$00000000) refers (Special) to libinit2.o(.ARM.Collect$$libinit$$00000013) for __rt_lib_init_lc_ctype_1
    libinit.o(.ARM.Collect$$libinit$$00000000) refers (Special) to libinit2.o(.ARM.Collect$$libinit$$00000015) for __rt_lib_init_lc_monetary_1
    libinit.o(.ARM.Collect$$libinit$$00000000) refers (Special) to libinit2.o(.ARM.Collect$$libinit$$00000017) for __rt_lib_init_lc_numeric_1
    libinit.o(.ARM.Collect$$libinit$$00000000) refers (Special) to libinit2.o(.ARM.Collect$$libinit$$00000019) for __rt_lib_init_lc_time_1
    libinit.o(.ARM.Collect$$libinit$$00000000) refers (Special) to libinit2.o(.ARM.Collect$$libinit$$00000004) for __rt_lib_init_preinit_1
    libinit.o(.ARM.Collect$$libinit$$00000000) refers (Special) to libinit2.o(.ARM.Collect$$libinit$$0000000E) for __rt_lib_init_rand_1
    libinit.o(.ARM.Collect$$libinit$$00000000) refers (Special) to libinit2.o(.ARM.Collect$$libinit$$00000033) for __rt_lib_init_return
    libinit.o(.ARM.Collect$$libinit$$00000000) refers (Special) to libinit2.o(.ARM.Collect$$libinit$$0000001D) for __rt_lib_init_signal_1
    libinit.o(.ARM.Collect$$libinit$$00000000) refers (Special) to libinit2.o(.ARM.Collect$$libinit$$00000025) for __rt_lib_init_stdio_1
    libinit.o(.ARM.Collect$$libinit$$00000000) refers (Special) to libinit2.o(.ARM.Collect$$libinit$$0000000C) for __rt_lib_init_user_alloc_1
    libinit2.o(.ARM.Collect$$libinit$$00000001) refers to fpinit.o(x$fpl$fpinit) for _fp_init
    libinit2.o(.ARM.Collect$$libinit$$0000000F) refers (Weak) to rt_locale_intlibspace.o(.text) for __rt_locale
    libinit2.o(.ARM.Collect$$libinit$$00000010) refers to libinit2.o(.ARM.Collect$$libinit$$0000000F) for .ARM.Collect$$libinit$$0000000F
    libinit2.o(.ARM.Collect$$libinit$$00000012) refers to libinit2.o(.ARM.Collect$$libinit$$0000000F) for .ARM.Collect$$libinit$$0000000F
    libinit2.o(.ARM.Collect$$libinit$$00000014) refers to libinit2.o(.ARM.Collect$$libinit$$0000000F) for .ARM.Collect$$libinit$$0000000F
    libinit2.o(.ARM.Collect$$libinit$$00000016) refers to libinit2.o(.ARM.Collect$$libinit$$0000000F) for .ARM.Collect$$libinit$$0000000F
    libinit2.o(.ARM.Collect$$libinit$$00000016) refers (Weak) to lc_numeric_c.o(locale$$code) for _get_lc_numeric
    libinit2.o(.ARM.Collect$$libinit$$00000018) refers to libinit2.o(.ARM.Collect$$libinit$$0000000F) for .ARM.Collect$$libinit$$0000000F
    libinit2.o(.ARM.Collect$$libinit$$00000026) refers to argv_veneer.o(.emb_text) for __ARM_argv_veneer
    libinit2.o(.ARM.Collect$$libinit$$00000027) refers to argv_veneer.o(.emb_text) for __ARM_argv_veneer
    rtexit.o(.ARM.Collect$$rtexit$$00000000) refers (Special) to rtexit2.o(.ARM.Collect$$rtexit$$00000004) for __rt_exit_exit
    rtexit.o(.ARM.Collect$$rtexit$$00000000) refers (Special) to rtexit2.o(.ARM.Collect$$rtexit$$00000003) for __rt_exit_ls
    rtexit.o(.ARM.Collect$$rtexit$$00000000) refers (Special) to rtexit2.o(.ARM.Collect$$rtexit$$00000002) for __rt_exit_prels_1
    rtexit.o(.ARM.exidx) refers (Special) to rtexit2.o(.ARM.Collect$$rtexit$$00000004) for __rt_exit_exit
    rtexit.o(.ARM.exidx) refers (Special) to rtexit2.o(.ARM.Collect$$rtexit$$00000003) for __rt_exit_ls
    rtexit.o(.ARM.exidx) refers (Special) to rtexit2.o(.ARM.Collect$$rtexit$$00000002) for __rt_exit_prels_1
    rtexit.o(.ARM.exidx) refers to rtexit.o(.ARM.Collect$$rtexit$$00000000) for .ARM.Collect$$rtexit$$00000000
    argv_veneer.o(.emb_text) refers to no_argv.o(.text) for __ARM_get_argv
    rtexit2.o(.ARM.Collect$$rtexit$$00000003) refers to libshutdown.o(.ARM.Collect$$libshutdown$$00000000) for __rt_lib_shutdown
    rtexit2.o(.ARM.Collect$$rtexit$$00000004) refers to usart.o(i._sys_exit) for _sys_exit
    rtexit2.o(.ARM.exidx) refers to rtexit2.o(.ARM.Collect$$rtexit$$00000001) for .ARM.Collect$$rtexit$$00000001
    rtexit2.o(.ARM.exidx) refers to rtexit2.o(.ARM.Collect$$rtexit$$00000003) for .ARM.Collect$$rtexit$$00000003
    rtexit2.o(.ARM.exidx) refers to rtexit2.o(.ARM.Collect$$rtexit$$00000004) for .ARM.Collect$$rtexit$$00000004
    _get_argv_nomalloc.o(.text) refers (Special) to hrguard.o(.text) for __heap_region$guard
    _get_argv_nomalloc.o(.text) refers to defsig_rtmem_outer.o(.text) for __rt_SIGRTMEM
    _get_argv_nomalloc.o(.text) refers to sys_command.o(.text) for _sys_command_string
    sys_command.o(.text) refers (Special) to use_no_semi.o(.text) for __I$use$semihosting
    sys_command.o(.text) refers (Special) to indicate_semi.o(.text) for __semihosting_library_function
    defsig_rtmem_outer.o(.text) refers to defsig_rtmem_inner.o(.text) for __rt_SIGRTMEM_inner
    defsig_rtmem_outer.o(.text) refers to defsig_exit.o(.text) for __sig_exit
    defsig_rtmem_formal.o(.text) refers to rt_raise.o(.text) for __rt_raise
    libshutdown.o(.ARM.Collect$$libshutdown$$00000000) refers (Special) to libshutdown2.o(.ARM.Collect$$libshutdown$$00000002) for __rt_lib_shutdown_cpp_1
    libshutdown.o(.ARM.Collect$$libshutdown$$00000000) refers (Special) to libshutdown2.o(.ARM.Collect$$libshutdown$$00000007) for __rt_lib_shutdown_fp_trap_1
    libshutdown.o(.ARM.Collect$$libshutdown$$00000000) refers (Special) to libshutdown2.o(.ARM.Collect$$libshutdown$$0000000F) for __rt_lib_shutdown_heap_1
    libshutdown.o(.ARM.Collect$$libshutdown$$00000000) refers (Special) to libshutdown2.o(.ARM.Collect$$libshutdown$$00000010) for __rt_lib_shutdown_return
    libshutdown.o(.ARM.Collect$$libshutdown$$00000000) refers (Special) to libshutdown2.o(.ARM.Collect$$libshutdown$$0000000A) for __rt_lib_shutdown_signal_1
    libshutdown.o(.ARM.Collect$$libshutdown$$00000000) refers (Special) to libshutdown2.o(.ARM.Collect$$libshutdown$$00000004) for __rt_lib_shutdown_stdio_1
    libshutdown.o(.ARM.Collect$$libshutdown$$00000000) refers (Special) to libshutdown2.o(.ARM.Collect$$libshutdown$$0000000C) for __rt_lib_shutdown_user_alloc_1
    rt_raise.o(.text) refers to __raise.o(.text) for __raise
    rt_raise.o(.text) refers to usart.o(i._sys_exit) for _sys_exit
    defsig_exit.o(.text) refers to usart.o(i._sys_exit) for _sys_exit
    defsig_rtmem_inner.o(.text) refers to defsig_general.o(.text) for __default_signal_display
    __raise.o(.text) refers to defsig.o(CL$$defsig) for __default_signal_handler
    defsig_general.o(.text) refers to usart.o(i._ttywrch) for _ttywrch
    defsig.o(CL$$defsig) refers to defsig_rtmem_inner.o(.text) for __rt_SIGRTMEM_inner
    defsig_abrt_inner.o(.text) refers to defsig_general.o(.text) for __default_signal_display
    defsig_fpe_inner.o(.text) refers to defsig_general.o(.text) for __default_signal_display
    defsig_rtred_inner.o(.text) refers to defsig_general.o(.text) for __default_signal_display
    defsig_stak_inner.o(.text) refers to defsig_general.o(.text) for __default_signal_display
    defsig_pvfn_inner.o(.text) refers to defsig_general.o(.text) for __default_signal_display
    defsig_cppl_inner.o(.text) refers to defsig_general.o(.text) for __default_signal_display
    defsig_segv_inner.o(.text) refers to defsig_general.o(.text) for __default_signal_display
    defsig_other.o(.text) refers to defsig_general.o(.text) for __default_signal_display


==============================================================================

Removing Unused input sections from the image.

    Removing main.o(.rev16_text), (4 bytes).
    Removing main.o(.revsh_text), (4 bytes).
    Removing main.o(.rrx_text), (6 bytes).
    Removing control.o(.rev16_text), (4 bytes).
    Removing control.o(.revsh_text), (4 bytes).
    Removing control.o(.rrx_text), (6 bytes).
    Removing control.o(i.Emergency_stop), (20 bytes).
    Removing control.o(i.control_led2), (100 bytes).
    Removing control.o(i.control_led3), (100 bytes).
    Removing control.o(i.control_motor_back), (88 bytes).
    Removing control.o(i.control_motor_front2), (80 bytes).
    Removing control.o(i.send_to_pc), (84 bytes).
    Removing delay.o(.rev16_text), (4 bytes).
    Removing delay.o(.revsh_text), (4 bytes).
    Removing delay.o(.rrx_text), (6 bytes).
    Removing delay.o(i.delay_us), (60 bytes).
    Removing sys.o(.rev16_text), (4 bytes).
    Removing sys.o(.revsh_text), (4 bytes).
    Removing sys.o(.rrx_text), (6 bytes).
    Removing sys.o(.emb_text), (6 bytes).
    Removing sys.o(i.INTX_DISABLE), (4 bytes).
    Removing sys.o(i.INTX_ENABLE), (4 bytes).
    Removing sys.o(i.Sys_Soft_Reset), (16 bytes).
    Removing sys.o(i.Sys_Standby), (84 bytes).
    Removing sys.o(i.WFI_SET), (4 bytes).
    Removing usart.o(.rev16_text), (4 bytes).
    Removing usart.o(.revsh_text), (4 bytes).
    Removing usart.o(.rrx_text), (6 bytes).
    Removing usart.o(i.PcTx_Byte), (24 bytes).
    Removing usart.o(i._ttywrch), (4 bytes).
    Removing exti.o(.rev16_text), (4 bytes).
    Removing exti.o(.revsh_text), (4 bytes).
    Removing exti.o(.rrx_text), (6 bytes).
    Removing usart2.o(.rev16_text), (4 bytes).
    Removing usart2.o(.revsh_text), (4 bytes).
    Removing usart2.o(.rrx_text), (6 bytes).
    Removing usart2.o(i.PcTx_Byte2), (28 bytes).
    Removing usart2.o(i.PcTx_String2), (22 bytes).
    Removing usart2.o(i.Task_Pc2), (44 bytes).
    Removing usart2.o(.bss), (512 bytes).
    Removing usart3.o(.rev16_text), (4 bytes).
    Removing usart3.o(.revsh_text), (4 bytes).
    Removing usart3.o(.rrx_text), (6 bytes).
    Removing usart3.o(i.PcTx_Byte3), (28 bytes).
    Removing usart3.o(i.PcTx_String3), (22 bytes).
    Removing usart3.o(i.Task_Pc3), (52 bytes).
    Removing usart3.o(.bss), (512 bytes).
    Removing pwm.o(.rev16_text), (4 bytes).
    Removing pwm.o(.revsh_text), (4 bytes).
    Removing pwm.o(.rrx_text), (6 bytes).
    Removing adc.o(.rev16_text), (4 bytes).
    Removing adc.o(.revsh_text), (4 bytes).
    Removing adc.o(.rrx_text), (6 bytes).
    Removing system_stm32f7xx.o(.rev16_text), (4 bytes).
    Removing system_stm32f7xx.o(.revsh_text), (4 bytes).
    Removing system_stm32f7xx.o(.rrx_text), (6 bytes).
    Removing system_stm32f7xx.o(i.SystemCoreClockUpdate), (192 bytes).
    Removing system_stm32f7xx.o(.constdata), (24 bytes).
    Removing system_stm32f7xx.o(.data), (4 bytes).

59 unused section(s) (total 2272 bytes) removed from the image.

==============================================================================

Image Symbol Table

    Local Symbols

    Symbol Name                              Value     Ov Type        Size  Object(Section)

    ../clib/angel/boardlib.s                 0x00000000   Number         0  boardinit3.o ABSOLUTE
    ../clib/angel/boardlib.s                 0x00000000   Number         0  boardshut.o ABSOLUTE
    ../clib/angel/boardlib.s                 0x00000000   Number         0  boardinit1.o ABSOLUTE
    ../clib/angel/boardlib.s                 0x00000000   Number         0  boardinit2.o ABSOLUTE
    ../clib/angel/handlers.s                 0x00000000   Number         0  __scatter_zi.o ABSOLUTE
    ../clib/angel/handlers.s                 0x00000000   Number         0  __scatter_copy.o ABSOLUTE
    ../clib/angel/kernel.s                   0x00000000   Number         0  __rtentry.o ABSOLUTE
    ../clib/angel/kernel.s                   0x00000000   Number         0  rtexit.o ABSOLUTE
    ../clib/angel/kernel.s                   0x00000000   Number         0  rtexit2.o ABSOLUTE
    ../clib/angel/kernel.s                   0x00000000   Number         0  __rtentry2.o ABSOLUTE
    ../clib/angel/kernel.s                   0x00000000   Number         0  __rtentry4.o ABSOLUTE
    ../clib/angel/rt.s                       0x00000000   Number         0  rt_locale_intlibspace.o ABSOLUTE
    ../clib/angel/rt.s                       0x00000000   Number         0  rt_raise.o ABSOLUTE
    ../clib/angel/rt.s                       0x00000000   Number         0  rt_locale.o ABSOLUTE
    ../clib/angel/scatter.s                  0x00000000   Number         0  __scatter.o ABSOLUTE
    ../clib/angel/startup.s                  0x00000000   Number         0  __main.o ABSOLUTE
    ../clib/angel/sys.s                      0x00000000   Number         0  use_no_semi.o ABSOLUTE
    ../clib/angel/sys.s                      0x00000000   Number         0  sys_stackheap_outer.o ABSOLUTE
    ../clib/angel/sys.s                      0x00000000   Number         0  libspace.o ABSOLUTE
    ../clib/angel/sys.s                      0x00000000   Number         0  indicate_semi.o ABSOLUTE
    ../clib/angel/sys.s                      0x00000000   Number         0  use_no_semi_2.o ABSOLUTE
    ../clib/angel/sysapp.c                   0x00000000   Number         0  sys_command.o ABSOLUTE
    ../clib/armsys.c                         0x00000000   Number         0  argv_veneer.o ABSOLUTE
    ../clib/armsys.c                         0x00000000   Number         0  argv_veneer.o ABSOLUTE
    ../clib/armsys.c                         0x00000000   Number         0  _get_argv_nomalloc.o ABSOLUTE
    ../clib/armsys.c                         0x00000000   Number         0  no_argv.o ABSOLUTE
    ../clib/bigflt.c                         0x00000000   Number         0  bigflt0.o ABSOLUTE
    ../clib/btod.s                           0x00000000   Number         0  btod.o ABSOLUTE
    ../clib/heapalloc.c                      0x00000000   Number         0  hrguard.o ABSOLUTE
    ../clib/heapaux.c                        0x00000000   Number         0  heapauxi.o ABSOLUTE
    ../clib/libinit.s                        0x00000000   Number         0  libinit2.o ABSOLUTE
    ../clib/libinit.s                        0x00000000   Number         0  libshutdown.o ABSOLUTE
    ../clib/libinit.s                        0x00000000   Number         0  libshutdown2.o ABSOLUTE
    ../clib/libinit.s                        0x00000000   Number         0  libinit.o ABSOLUTE
    ../clib/locale.s                         0x00000000   Number         0  lc_numeric_c.o ABSOLUTE
    ../clib/longlong.s                       0x00000000   Number         0  lludiv10.o ABSOLUTE
    ../clib/memcpset.s                       0x00000000   Number         0  rt_memclr.o ABSOLUTE
    ../clib/memcpset.s                       0x00000000   Number         0  strcmpv7m_pel.o ABSOLUTE
    ../clib/memcpset.s                       0x00000000   Number         0  rt_memclr_w.o ABSOLUTE
    ../clib/misc.s                           0x00000000   Number         0  printf_stubs.o ABSOLUTE
    ../clib/printf.c                         0x00000000   Number         0  __2printf.o ABSOLUTE
    ../clib/printf.c                         0x00000000   Number         0  noretval__2printf.o ABSOLUTE
    ../clib/printf.c                         0x00000000   Number         0  __printf.o ABSOLUTE
    ../clib/printf.c                         0x00000000   Number         0  __printf_flags.o ABSOLUTE
    ../clib/printf.c                         0x00000000   Number         0  _printf_fp_dec.o ABSOLUTE
    ../clib/printf.c                         0x00000000   Number         0  __printf_ss.o ABSOLUTE
    ../clib/printf.c                         0x00000000   Number         0  _printf_char_file.o ABSOLUTE
    ../clib/printf.c                         0x00000000   Number         0  __printf_flags_ss.o ABSOLUTE
    ../clib/printf.c                         0x00000000   Number         0  __printf_wp.o ABSOLUTE
    ../clib/printf.c                         0x00000000   Number         0  __printf_flags_wp.o ABSOLUTE
    ../clib/printf.c                         0x00000000   Number         0  __printf_ss_wp.o ABSOLUTE
    ../clib/printf.c                         0x00000000   Number         0  __printf_flags_ss_wp.o ABSOLUTE
    ../clib/printf.c                         0x00000000   Number         0  _printf_fp_infnan.o ABSOLUTE
    ../clib/printf.c                         0x00000000   Number         0  _printf_char_common.o ABSOLUTE
    ../clib/printf.c                         0x00000000   Number         0  __printf_nopercent.o ABSOLUTE
    ../clib/printf_percent.s                 0x00000000   Number         0  _printf_f.o ABSOLUTE
    ../clib/printf_percent.s                 0x00000000   Number         0  _printf_percent_end.o ABSOLUTE
    ../clib/printf_percent.s                 0x00000000   Number         0  _printf_percent.o ABSOLUTE
    ../clib/signal.c                         0x00000000   Number         0  defsig_stak_inner.o ABSOLUTE
    ../clib/signal.c                         0x00000000   Number         0  defsig_exit.o ABSOLUTE
    ../clib/signal.c                         0x00000000   Number         0  defsig_cppl_inner.o ABSOLUTE
    ../clib/signal.c                         0x00000000   Number         0  defsig_other.o ABSOLUTE
    ../clib/signal.c                         0x00000000   Number         0  defsig_rtmem_outer.o ABSOLUTE
    ../clib/signal.c                         0x00000000   Number         0  defsig_fpe_inner.o ABSOLUTE
    ../clib/signal.c                         0x00000000   Number         0  defsig_pvfn_inner.o ABSOLUTE
    ../clib/signal.c                         0x00000000   Number         0  defsig_rtred_inner.o ABSOLUTE
    ../clib/signal.c                         0x00000000   Number         0  defsig_segv_inner.o ABSOLUTE
    ../clib/signal.c                         0x00000000   Number         0  defsig_rtmem_inner.o ABSOLUTE
    ../clib/signal.c                         0x00000000   Number         0  __raise.o ABSOLUTE
    ../clib/signal.c                         0x00000000   Number         0  defsig_general.o ABSOLUTE
    ../clib/signal.c                         0x00000000   Number         0  defsig_rtmem_formal.o ABSOLUTE
    ../clib/signal.c                         0x00000000   Number         0  defsig_abrt_inner.o ABSOLUTE
    ../clib/signal.s                         0x00000000   Number         0  defsig.o ABSOLUTE
    ../clib/stdio.c                          0x00000000   Number         0  ferror.o ABSOLUTE
    ../clib/stdio.c                          0x00000000   Number         0  ferror_locked.o ABSOLUTE
    ../clib/stdlib.c                         0x00000000   Number         0  exit.o ABSOLUTE
    ../fplib/fpinit.s                        0x00000000   Number         0  fpinit.o ABSOLUTE
    ../fplib/istatus.s                       0x00000000   Number         0  istatus.o ABSOLUTE
    ../fplib/printf1.s                       0x00000000   Number         0  printf1.o ABSOLUTE
    ../fplib/usenofp.s                       0x00000000   Number         0  usenofp.o ABSOLUTE
    ../mathlib/fpclassify.c                  0x00000000   Number         0  fpclassify.o ABSOLUTE
    RTE\Device\STM32F767IGTx\startup_stm32f767xx.s 0x00000000   Number         0  startup_stm32f767xx.o ABSOLUTE
    RTE\Device\STM32F767IGTx\system_stm32f7xx.c 0x00000000   Number         0  system_stm32f7xx.o ABSOLUTE
    RTE\\Device\\STM32F767IGTx\\system_stm32f7xx.c 0x00000000   Number         0  system_stm32f7xx.o ABSOLUTE
    USER\\src\\adc.c                         0x00000000   Number         0  adc.o ABSOLUTE
    USER\\src\\control.c                     0x00000000   Number         0  control.o ABSOLUTE
    USER\\src\\delay.c                       0x00000000   Number         0  delay.o ABSOLUTE
    USER\\src\\exti.c                        0x00000000   Number         0  exti.o ABSOLUTE
    USER\\src\\main.c                        0x00000000   Number         0  main.o ABSOLUTE
    USER\\src\\pwm.c                         0x00000000   Number         0  pwm.o ABSOLUTE
    USER\\src\\sys.c                         0x00000000   Number         0  sys.o ABSOLUTE
    USER\\src\\usart.c                       0x00000000   Number         0  usart.o ABSOLUTE
    USER\\src\\usart2.c                      0x00000000   Number         0  usart2.o ABSOLUTE
    USER\\src\\usart3.c                      0x00000000   Number         0  usart3.o ABSOLUTE
    USER\src\adc.c                           0x00000000   Number         0  adc.o ABSOLUTE
    USER\src\control.c                       0x00000000   Number         0  control.o ABSOLUTE
    USER\src\delay.c                         0x00000000   Number         0  delay.o ABSOLUTE
    USER\src\exti.c                          0x00000000   Number         0  exti.o ABSOLUTE
    USER\src\main.c                          0x00000000   Number         0  main.o ABSOLUTE
    USER\src\pwm.c                           0x00000000   Number         0  pwm.o ABSOLUTE
    USER\src\sys.c                           0x00000000   Number         0  sys.o ABSOLUTE
    USER\src\usart.c                         0x00000000   Number         0  usart.o ABSOLUTE
    USER\src\usart2.c                        0x00000000   Number         0  usart2.o ABSOLUTE
    USER\src\usart3.c                        0x00000000   Number         0  usart3.o ABSOLUTE
    dc.s                                     0x00000000   Number         0  dc.o ABSOLUTE
    RESET                                    0x08000000   Section      504  startup_stm32f767xx.o(RESET)
    !!!main                                  0x080001f8   Section        8  __main.o(!!!main)
    !!!scatter                               0x08000200   Section       52  __scatter.o(!!!scatter)
    !!handler_copy                           0x08000234   Section       26  __scatter_copy.o(!!handler_copy)
    !!handler_zi                             0x08000250   Section       28  __scatter_zi.o(!!handler_zi)
    .ARM.Collect$$_printf_percent$$00000000  0x0800026c   Section        0  _printf_percent.o(.ARM.Collect$$_printf_percent$$00000000)
    .ARM.Collect$$_printf_percent$$00000003  0x0800026c   Section        6  _printf_f.o(.ARM.Collect$$_printf_percent$$00000003)
    .ARM.Collect$$_printf_percent$$00000017  0x08000272   Section        4  _printf_percent_end.o(.ARM.Collect$$_printf_percent$$00000017)
    .ARM.Collect$$libinit$$00000000          0x08000276   Section        2  libinit.o(.ARM.Collect$$libinit$$00000000)
    .ARM.Collect$$libinit$$00000001          0x08000278   Section        4  libinit2.o(.ARM.Collect$$libinit$$00000001)
    .ARM.Collect$$libinit$$00000004          0x0800027c   Section        0  libinit2.o(.ARM.Collect$$libinit$$00000004)
    .ARM.Collect$$libinit$$0000000A          0x0800027c   Section        0  libinit2.o(.ARM.Collect$$libinit$$0000000A)
    .ARM.Collect$$libinit$$0000000C          0x0800027c   Section        0  libinit2.o(.ARM.Collect$$libinit$$0000000C)
    .ARM.Collect$$libinit$$0000000E          0x0800027c   Section        0  libinit2.o(.ARM.Collect$$libinit$$0000000E)
    .ARM.Collect$$libinit$$0000000F          0x0800027c   Section        6  libinit2.o(.ARM.Collect$$libinit$$0000000F)
    .ARM.Collect$$libinit$$00000011          0x08000282   Section        0  libinit2.o(.ARM.Collect$$libinit$$00000011)
    .ARM.Collect$$libinit$$00000013          0x08000282   Section        0  libinit2.o(.ARM.Collect$$libinit$$00000013)
    .ARM.Collect$$libinit$$00000015          0x08000282   Section        0  libinit2.o(.ARM.Collect$$libinit$$00000015)
    .ARM.Collect$$libinit$$00000016          0x08000282   Section       10  libinit2.o(.ARM.Collect$$libinit$$00000016)
    .ARM.Collect$$libinit$$00000017          0x0800028c   Section        0  libinit2.o(.ARM.Collect$$libinit$$00000017)
    .ARM.Collect$$libinit$$00000019          0x0800028c   Section        0  libinit2.o(.ARM.Collect$$libinit$$00000019)
    .ARM.Collect$$libinit$$0000001B          0x0800028c   Section        0  libinit2.o(.ARM.Collect$$libinit$$0000001B)
    .ARM.Collect$$libinit$$0000001D          0x0800028c   Section        0  libinit2.o(.ARM.Collect$$libinit$$0000001D)
    .ARM.Collect$$libinit$$0000001F          0x0800028c   Section        0  libinit2.o(.ARM.Collect$$libinit$$0000001F)
    .ARM.Collect$$libinit$$00000021          0x0800028c   Section        0  libinit2.o(.ARM.Collect$$libinit$$00000021)
    .ARM.Collect$$libinit$$00000023          0x0800028c   Section        0  libinit2.o(.ARM.Collect$$libinit$$00000023)
    .ARM.Collect$$libinit$$00000025          0x0800028c   Section        0  libinit2.o(.ARM.Collect$$libinit$$00000025)
    .ARM.Collect$$libinit$$0000002C          0x0800028c   Section        0  libinit2.o(.ARM.Collect$$libinit$$0000002C)
    .ARM.Collect$$libinit$$0000002E          0x0800028c   Section        0  libinit2.o(.ARM.Collect$$libinit$$0000002E)
    .ARM.Collect$$libinit$$00000030          0x0800028c   Section        0  libinit2.o(.ARM.Collect$$libinit$$00000030)
    .ARM.Collect$$libinit$$00000032          0x0800028c   Section        0  libinit2.o(.ARM.Collect$$libinit$$00000032)
    .ARM.Collect$$libinit$$00000033          0x0800028c   Section        2  libinit2.o(.ARM.Collect$$libinit$$00000033)
    .ARM.Collect$$libshutdown$$00000000      0x0800028e   Section        2  libshutdown.o(.ARM.Collect$$libshutdown$$00000000)
    .ARM.Collect$$libshutdown$$00000002      0x08000290   Section        0  libshutdown2.o(.ARM.Collect$$libshutdown$$00000002)
    .ARM.Collect$$libshutdown$$00000004      0x08000290   Section        0  libshutdown2.o(.ARM.Collect$$libshutdown$$00000004)
    .ARM.Collect$$libshutdown$$00000007      0x08000290   Section        0  libshutdown2.o(.ARM.Collect$$libshutdown$$00000007)
    .ARM.Collect$$libshutdown$$0000000A      0x08000290   Section        0  libshutdown2.o(.ARM.Collect$$libshutdown$$0000000A)
    .ARM.Collect$$libshutdown$$0000000C      0x08000290   Section        0  libshutdown2.o(.ARM.Collect$$libshutdown$$0000000C)
    .ARM.Collect$$libshutdown$$0000000F      0x08000290   Section        0  libshutdown2.o(.ARM.Collect$$libshutdown$$0000000F)
    .ARM.Collect$$libshutdown$$00000010      0x08000290   Section        2  libshutdown2.o(.ARM.Collect$$libshutdown$$00000010)
    .ARM.Collect$$rtentry$$00000000          0x08000292   Section        0  __rtentry.o(.ARM.Collect$$rtentry$$00000000)
    .ARM.Collect$$rtentry$$00000002          0x08000292   Section        0  __rtentry2.o(.ARM.Collect$$rtentry$$00000002)
    .ARM.Collect$$rtentry$$00000004          0x08000292   Section        6  __rtentry4.o(.ARM.Collect$$rtentry$$00000004)
    .ARM.Collect$$rtentry$$00000009          0x08000298   Section        0  __rtentry2.o(.ARM.Collect$$rtentry$$00000009)
    .ARM.Collect$$rtentry$$0000000A          0x08000298   Section        4  __rtentry2.o(.ARM.Collect$$rtentry$$0000000A)
    .ARM.Collect$$rtentry$$0000000C          0x0800029c   Section        0  __rtentry2.o(.ARM.Collect$$rtentry$$0000000C)
    .ARM.Collect$$rtentry$$0000000D          0x0800029c   Section        8  __rtentry2.o(.ARM.Collect$$rtentry$$0000000D)
    .ARM.Collect$$rtexit$$00000000           0x080002a4   Section        2  rtexit.o(.ARM.Collect$$rtexit$$00000000)
    .ARM.Collect$$rtexit$$00000002           0x080002a6   Section        0  rtexit2.o(.ARM.Collect$$rtexit$$00000002)
    .ARM.Collect$$rtexit$$00000003           0x080002a6   Section        4  rtexit2.o(.ARM.Collect$$rtexit$$00000003)
    .ARM.Collect$$rtexit$$00000004           0x080002aa   Section        6  rtexit2.o(.ARM.Collect$$rtexit$$00000004)
    .text                                    0x080002b0   Section       64  startup_stm32f767xx.o(.text)
    $v0                                      0x080002b0   Number         0  startup_stm32f767xx.o(.text)
    .text                                    0x080002f0   Section        2  use_no_semi_2.o(.text)
    .text                                    0x080002f4   Section        0  noretval__2printf.o(.text)
    .text                                    0x0800030c   Section        0  __printf_ss.o(.text)
    .text                                    0x080003c4   Section        0  heapauxi.o(.text)
    .text                                    0x080003ca   Section        2  use_no_semi.o(.text)
    .text                                    0x080003cc   Section        0  _printf_fp_dec.o(.text)
    _fp_digits                               0x080003cf   Thumb Code   432  _printf_fp_dec.o(.text)
    .text                                    0x080007ec   Section        0  _printf_char_file.o(.text)
    .text                                    0x08000810   Section        8  rt_locale_intlibspace.o(.text)
    .text                                    0x08000818   Section      138  lludiv10.o(.text)
    .text                                    0x080008a4   Section        0  _printf_char_common.o(.text)
    _printf_input_char                       0x080008a5   Thumb Code    10  _printf_char_common.o(.text)
    .text                                    0x080008d4   Section        0  _printf_fp_infnan.o(.text)
    .text                                    0x08000954   Section        0  bigflt0.o(.text)
    .text                                    0x08000a38   Section        0  ferror.o(.text)
    .text                                    0x08000a40   Section        8  libspace.o(.text)
    .text                                    0x08000a48   Section       74  sys_stackheap_outer.o(.text)
    .text                                    0x08000a92   Section        0  exit.o(.text)
    .text                                    0x08000aa4   Section      104  strcmpv7m_pel.o(.text)
    CL$$btod_d2e                             0x08000b0c   Section       62  btod.o(CL$$btod_d2e)
    CL$$btod_d2e_denorm_low                  0x08000b4a   Section       70  btod.o(CL$$btod_d2e_denorm_low)
    CL$$btod_d2e_norm_op1                    0x08000b90   Section       96  btod.o(CL$$btod_d2e_norm_op1)
    CL$$btod_div_common                      0x08000bf0   Section      824  btod.o(CL$$btod_div_common)
    CL$$btod_e2e                             0x08000f28   Section      220  btod.o(CL$$btod_e2e)
    CL$$btod_ediv                            0x08001004   Section       42  btod.o(CL$$btod_ediv)
    CL$$btod_emul                            0x0800102e   Section       42  btod.o(CL$$btod_emul)
    CL$$btod_mult_common                     0x08001058   Section      580  btod.o(CL$$btod_mult_common)
    i.Adc_Init                               0x0800129c   Section        0  adc.o(i.Adc_Init)
    i.Cache_Enable                           0x08001388   Section        0  sys.o(i.Cache_Enable)
    i.EXTI15_10_IRQHandler                   0x080013a4   Section        0  exti.o(i.EXTI15_10_IRQHandler)
    i.EXTIX_Init                             0x080013ec   Section        0  exti.o(i.EXTIX_Init)
    i.Ex_NVIC_Config                         0x0800140c   Section        0  sys.o(i.Ex_NVIC_Config)
    i.GPIO_AF_Set                            0x080014c0   Section        0  sys.o(i.GPIO_AF_Set)
    i.GPIO_Init                              0x08001500   Section        0  control.o(i.GPIO_Init)
    i.GPIO_Initial_State                     0x08001578   Section        0  control.o(i.GPIO_Initial_State)
    i.GPIO_Pin_Get                           0x080015cc   Section        0  sys.o(i.GPIO_Pin_Get)
    i.GPIO_Pin_Set                           0x080015dc   Section        0  sys.o(i.GPIO_Pin_Set)
    i.GPIO_Set                               0x080015ec   Section        0  sys.o(i.GPIO_Set)
    i.Get_Adc                                0x080016cc   Section        0  adc.o(i.Get_Adc)
    i.KEY_Init                               0x08001708   Section        0  exti.o(i.KEY_Init)
    i.MY_NVIC_Init                           0x08001748   Section        0  sys.o(i.MY_NVIC_Init)
    i.MY_NVIC_PriorityGroupConfig            0x080017c0   Section        0  sys.o(i.MY_NVIC_PriorityGroupConfig)
    i.MY_NVIC_SetVectorTable                 0x080017e8   Section        0  sys.o(i.MY_NVIC_SetVectorTable)
    i.SCB_EnableDCache                       0x080017f8   Section        0  sys.o(i.SCB_EnableDCache)
    SCB_EnableDCache                         0x080017f9   Thumb Code   148  sys.o(i.SCB_EnableDCache)
    i.SCB_EnableICache                       0x08001894   Section        0  sys.o(i.SCB_EnableICache)
    SCB_EnableICache                         0x08001895   Thumb Code   116  sys.o(i.SCB_EnableICache)
    i.Stm32_Clock_Init                       0x08001910   Section        0  sys.o(i.Stm32_Clock_Init)
    i.Sys_Clock_Set                          0x08001980   Section        0  sys.o(i.Sys_Clock_Set)
    i.SystemInit                             0x08001a94   Section        0  system_stm32f7xx.o(i.SystemInit)
    i.TIM1_PWM_Init                          0x08001af8   Section        0  pwm.o(i.TIM1_PWM_Init)
    i.USART1_IRQHandler                      0x08001bb0   Section        0  usart.o(i.USART1_IRQHandler)
    i.USART2_IRQHandler                      0x08001c30   Section        0  usart2.o(i.USART2_IRQHandler)
    i.USART3_IRQHandler                      0x08001c50   Section        0  usart3.o(i.USART3_IRQHandler)
    i.__ARM_fpclassify                       0x08001c70   Section        0  fpclassify.o(i.__ARM_fpclassify)
    i._sys_exit                              0x08001ca0   Section        0  usart.o(i._sys_exit)
    i.back_motor                             0x08001ca4   Section        0  control.o(i.back_motor)
    i.control_motor_back2                    0x08001d18   Section        0  control.o(i.control_motor_back2)
    i.control_motor_front                    0x08001d70   Section        0  control.o(i.control_motor_front)
    i.control_stop                           0x08001dc0   Section        0  control.o(i.control_stop)
    i.delay_init                             0x08001e14   Section        0  delay.o(i.delay_init)
    i.delay_ms                               0x08001e4c   Section        0  delay.o(i.delay_ms)
    i.delay_xms                              0x08001e84   Section        0  delay.o(i.delay_xms)
    i.fputc                                  0x08001ec0   Section        0  usart.o(i.fputc)
    i.front_motor                            0x08001edc   Section        0  control.o(i.front_motor)
    i.main                                   0x08001f54   Section        0  main.o(i.main)
    i.send_to_pc2                            0x08002004   Section        0  control.o(i.send_to_pc2)
    i.uart2_init                             0x080020c8   Section        0  usart2.o(i.uart2_init)
    i.uart3_init                             0x08002188   Section        0  usart3.o(i.uart3_init)
    i.uart_init                              0x0800224c   Section        0  usart.o(i.uart_init)
    locale$$code                             0x08002300   Section       44  lc_numeric_c.o(locale$$code)
    x$fpl$fpinit                             0x0800232c   Section       10  fpinit.o(x$fpl$fpinit)
    $v0                                      0x0800232c   Number         0  fpinit.o(x$fpl$fpinit)
    x$fpl$printf1                            0x08002336   Section        4  printf1.o(x$fpl$printf1)
    $v0                                      0x08002336   Number         0  printf1.o(x$fpl$printf1)
    x$fpl$usenofp                            0x0800233a   Section        0  usenofp.o(x$fpl$usenofp)
    .constdata                               0x0800233c   Section      148  bigflt0.o(.constdata)
    tenpwrs_x                                0x0800233c   Data          60  bigflt0.o(.constdata)
    tenpwrs_i                                0x08002378   Data          64  bigflt0.o(.constdata)
    locale$$data                             0x080023f0   Section       28  lc_numeric_c.o(locale$$data)
    __lcnum_c_name                           0x080023f4   Data           2  lc_numeric_c.o(locale$$data)
    __lcnum_c_start                          0x080023fc   Data           0  lc_numeric_c.o(locale$$data)
    __lcnum_c_point                          0x08002408   Data           0  lc_numeric_c.o(locale$$data)
    __lcnum_c_thousands                      0x0800240a   Data           0  lc_numeric_c.o(locale$$data)
    __lcnum_c_grouping                       0x0800240b   Data           0  lc_numeric_c.o(locale$$data)
    __lcnum_c_end                            0x0800240c   Data           0  lc_numeric_c.o(locale$$data)
    .data                                    0x20020000   Section        2  control.o(.data)
    .data                                    0x20020002   Section        4  delay.o(.data)
    fac_us                                   0x20020002   Data           1  delay.o(.data)
    fac_ms                                   0x20020004   Data           2  delay.o(.data)
    .data                                    0x20020008   Section        6  usart.o(.data)
    .data                                    0x2002000e   Section        8  usart2.o(.data)
    .data                                    0x20020016   Section        8  usart3.o(.data)
    .bss                                     0x20020020   Section      200  usart.o(.bss)
    .bss                                     0x200200e8   Section       96  libspace.o(.bss)
    HEAP                                     0x20020148   Section      512  startup_stm32f767xx.o(HEAP)
    Heap_Mem                                 0x20020148   Data         512  startup_stm32f767xx.o(HEAP)
    STACK                                    0x20020348   Section     1024  startup_stm32f767xx.o(STACK)
    Stack_Mem                                0x20020348   Data        1024  startup_stm32f767xx.o(STACK)
    __initial_sp                             0x20020748   Data           0  startup_stm32f767xx.o(STACK)

    Global Symbols

    Symbol Name                              Value     Ov Type        Size  Object(Section)

    BuildAttributes$$THM_ISAv4$E$P$D$K$B$S$7EM$VFPv5_D16$PE$PLD8$A:L22UL41UL21$X:L11$S22US41US21$IEEE1$IW$USESV6$~STKCKD$USESV7$~SHL$OTIME$ROPI$IEEEJ$EBA8$UX$STANDARDLIB$REQ8$PRES8$EABIv2 0x00000000   Number         0  anon$$obj.o ABSOLUTE
    __ARM_use_no_argv                        0x00000000   Number         0  main.o ABSOLUTE
    _printf_flags                            0x00000000   Number         0  printf_stubs.o ABSOLUTE
    _printf_return_value                     0x00000000   Number         0  printf_stubs.o ABSOLUTE
    _printf_sizespec                         0x00000000   Number         0  printf_stubs.o ABSOLUTE
    _printf_widthprec                        0x00000000   Number         0  printf_stubs.o ABSOLUTE
    __ARM_exceptions_init                     - Undefined Weak Reference
    __alloca_initialize                       - Undefined Weak Reference
    __arm_preinit_                            - Undefined Weak Reference
    __cpp_initialize__aeabi_                  - Undefined Weak Reference
    __cxa_finalize                            - Undefined Weak Reference
    __sigvec_lookup                           - Undefined Weak Reference
    _atexit_init                              - Undefined Weak Reference
    _call_atexit_fns                          - Undefined Weak Reference
    _clock_init                               - Undefined Weak Reference
    _fp_trap_init                             - Undefined Weak Reference
    _fp_trap_shutdown                         - Undefined Weak Reference
    _get_lc_collate                           - Undefined Weak Reference
    _get_lc_ctype                             - Undefined Weak Reference
    _get_lc_monetary                          - Undefined Weak Reference
    _get_lc_time                              - Undefined Weak Reference
    _getenv_init                              - Undefined Weak Reference
    _handle_redirection                       - Undefined Weak Reference
    _init_alloc                               - Undefined Weak Reference
    _init_user_alloc                          - Undefined Weak Reference
    _initio                                   - Undefined Weak Reference
    _mutex_acquire                            - Undefined Weak Reference
    _mutex_release                            - Undefined Weak Reference
    _printf_post_padding                      - Undefined Weak Reference
    _printf_pre_padding                       - Undefined Weak Reference
    _rand_init                                - Undefined Weak Reference
    _signal_finish                            - Undefined Weak Reference
    _signal_init                              - Undefined Weak Reference
    _terminate_alloc                          - Undefined Weak Reference
    _terminate_user_alloc                     - Undefined Weak Reference
    _terminateio                              - Undefined Weak Reference
    __Vectors_Size                           0x000001f8   Number         0  startup_stm32f767xx.o ABSOLUTE
    __Vectors                                0x08000000   Data           4  startup_stm32f767xx.o(RESET)
    __Vectors_End                            0x080001f8   Data           0  startup_stm32f767xx.o(RESET)
    __main                                   0x080001f9   Thumb Code     8  __main.o(!!!main)
    __scatterload                            0x08000201   Thumb Code     0  __scatter.o(!!!scatter)
    __scatterload_rt2                        0x08000201   Thumb Code    44  __scatter.o(!!!scatter)
    __scatterload_rt2_thumb_only             0x08000201   Thumb Code     0  __scatter.o(!!!scatter)
    __scatterload_null                       0x0800020f   Thumb Code     0  __scatter.o(!!!scatter)
    __scatterload_copy                       0x08000235   Thumb Code    26  __scatter_copy.o(!!handler_copy)
    __scatterload_zeroinit                   0x08000251   Thumb Code    28  __scatter_zi.o(!!handler_zi)
    _printf_f                                0x0800026d   Thumb Code     0  _printf_f.o(.ARM.Collect$$_printf_percent$$00000003)
    _printf_percent                          0x0800026d   Thumb Code     0  _printf_percent.o(.ARM.Collect$$_printf_percent$$00000000)
    _printf_percent_end                      0x08000273   Thumb Code     0  _printf_percent_end.o(.ARM.Collect$$_printf_percent$$00000017)
    __rt_lib_init                            0x08000277   Thumb Code     0  libinit.o(.ARM.Collect$$libinit$$00000000)
    __rt_lib_init_fp_1                       0x08000279   Thumb Code     0  libinit2.o(.ARM.Collect$$libinit$$00000001)
    __rt_lib_init_heap_1                     0x0800027d   Thumb Code     0  libinit2.o(.ARM.Collect$$libinit$$0000000A)
    __rt_lib_init_lc_common                  0x0800027d   Thumb Code     0  libinit2.o(.ARM.Collect$$libinit$$0000000F)
    __rt_lib_init_preinit_1                  0x0800027d   Thumb Code     0  libinit2.o(.ARM.Collect$$libinit$$00000004)
    __rt_lib_init_rand_1                     0x0800027d   Thumb Code     0  libinit2.o(.ARM.Collect$$libinit$$0000000E)
    __rt_lib_init_user_alloc_1               0x0800027d   Thumb Code     0  libinit2.o(.ARM.Collect$$libinit$$0000000C)
    __rt_lib_init_lc_collate_1               0x08000283   Thumb Code     0  libinit2.o(.ARM.Collect$$libinit$$00000011)
    __rt_lib_init_lc_ctype_1                 0x08000283   Thumb Code     0  libinit2.o(.ARM.Collect$$libinit$$00000013)
    __rt_lib_init_lc_monetary_1              0x08000283   Thumb Code     0  libinit2.o(.ARM.Collect$$libinit$$00000015)
    __rt_lib_init_lc_numeric_2               0x08000283   Thumb Code     0  libinit2.o(.ARM.Collect$$libinit$$00000016)
    __rt_lib_init_alloca_1                   0x0800028d   Thumb Code     0  libinit2.o(.ARM.Collect$$libinit$$0000002E)
    __rt_lib_init_argv_1                     0x0800028d   Thumb Code     0  libinit2.o(.ARM.Collect$$libinit$$0000002C)
    __rt_lib_init_atexit_1                   0x0800028d   Thumb Code     0  libinit2.o(.ARM.Collect$$libinit$$0000001B)
    __rt_lib_init_clock_1                    0x0800028d   Thumb Code     0  libinit2.o(.ARM.Collect$$libinit$$00000021)
    __rt_lib_init_cpp_1                      0x0800028d   Thumb Code     0  libinit2.o(.ARM.Collect$$libinit$$00000032)
    __rt_lib_init_exceptions_1               0x0800028d   Thumb Code     0  libinit2.o(.ARM.Collect$$libinit$$00000030)
    __rt_lib_init_fp_trap_1                  0x0800028d   Thumb Code     0  libinit2.o(.ARM.Collect$$libinit$$0000001F)
    __rt_lib_init_getenv_1                   0x0800028d   Thumb Code     0  libinit2.o(.ARM.Collect$$libinit$$00000023)
    __rt_lib_init_lc_numeric_1               0x0800028d   Thumb Code     0  libinit2.o(.ARM.Collect$$libinit$$00000017)
    __rt_lib_init_lc_time_1                  0x0800028d   Thumb Code     0  libinit2.o(.ARM.Collect$$libinit$$00000019)
    __rt_lib_init_return                     0x0800028d   Thumb Code     0  libinit2.o(.ARM.Collect$$libinit$$00000033)
    __rt_lib_init_signal_1                   0x0800028d   Thumb Code     0  libinit2.o(.ARM.Collect$$libinit$$0000001D)
    __rt_lib_init_stdio_1                    0x0800028d   Thumb Code     0  libinit2.o(.ARM.Collect$$libinit$$00000025)
    __rt_lib_shutdown                        0x0800028f   Thumb Code     0  libshutdown.o(.ARM.Collect$$libshutdown$$00000000)
    __rt_lib_shutdown_cpp_1                  0x08000291   Thumb Code     0  libshutdown2.o(.ARM.Collect$$libshutdown$$00000002)
    __rt_lib_shutdown_fp_trap_1              0x08000291   Thumb Code     0  libshutdown2.o(.ARM.Collect$$libshutdown$$00000007)
    __rt_lib_shutdown_heap_1                 0x08000291   Thumb Code     0  libshutdown2.o(.ARM.Collect$$libshutdown$$0000000F)
    __rt_lib_shutdown_return                 0x08000291   Thumb Code     0  libshutdown2.o(.ARM.Collect$$libshutdown$$00000010)
    __rt_lib_shutdown_signal_1               0x08000291   Thumb Code     0  libshutdown2.o(.ARM.Collect$$libshutdown$$0000000A)
    __rt_lib_shutdown_stdio_1                0x08000291   Thumb Code     0  libshutdown2.o(.ARM.Collect$$libshutdown$$00000004)
    __rt_lib_shutdown_user_alloc_1           0x08000291   Thumb Code     0  libshutdown2.o(.ARM.Collect$$libshutdown$$0000000C)
    __rt_entry                               0x08000293   Thumb Code     0  __rtentry.o(.ARM.Collect$$rtentry$$00000000)
    __rt_entry_presh_1                       0x08000293   Thumb Code     0  __rtentry2.o(.ARM.Collect$$rtentry$$00000002)
    __rt_entry_sh                            0x08000293   Thumb Code     0  __rtentry4.o(.ARM.Collect$$rtentry$$00000004)
    __rt_entry_li                            0x08000299   Thumb Code     0  __rtentry2.o(.ARM.Collect$$rtentry$$0000000A)
    __rt_entry_postsh_1                      0x08000299   Thumb Code     0  __rtentry2.o(.ARM.Collect$$rtentry$$00000009)
    __rt_entry_main                          0x0800029d   Thumb Code     0  __rtentry2.o(.ARM.Collect$$rtentry$$0000000D)
    __rt_entry_postli_1                      0x0800029d   Thumb Code     0  __rtentry2.o(.ARM.Collect$$rtentry$$0000000C)
    __rt_exit                                0x080002a5   Thumb Code     0  rtexit.o(.ARM.Collect$$rtexit$$00000000)
    __rt_exit_ls                             0x080002a7   Thumb Code     0  rtexit2.o(.ARM.Collect$$rtexit$$00000003)
    __rt_exit_prels_1                        0x080002a7   Thumb Code     0  rtexit2.o(.ARM.Collect$$rtexit$$00000002)
    __rt_exit_exit                           0x080002ab   Thumb Code     0  rtexit2.o(.ARM.Collect$$rtexit$$00000004)
    Reset_Handler                            0x080002b1   Thumb Code     8  startup_stm32f767xx.o(.text)
    NMI_Handler                              0x080002b9   Thumb Code     2  startup_stm32f767xx.o(.text)
    HardFault_Handler                        0x080002bb   Thumb Code     2  startup_stm32f767xx.o(.text)
    MemManage_Handler                        0x080002bd   Thumb Code     2  startup_stm32f767xx.o(.text)
    BusFault_Handler                         0x080002bf   Thumb Code     2  startup_stm32f767xx.o(.text)
    UsageFault_Handler                       0x080002c1   Thumb Code     2  startup_stm32f767xx.o(.text)
    SVC_Handler                              0x080002c3   Thumb Code     2  startup_stm32f767xx.o(.text)
    DebugMon_Handler                         0x080002c5   Thumb Code     2  startup_stm32f767xx.o(.text)
    PendSV_Handler                           0x080002c7   Thumb Code     2  startup_stm32f767xx.o(.text)
    SysTick_Handler                          0x080002c9   Thumb Code     2  startup_stm32f767xx.o(.text)
    ADC_IRQHandler                           0x080002cb   Thumb Code     0  startup_stm32f767xx.o(.text)
    CAN1_RX0_IRQHandler                      0x080002cb   Thumb Code     0  startup_stm32f767xx.o(.text)
    CAN1_RX1_IRQHandler                      0x080002cb   Thumb Code     0  startup_stm32f767xx.o(.text)
    CAN1_SCE_IRQHandler                      0x080002cb   Thumb Code     0  startup_stm32f767xx.o(.text)
    CAN1_TX_IRQHandler                       0x080002cb   Thumb Code     0  startup_stm32f767xx.o(.text)
    CAN2_RX0_IRQHandler                      0x080002cb   Thumb Code     0  startup_stm32f767xx.o(.text)
    CAN2_RX1_IRQHandler                      0x080002cb   Thumb Code     0  startup_stm32f767xx.o(.text)
    CAN2_SCE_IRQHandler                      0x080002cb   Thumb Code     0  startup_stm32f767xx.o(.text)
    CAN2_TX_IRQHandler                       0x080002cb   Thumb Code     0  startup_stm32f767xx.o(.text)
    CAN3_RX0_IRQHandler                      0x080002cb   Thumb Code     0  startup_stm32f767xx.o(.text)
    CAN3_RX1_IRQHandler                      0x080002cb   Thumb Code     0  startup_stm32f767xx.o(.text)
    CAN3_SCE_IRQHandler                      0x080002cb   Thumb Code     0  startup_stm32f767xx.o(.text)
    CAN3_TX_IRQHandler                       0x080002cb   Thumb Code     0  startup_stm32f767xx.o(.text)
    CEC_IRQHandler                           0x080002cb   Thumb Code     0  startup_stm32f767xx.o(.text)
    DCMI_IRQHandler                          0x080002cb   Thumb Code     0  startup_stm32f767xx.o(.text)
    DFSDM1_FLT0_IRQHandler                   0x080002cb   Thumb Code     0  startup_stm32f767xx.o(.text)
    DFSDM1_FLT1_IRQHandler                   0x080002cb   Thumb Code     0  startup_stm32f767xx.o(.text)
    DFSDM1_FLT2_IRQHandler                   0x080002cb   Thumb Code     0  startup_stm32f767xx.o(.text)
    DFSDM1_FLT3_IRQHandler                   0x080002cb   Thumb Code     0  startup_stm32f767xx.o(.text)
    DMA1_Stream0_IRQHandler                  0x080002cb   Thumb Code     0  startup_stm32f767xx.o(.text)
    DMA1_Stream1_IRQHandler                  0x080002cb   Thumb Code     0  startup_stm32f767xx.o(.text)
    DMA1_Stream2_IRQHandler                  0x080002cb   Thumb Code     0  startup_stm32f767xx.o(.text)
    DMA1_Stream3_IRQHandler                  0x080002cb   Thumb Code     0  startup_stm32f767xx.o(.text)
    DMA1_Stream4_IRQHandler                  0x080002cb   Thumb Code     0  startup_stm32f767xx.o(.text)
    DMA1_Stream5_IRQHandler                  0x080002cb   Thumb Code     0  startup_stm32f767xx.o(.text)
    DMA1_Stream6_IRQHandler                  0x080002cb   Thumb Code     0  startup_stm32f767xx.o(.text)
    DMA1_Stream7_IRQHandler                  0x080002cb   Thumb Code     0  startup_stm32f767xx.o(.text)
    DMA2D_IRQHandler                         0x080002cb   Thumb Code     0  startup_stm32f767xx.o(.text)
    DMA2_Stream0_IRQHandler                  0x080002cb   Thumb Code     0  startup_stm32f767xx.o(.text)
    DMA2_Stream1_IRQHandler                  0x080002cb   Thumb Code     0  startup_stm32f767xx.o(.text)
    DMA2_Stream2_IRQHandler                  0x080002cb   Thumb Code     0  startup_stm32f767xx.o(.text)
    DMA2_Stream3_IRQHandler                  0x080002cb   Thumb Code     0  startup_stm32f767xx.o(.text)
    DMA2_Stream4_IRQHandler                  0x080002cb   Thumb Code     0  startup_stm32f767xx.o(.text)
    DMA2_Stream5_IRQHandler                  0x080002cb   Thumb Code     0  startup_stm32f767xx.o(.text)
    DMA2_Stream6_IRQHandler                  0x080002cb   Thumb Code     0  startup_stm32f767xx.o(.text)
    DMA2_Stream7_IRQHandler                  0x080002cb   Thumb Code     0  startup_stm32f767xx.o(.text)
    ETH_IRQHandler                           0x080002cb   Thumb Code     0  startup_stm32f767xx.o(.text)
    ETH_WKUP_IRQHandler                      0x080002cb   Thumb Code     0  startup_stm32f767xx.o(.text)
    EXTI0_IRQHandler                         0x080002cb   Thumb Code     0  startup_stm32f767xx.o(.text)
    EXTI1_IRQHandler                         0x080002cb   Thumb Code     0  startup_stm32f767xx.o(.text)
    EXTI2_IRQHandler                         0x080002cb   Thumb Code     0  startup_stm32f767xx.o(.text)
    EXTI3_IRQHandler                         0x080002cb   Thumb Code     0  startup_stm32f767xx.o(.text)
    EXTI4_IRQHandler                         0x080002cb   Thumb Code     0  startup_stm32f767xx.o(.text)
    EXTI9_5_IRQHandler                       0x080002cb   Thumb Code     0  startup_stm32f767xx.o(.text)
    FLASH_IRQHandler                         0x080002cb   Thumb Code     0  startup_stm32f767xx.o(.text)
    FMC_IRQHandler                           0x080002cb   Thumb Code     0  startup_stm32f767xx.o(.text)
    FPU_IRQHandler                           0x080002cb   Thumb Code     0  startup_stm32f767xx.o(.text)
    I2C1_ER_IRQHandler                       0x080002cb   Thumb Code     0  startup_stm32f767xx.o(.text)
    I2C1_EV_IRQHandler                       0x080002cb   Thumb Code     0  startup_stm32f767xx.o(.text)
    I2C2_ER_IRQHandler                       0x080002cb   Thumb Code     0  startup_stm32f767xx.o(.text)
    I2C2_EV_IRQHandler                       0x080002cb   Thumb Code     0  startup_stm32f767xx.o(.text)
    I2C3_ER_IRQHandler                       0x080002cb   Thumb Code     0  startup_stm32f767xx.o(.text)
    I2C3_EV_IRQHandler                       0x080002cb   Thumb Code     0  startup_stm32f767xx.o(.text)
    I2C4_ER_IRQHandler                       0x080002cb   Thumb Code     0  startup_stm32f767xx.o(.text)
    I2C4_EV_IRQHandler                       0x080002cb   Thumb Code     0  startup_stm32f767xx.o(.text)
    JPEG_IRQHandler                          0x080002cb   Thumb Code     0  startup_stm32f767xx.o(.text)
    LPTIM1_IRQHandler                        0x080002cb   Thumb Code     0  startup_stm32f767xx.o(.text)
    LTDC_ER_IRQHandler                       0x080002cb   Thumb Code     0  startup_stm32f767xx.o(.text)
    LTDC_IRQHandler                          0x080002cb   Thumb Code     0  startup_stm32f767xx.o(.text)
    MDIOS_IRQHandler                         0x080002cb   Thumb Code     0  startup_stm32f767xx.o(.text)
    OTG_FS_IRQHandler                        0x080002cb   Thumb Code     0  startup_stm32f767xx.o(.text)
    OTG_FS_WKUP_IRQHandler                   0x080002cb   Thumb Code     0  startup_stm32f767xx.o(.text)
    OTG_HS_EP1_IN_IRQHandler                 0x080002cb   Thumb Code     0  startup_stm32f767xx.o(.text)
    OTG_HS_EP1_OUT_IRQHandler                0x080002cb   Thumb Code     0  startup_stm32f767xx.o(.text)
    OTG_HS_IRQHandler                        0x080002cb   Thumb Code     0  startup_stm32f767xx.o(.text)
    OTG_HS_WKUP_IRQHandler                   0x080002cb   Thumb Code     0  startup_stm32f767xx.o(.text)
    PVD_IRQHandler                           0x080002cb   Thumb Code     0  startup_stm32f767xx.o(.text)
    QUADSPI_IRQHandler                       0x080002cb   Thumb Code     0  startup_stm32f767xx.o(.text)
    RCC_IRQHandler                           0x080002cb   Thumb Code     0  startup_stm32f767xx.o(.text)
    RNG_IRQHandler                           0x080002cb   Thumb Code     0  startup_stm32f767xx.o(.text)
    RTC_Alarm_IRQHandler                     0x080002cb   Thumb Code     0  startup_stm32f767xx.o(.text)
    RTC_WKUP_IRQHandler                      0x080002cb   Thumb Code     0  startup_stm32f767xx.o(.text)
    SAI1_IRQHandler                          0x080002cb   Thumb Code     0  startup_stm32f767xx.o(.text)
    SAI2_IRQHandler                          0x080002cb   Thumb Code     0  startup_stm32f767xx.o(.text)
    SDMMC1_IRQHandler                        0x080002cb   Thumb Code     0  startup_stm32f767xx.o(.text)
    SDMMC2_IRQHandler                        0x080002cb   Thumb Code     0  startup_stm32f767xx.o(.text)
    SPDIF_RX_IRQHandler                      0x080002cb   Thumb Code     0  startup_stm32f767xx.o(.text)
    SPI1_IRQHandler                          0x080002cb   Thumb Code     0  startup_stm32f767xx.o(.text)
    SPI2_IRQHandler                          0x080002cb   Thumb Code     0  startup_stm32f767xx.o(.text)
    SPI3_IRQHandler                          0x080002cb   Thumb Code     0  startup_stm32f767xx.o(.text)
    SPI4_IRQHandler                          0x080002cb   Thumb Code     0  startup_stm32f767xx.o(.text)
    SPI5_IRQHandler                          0x080002cb   Thumb Code     0  startup_stm32f767xx.o(.text)
    SPI6_IRQHandler                          0x080002cb   Thumb Code     0  startup_stm32f767xx.o(.text)
    TAMP_STAMP_IRQHandler                    0x080002cb   Thumb Code     0  startup_stm32f767xx.o(.text)
    TIM1_BRK_TIM9_IRQHandler                 0x080002cb   Thumb Code     0  startup_stm32f767xx.o(.text)
    TIM1_CC_IRQHandler                       0x080002cb   Thumb Code     0  startup_stm32f767xx.o(.text)
    TIM1_TRG_COM_TIM11_IRQHandler            0x080002cb   Thumb Code     0  startup_stm32f767xx.o(.text)
    TIM1_UP_TIM10_IRQHandler                 0x080002cb   Thumb Code     0  startup_stm32f767xx.o(.text)
    TIM2_IRQHandler                          0x080002cb   Thumb Code     0  startup_stm32f767xx.o(.text)
    TIM3_IRQHandler                          0x080002cb   Thumb Code     0  startup_stm32f767xx.o(.text)
    TIM4_IRQHandler                          0x080002cb   Thumb Code     0  startup_stm32f767xx.o(.text)
    TIM5_IRQHandler                          0x080002cb   Thumb Code     0  startup_stm32f767xx.o(.text)
    TIM6_DAC_IRQHandler                      0x080002cb   Thumb Code     0  startup_stm32f767xx.o(.text)
    TIM7_IRQHandler                          0x080002cb   Thumb Code     0  startup_stm32f767xx.o(.text)
    TIM8_BRK_TIM12_IRQHandler                0x080002cb   Thumb Code     0  startup_stm32f767xx.o(.text)
    TIM8_CC_IRQHandler                       0x080002cb   Thumb Code     0  startup_stm32f767xx.o(.text)
    TIM8_TRG_COM_TIM14_IRQHandler            0x080002cb   Thumb Code     0  startup_stm32f767xx.o(.text)
    TIM8_UP_TIM13_IRQHandler                 0x080002cb   Thumb Code     0  startup_stm32f767xx.o(.text)
    UART4_IRQHandler                         0x080002cb   Thumb Code     0  startup_stm32f767xx.o(.text)
    UART5_IRQHandler                         0x080002cb   Thumb Code     0  startup_stm32f767xx.o(.text)
    UART7_IRQHandler                         0x080002cb   Thumb Code     0  startup_stm32f767xx.o(.text)
    UART8_IRQHandler                         0x080002cb   Thumb Code     0  startup_stm32f767xx.o(.text)
    USART6_IRQHandler                        0x080002cb   Thumb Code     0  startup_stm32f767xx.o(.text)
    WWDG_IRQHandler                          0x080002cb   Thumb Code     0  startup_stm32f767xx.o(.text)
    __user_initial_stackheap                 0x080002cd   Thumb Code     0  startup_stm32f767xx.o(.text)
    __use_no_semihosting                     0x080002f1   Thumb Code     2  use_no_semi_2.o(.text)
    __2printf                                0x080002f5   Thumb Code    20  noretval__2printf.o(.text)
    __printf                                 0x0800030d   Thumb Code   184  __printf_ss.o(.text)
    __use_two_region_memory                  0x080003c5   Thumb Code     2  heapauxi.o(.text)
    __rt_heap_escrow$2region                 0x080003c7   Thumb Code     2  heapauxi.o(.text)
    __rt_heap_expand$2region                 0x080003c9   Thumb Code     2  heapauxi.o(.text)
    __I$use$semihosting                      0x080003cb   Thumb Code     0  use_no_semi.o(.text)
    __use_no_semihosting_swi                 0x080003cb   Thumb Code     2  use_no_semi.o(.text)
    __lib_sel_fp_printf                      0x080003cd   Thumb Code     2  _printf_fp_dec.o(.text)
    _printf_fp_dec_real                      0x0800057f   Thumb Code   620  _printf_fp_dec.o(.text)
    _printf_char_file                        0x080007ed   Thumb Code    32  _printf_char_file.o(.text)
    __rt_locale                              0x08000811   Thumb Code     8  rt_locale_intlibspace.o(.text)
    _ll_udiv10                               0x08000819   Thumb Code   138  lludiv10.o(.text)
    _printf_char_common                      0x080008af   Thumb Code    32  _printf_char_common.o(.text)
    _printf_fp_infnan                        0x080008d5   Thumb Code   112  _printf_fp_infnan.o(.text)
    _btod_etento                             0x08000955   Thumb Code   224  bigflt0.o(.text)
    ferror                                   0x08000a39   Thumb Code     8  ferror.o(.text)
    __user_libspace                          0x08000a41   Thumb Code     8  libspace.o(.text)
    __user_perproc_libspace                  0x08000a41   Thumb Code     0  libspace.o(.text)
    __user_perthread_libspace                0x08000a41   Thumb Code     0  libspace.o(.text)
    __user_setup_stackheap                   0x08000a49   Thumb Code    74  sys_stackheap_outer.o(.text)
    exit                                     0x08000a93   Thumb Code    18  exit.o(.text)
    strcmp                                   0x08000aa5   Thumb Code   104  strcmpv7m_pel.o(.text)
    _btod_d2e                                0x08000b0d   Thumb Code    62  btod.o(CL$$btod_d2e)
    _d2e_denorm_low                          0x08000b4b   Thumb Code    70  btod.o(CL$$btod_d2e_denorm_low)
    _d2e_norm_op1                            0x08000b91   Thumb Code    96  btod.o(CL$$btod_d2e_norm_op1)
    __btod_div_common                        0x08000bf1   Thumb Code   696  btod.o(CL$$btod_div_common)
    _e2e                                     0x08000f29   Thumb Code   220  btod.o(CL$$btod_e2e)
    _btod_ediv                               0x08001005   Thumb Code    42  btod.o(CL$$btod_ediv)
    _btod_emul                               0x0800102f   Thumb Code    42  btod.o(CL$$btod_emul)
    __btod_mult_common                       0x08001059   Thumb Code   580  btod.o(CL$$btod_mult_common)
    Adc_Init                                 0x0800129d   Thumb Code   218  adc.o(i.Adc_Init)
    Cache_Enable                             0x08001389   Thumb Code    24  sys.o(i.Cache_Enable)
    EXTI15_10_IRQHandler                     0x080013a5   Thumb Code    50  exti.o(i.EXTI15_10_IRQHandler)
    EXTIX_Init                               0x080013ed   Thumb Code    30  exti.o(i.EXTIX_Init)
    Ex_NVIC_Config                           0x0800140d   Thumb Code   168  sys.o(i.Ex_NVIC_Config)
    GPIO_AF_Set                              0x080014c1   Thumb Code    64  sys.o(i.GPIO_AF_Set)
    GPIO_Init                                0x08001501   Thumb Code   102  control.o(i.GPIO_Init)
    GPIO_Initial_State                       0x08001579   Thumb Code    80  control.o(i.GPIO_Initial_State)
    GPIO_Pin_Get                             0x080015cd   Thumb Code    16  sys.o(i.GPIO_Pin_Get)
    GPIO_Pin_Set                             0x080015dd   Thumb Code    16  sys.o(i.GPIO_Pin_Set)
    GPIO_Set                                 0x080015ed   Thumb Code   222  sys.o(i.GPIO_Set)
    Get_Adc                                  0x080016cd   Thumb Code    54  adc.o(i.Get_Adc)
    KEY_Init                                 0x08001709   Thumb Code    56  exti.o(i.KEY_Init)
    MY_NVIC_Init                             0x08001749   Thumb Code   116  sys.o(i.MY_NVIC_Init)
    MY_NVIC_PriorityGroupConfig              0x080017c1   Thumb Code    32  sys.o(i.MY_NVIC_PriorityGroupConfig)
    MY_NVIC_SetVectorTable                   0x080017e9   Thumb Code    12  sys.o(i.MY_NVIC_SetVectorTable)
    Stm32_Clock_Init                         0x08001911   Thumb Code   100  sys.o(i.Stm32_Clock_Init)
    Sys_Clock_Set                            0x08001981   Thumb Code   264  sys.o(i.Sys_Clock_Set)
    SystemInit                               0x08001a95   Thumb Code    82  system_stm32f7xx.o(i.SystemInit)
    TIM1_PWM_Init                            0x08001af9   Thumb Code   172  pwm.o(i.TIM1_PWM_Init)
    USART1_IRQHandler                        0x08001bb1   Thumb Code   116  usart.o(i.USART1_IRQHandler)
    USART2_IRQHandler                        0x08001c31   Thumb Code    24  usart2.o(i.USART2_IRQHandler)
    USART3_IRQHandler                        0x08001c51   Thumb Code    24  usart3.o(i.USART3_IRQHandler)
    __ARM_fpclassify                         0x08001c71   Thumb Code    48  fpclassify.o(i.__ARM_fpclassify)
    _sys_exit                                0x08001ca1   Thumb Code     4  usart.o(i._sys_exit)
    back_motor                               0x08001ca5   Thumb Code   106  control.o(i.back_motor)
    control_motor_back2                      0x08001d19   Thumb Code    80  control.o(i.control_motor_back2)
    control_motor_front                      0x08001d71   Thumb Code    72  control.o(i.control_motor_front)
    control_stop                             0x08001dc1   Thumb Code    80  control.o(i.control_stop)
    delay_init                               0x08001e15   Thumb Code    46  delay.o(i.delay_init)
    delay_ms                                 0x08001e4d   Thumb Code    56  delay.o(i.delay_ms)
    delay_xms                                0x08001e85   Thumb Code    56  delay.o(i.delay_xms)
    fputc                                    0x08001ec1   Thumb Code    22  usart.o(i.fputc)
    front_motor                              0x08001edd   Thumb Code   110  control.o(i.front_motor)
    main                                     0x08001f55   Thumb Code   166  main.o(i.main)
    send_to_pc2                              0x08002005   Thumb Code   172  control.o(i.send_to_pc2)
    uart2_init                               0x080020c9   Thumb Code   176  usart2.o(i.uart2_init)
    uart3_init                               0x08002189   Thumb Code   178  usart3.o(i.uart3_init)
    uart_init                                0x0800224d   Thumb Code   162  usart.o(i.uart_init)
    _get_lc_numeric                          0x08002301   Thumb Code    44  lc_numeric_c.o(locale$$code)
    _fp_init                                 0x0800232d   Thumb Code    10  fpinit.o(x$fpl$fpinit)
    __fplib_config_fpu_vfp                   0x08002335   Thumb Code     0  fpinit.o(x$fpl$fpinit)
    __fplib_config_pureend_doubles           0x08002335   Thumb Code     0  fpinit.o(x$fpl$fpinit)
    _printf_fp_dec                           0x08002337   Thumb Code     4  printf1.o(x$fpl$printf1)
    __I$use$fp                               0x0800233a   Number         0  usenofp.o(x$fpl$usenofp)
    Region$$Table$$Base                      0x080023d0   Number         0  anon$$obj.o(Region$$Table)
    Region$$Table$$Limit                     0x080023f0   Number         0  anon$$obj.o(Region$$Table)
    usmart_flag                              0x20020000   Data           1  control.o(.data)
    urg_flag                                 0x20020001   Data           1  control.o(.data)
    __stdout                                 0x20020008   Data           4  usart.o(.data)
    USART_RX_STA                             0x2002000c   Data           2  usart.o(.data)
    res2                                     0x2002000e   Data           1  usart2.o(.data)
    Rx_End2                                  0x20020010   Data           2  usart2.o(.data)
    Rx_Len2                                  0x20020012   Data           2  usart2.o(.data)
    Rx_Tm2                                   0x20020014   Data           2  usart2.o(.data)
    res3                                     0x20020016   Data           1  usart3.o(.data)
    Rx_End3                                  0x20020018   Data           2  usart3.o(.data)
    Rx_Len3                                  0x2002001a   Data           2  usart3.o(.data)
    Rx_Tm3                                   0x2002001c   Data           2  usart3.o(.data)
    USART_RX_BUF                             0x20020020   Data         200  usart.o(.bss)
    __libspace_start                         0x200200e8   Data          96  libspace.o(.bss)
    __temporary_stack_top$libspace           0x20020148   Data           0  libspace.o(.bss)



==============================================================================

Memory Map of the image

  Image Entry point : 0x080001f9

  Load Region LR_IROM1 (Base: 0x08000000, Size: 0x0000242c, Max: 0x00100000, ABSOLUTE)

    Execution Region ER_IROM1 (Exec base: 0x08000000, Load base: 0x08000000, Size: 0x0000240c, Max: 0x00100000, ABSOLUTE)

    Exec Addr    Load Addr    Size         Type   Attr      Idx    E Section Name        Object

    0x08000000   0x08000000   0x000001f8   Data   RO          643    RESET               startup_stm32f767xx.o
    0x080001f8   0x080001f8   0x00000008   Code   RO          721  * !!!main             c_w.l(__main.o)
    0x08000200   0x08000200   0x00000034   Code   RO          935    !!!scatter          c_w.l(__scatter.o)
    0x08000234   0x08000234   0x0000001a   Code   RO          937    !!handler_copy      c_w.l(__scatter_copy.o)
    0x0800024e   0x0800024e   0x00000002   PAD
    0x08000250   0x08000250   0x0000001c   Code   RO          939    !!handler_zi        c_w.l(__scatter_zi.o)
    0x0800026c   0x0800026c   0x00000000   Code   RO          716    .ARM.Collect$$_printf_percent$$00000000  c_w.l(_printf_percent.o)
    0x0800026c   0x0800026c   0x00000006   Code   RO          715    .ARM.Collect$$_printf_percent$$00000003  c_w.l(_printf_f.o)
    0x08000272   0x08000272   0x00000004   Code   RO          732    .ARM.Collect$$_printf_percent$$00000017  c_w.l(_printf_percent_end.o)
    0x08000276   0x08000276   0x00000002   Code   RO          814    .ARM.Collect$$libinit$$00000000  c_w.l(libinit.o)
    0x08000278   0x08000278   0x00000004   Code   RO          815    .ARM.Collect$$libinit$$00000001  c_w.l(libinit2.o)
    0x0800027c   0x0800027c   0x00000000   Code   RO          818    .ARM.Collect$$libinit$$00000004  c_w.l(libinit2.o)
    0x0800027c   0x0800027c   0x00000000   Code   RO          821    .ARM.Collect$$libinit$$0000000A  c_w.l(libinit2.o)
    0x0800027c   0x0800027c   0x00000000   Code   RO          823    .ARM.Collect$$libinit$$0000000C  c_w.l(libinit2.o)
    0x0800027c   0x0800027c   0x00000000   Code   RO          825    .ARM.Collect$$libinit$$0000000E  c_w.l(libinit2.o)
    0x0800027c   0x0800027c   0x00000006   Code   RO          826    .ARM.Collect$$libinit$$0000000F  c_w.l(libinit2.o)
    0x08000282   0x08000282   0x00000000   Code   RO          828    .ARM.Collect$$libinit$$00000011  c_w.l(libinit2.o)
    0x08000282   0x08000282   0x00000000   Code   RO          830    .ARM.Collect$$libinit$$00000013  c_w.l(libinit2.o)
    0x08000282   0x08000282   0x00000000   Code   RO          832    .ARM.Collect$$libinit$$00000015  c_w.l(libinit2.o)
    0x08000282   0x08000282   0x0000000a   Code   RO          833    .ARM.Collect$$libinit$$00000016  c_w.l(libinit2.o)
    0x0800028c   0x0800028c   0x00000000   Code   RO          834    .ARM.Collect$$libinit$$00000017  c_w.l(libinit2.o)
    0x0800028c   0x0800028c   0x00000000   Code   RO          836    .ARM.Collect$$libinit$$00000019  c_w.l(libinit2.o)
    0x0800028c   0x0800028c   0x00000000   Code   RO          838    .ARM.Collect$$libinit$$0000001B  c_w.l(libinit2.o)
    0x0800028c   0x0800028c   0x00000000   Code   RO          840    .ARM.Collect$$libinit$$0000001D  c_w.l(libinit2.o)
    0x0800028c   0x0800028c   0x00000000   Code   RO          842    .ARM.Collect$$libinit$$0000001F  c_w.l(libinit2.o)
    0x0800028c   0x0800028c   0x00000000   Code   RO          844    .ARM.Collect$$libinit$$00000021  c_w.l(libinit2.o)
    0x0800028c   0x0800028c   0x00000000   Code   RO          846    .ARM.Collect$$libinit$$00000023  c_w.l(libinit2.o)
    0x0800028c   0x0800028c   0x00000000   Code   RO          848    .ARM.Collect$$libinit$$00000025  c_w.l(libinit2.o)
    0x0800028c   0x0800028c   0x00000000   Code   RO          852    .ARM.Collect$$libinit$$0000002C  c_w.l(libinit2.o)
    0x0800028c   0x0800028c   0x00000000   Code   RO          854    .ARM.Collect$$libinit$$0000002E  c_w.l(libinit2.o)
    0x0800028c   0x0800028c   0x00000000   Code   RO          856    .ARM.Collect$$libinit$$00000030  c_w.l(libinit2.o)
    0x0800028c   0x0800028c   0x00000000   Code   RO          858    .ARM.Collect$$libinit$$00000032  c_w.l(libinit2.o)
    0x0800028c   0x0800028c   0x00000002   Code   RO          859    .ARM.Collect$$libinit$$00000033  c_w.l(libinit2.o)
    0x0800028e   0x0800028e   0x00000002   Code   RO          887    .ARM.Collect$$libshutdown$$00000000  c_w.l(libshutdown.o)
    0x08000290   0x08000290   0x00000000   Code   RO          896    .ARM.Collect$$libshutdown$$00000002  c_w.l(libshutdown2.o)
    0x08000290   0x08000290   0x00000000   Code   RO          898    .ARM.Collect$$libshutdown$$00000004  c_w.l(libshutdown2.o)
    0x08000290   0x08000290   0x00000000   Code   RO          901    .ARM.Collect$$libshutdown$$00000007  c_w.l(libshutdown2.o)
    0x08000290   0x08000290   0x00000000   Code   RO          904    .ARM.Collect$$libshutdown$$0000000A  c_w.l(libshutdown2.o)
    0x08000290   0x08000290   0x00000000   Code   RO          906    .ARM.Collect$$libshutdown$$0000000C  c_w.l(libshutdown2.o)
    0x08000290   0x08000290   0x00000000   Code   RO          909    .ARM.Collect$$libshutdown$$0000000F  c_w.l(libshutdown2.o)
    0x08000290   0x08000290   0x00000002   Code   RO          910    .ARM.Collect$$libshutdown$$00000010  c_w.l(libshutdown2.o)
    0x08000292   0x08000292   0x00000000   Code   RO          727    .ARM.Collect$$rtentry$$00000000  c_w.l(__rtentry.o)
    0x08000292   0x08000292   0x00000000   Code   RO          736    .ARM.Collect$$rtentry$$00000002  c_w.l(__rtentry2.o)
    0x08000292   0x08000292   0x00000006   Code   RO          748    .ARM.Collect$$rtentry$$00000004  c_w.l(__rtentry4.o)
    0x08000298   0x08000298   0x00000000   Code   RO          738    .ARM.Collect$$rtentry$$00000009  c_w.l(__rtentry2.o)
    0x08000298   0x08000298   0x00000004   Code   RO          739    .ARM.Collect$$rtentry$$0000000A  c_w.l(__rtentry2.o)
    0x0800029c   0x0800029c   0x00000000   Code   RO          741    .ARM.Collect$$rtentry$$0000000C  c_w.l(__rtentry2.o)
    0x0800029c   0x0800029c   0x00000008   Code   RO          742    .ARM.Collect$$rtentry$$0000000D  c_w.l(__rtentry2.o)
    0x080002a4   0x080002a4   0x00000002   Code   RO          860    .ARM.Collect$$rtexit$$00000000  c_w.l(rtexit.o)
    0x080002a6   0x080002a6   0x00000000   Code   RO          867    .ARM.Collect$$rtexit$$00000002  c_w.l(rtexit2.o)
    0x080002a6   0x080002a6   0x00000004   Code   RO          868    .ARM.Collect$$rtexit$$00000003  c_w.l(rtexit2.o)
    0x080002aa   0x080002aa   0x00000006   Code   RO          869    .ARM.Collect$$rtexit$$00000004  c_w.l(rtexit2.o)
    0x080002b0   0x080002b0   0x00000040   Code   RO          644    .text               startup_stm32f767xx.o
    0x080002f0   0x080002f0   0x00000002   Code   RO          687    .text               c_w.l(use_no_semi_2.o)
    0x080002f2   0x080002f2   0x00000002   PAD
    0x080002f4   0x080002f4   0x00000018   Code   RO          691    .text               c_w.l(noretval__2printf.o)
    0x0800030c   0x0800030c   0x000000b8   Code   RO          698    .text               c_w.l(__printf_ss.o)
    0x080003c4   0x080003c4   0x00000006   Code   RO          719    .text               c_w.l(heapauxi.o)
    0x080003ca   0x080003ca   0x00000002   Code   RO          725    .text               c_w.l(use_no_semi.o)
    0x080003cc   0x080003cc   0x0000041e   Code   RO          728    .text               c_w.l(_printf_fp_dec.o)
    0x080007ea   0x080007ea   0x00000002   PAD
    0x080007ec   0x080007ec   0x00000024   Code   RO          730    .text               c_w.l(_printf_char_file.o)
    0x08000810   0x08000810   0x00000008   Code   RO          753    .text               c_w.l(rt_locale_intlibspace.o)
    0x08000818   0x08000818   0x0000008a   Code   RO          755    .text               c_w.l(lludiv10.o)
    0x080008a2   0x080008a2   0x00000002   PAD
    0x080008a4   0x080008a4   0x00000030   Code   RO          757    .text               c_w.l(_printf_char_common.o)
    0x080008d4   0x080008d4   0x00000080   Code   RO          759    .text               c_w.l(_printf_fp_infnan.o)
    0x08000954   0x08000954   0x000000e4   Code   RO          761    .text               c_w.l(bigflt0.o)
    0x08000a38   0x08000a38   0x00000008   Code   RO          786    .text               c_w.l(ferror.o)
    0x08000a40   0x08000a40   0x00000008   Code   RO          798    .text               c_w.l(libspace.o)
    0x08000a48   0x08000a48   0x0000004a   Code   RO          801    .text               c_w.l(sys_stackheap_outer.o)
    0x08000a92   0x08000a92   0x00000012   Code   RO          805    .text               c_w.l(exit.o)
    0x08000aa4   0x08000aa4   0x00000068   Code   RO          807    .text               c_w.l(strcmpv7m_pel.o)
    0x08000b0c   0x08000b0c   0x0000003e   Code   RO          764    CL$$btod_d2e        c_w.l(btod.o)
    0x08000b4a   0x08000b4a   0x00000046   Code   RO          766    CL$$btod_d2e_denorm_low  c_w.l(btod.o)
    0x08000b90   0x08000b90   0x00000060   Code   RO          765    CL$$btod_d2e_norm_op1  c_w.l(btod.o)
    0x08000bf0   0x08000bf0   0x00000338   Code   RO          774    CL$$btod_div_common  c_w.l(btod.o)
    0x08000f28   0x08000f28   0x000000dc   Code   RO          771    CL$$btod_e2e        c_w.l(btod.o)
    0x08001004   0x08001004   0x0000002a   Code   RO          768    CL$$btod_ediv       c_w.l(btod.o)
    0x0800102e   0x0800102e   0x0000002a   Code   RO          767    CL$$btod_emul       c_w.l(btod.o)
    0x08001058   0x08001058   0x00000244   Code   RO          773    CL$$btod_mult_common  c_w.l(btod.o)
    0x0800129c   0x0800129c   0x000000ec   Code   RO          614    i.Adc_Init          adc.o
    0x08001388   0x08001388   0x0000001c   Code   RO          248    i.Cache_Enable      sys.o
    0x080013a4   0x080013a4   0x00000048   Code   RO          444    i.EXTI15_10_IRQHandler  exti.o
    0x080013ec   0x080013ec   0x0000001e   Code   RO          445    i.EXTIX_Init        exti.o
    0x0800140a   0x0800140a   0x00000002   PAD
    0x0800140c   0x0800140c   0x000000b4   Code   RO          249    i.Ex_NVIC_Config    sys.o
    0x080014c0   0x080014c0   0x00000040   Code   RO          250    i.GPIO_AF_Set       sys.o
    0x08001500   0x08001500   0x00000078   Code   RO           96    i.GPIO_Init         control.o
    0x08001578   0x08001578   0x00000054   Code   RO           97    i.GPIO_Initial_State  control.o
    0x080015cc   0x080015cc   0x00000010   Code   RO          251    i.GPIO_Pin_Get      sys.o
    0x080015dc   0x080015dc   0x00000010   Code   RO          252    i.GPIO_Pin_Set      sys.o
    0x080015ec   0x080015ec   0x000000de   Code   RO          253    i.GPIO_Set          sys.o
    0x080016ca   0x080016ca   0x00000002   PAD
    0x080016cc   0x080016cc   0x0000003c   Code   RO          615    i.Get_Adc           adc.o
    0x08001708   0x08001708   0x00000040   Code   RO          446    i.KEY_Init          exti.o
    0x08001748   0x08001748   0x00000078   Code   RO          256    i.MY_NVIC_Init      sys.o
    0x080017c0   0x080017c0   0x00000028   Code   RO          257    i.MY_NVIC_PriorityGroupConfig  sys.o
    0x080017e8   0x080017e8   0x00000010   Code   RO          258    i.MY_NVIC_SetVectorTable  sys.o
    0x080017f8   0x080017f8   0x0000009c   Code   RO          259    i.SCB_EnableDCache  sys.o
    0x08001894   0x08001894   0x0000007c   Code   RO          260    i.SCB_EnableICache  sys.o
    0x08001910   0x08001910   0x00000070   Code   RO          261    i.Stm32_Clock_Init  sys.o
    0x08001980   0x08001980   0x00000114   Code   RO          262    i.Sys_Clock_Set     sys.o
    0x08001a94   0x08001a94   0x00000064   Code   RO          652    i.SystemInit        system_stm32f7xx.o
    0x08001af8   0x08001af8   0x000000b8   Code   RO          590    i.TIM1_PWM_Init     pwm.o
    0x08001bb0   0x08001bb0   0x00000080   Code   RO          380    i.USART1_IRQHandler  usart.o
    0x08001c30   0x08001c30   0x00000020   Code   RO          483    i.USART2_IRQHandler  usart2.o
    0x08001c50   0x08001c50   0x00000020   Code   RO          538    i.USART3_IRQHandler  usart3.o
    0x08001c70   0x08001c70   0x00000030   Code   RO          796    i.__ARM_fpclassify  m_wv.l(fpclassify.o)
    0x08001ca0   0x08001ca0   0x00000004   Code   RO          381    i._sys_exit         usart.o
    0x08001ca4   0x08001ca4   0x00000074   Code   RO           98    i.back_motor        control.o
    0x08001d18   0x08001d18   0x00000058   Code   RO          102    i.control_motor_back2  control.o
    0x08001d70   0x08001d70   0x00000050   Code   RO          103    i.control_motor_front  control.o
    0x08001dc0   0x08001dc0   0x00000054   Code   RO          105    i.control_stop      control.o
    0x08001e14   0x08001e14   0x00000038   Code   RO          203    i.delay_init        delay.o
    0x08001e4c   0x08001e4c   0x00000038   Code   RO          204    i.delay_ms          delay.o
    0x08001e84   0x08001e84   0x0000003c   Code   RO          206    i.delay_xms         delay.o
    0x08001ec0   0x08001ec0   0x0000001c   Code   RO          383    i.fputc             usart.o
    0x08001edc   0x08001edc   0x00000078   Code   RO          106    i.front_motor       control.o
    0x08001f54   0x08001f54   0x000000b0   Code   RO            4    i.main              main.o
    0x08002004   0x08002004   0x000000c4   Code   RO          108    i.send_to_pc2       control.o
    0x080020c8   0x080020c8   0x000000c0   Code   RO          484    i.uart2_init        usart2.o
    0x08002188   0x08002188   0x000000c4   Code   RO          539    i.uart3_init        usart3.o
    0x0800224c   0x0800224c   0x000000b4   Code   RO          384    i.uart_init         usart.o
    0x08002300   0x08002300   0x0000002c   Code   RO          791    locale$$code        c_w.l(lc_numeric_c.o)
    0x0800232c   0x0800232c   0x0000000a   Code   RO          864    x$fpl$fpinit        fz_wv.l(fpinit.o)
    0x08002336   0x08002336   0x00000004   Code   RO          723    x$fpl$printf1       fz_wv.l(printf1.o)
    0x0800233a   0x0800233a   0x00000000   Code   RO          795    x$fpl$usenofp       fz_wv.l(usenofp.o)
    0x0800233a   0x0800233a   0x00000002   PAD
    0x0800233c   0x0800233c   0x00000094   Data   RO          762    .constdata          c_w.l(bigflt0.o)
    0x080023d0   0x080023d0   0x00000020   Data   RO          933    Region$$Table       anon$$obj.o
    0x080023f0   0x080023f0   0x0000001c   Data   RO          790    locale$$data        c_w.l(lc_numeric_c.o)


    Execution Region RW_IRAM2 (Exec base: 0x20000000, Load base: 0x0800242c, Size: 0x00000000, Max: 0x00020000, ABSOLUTE)

    **** No section assigned to this execution region ****


    Execution Region RW_IRAM1 (Exec base: 0x20020000, Load base: 0x0800240c, Size: 0x00000748, Max: 0x00060000, ABSOLUTE)

    Exec Addr    Load Addr    Size         Type   Attr      Idx    E Section Name        Object

    0x20020000   0x0800240c   0x00000002   Data   RW          109    .data               control.o
    0x20020002   0x0800240e   0x00000004   Data   RW          207    .data               delay.o
    0x20020006   0x08002412   0x00000002   PAD
    0x20020008   0x08002414   0x00000006   Data   RW          386    .data               usart.o
    0x2002000e   0x0800241a   0x00000008   Data   RW          486    .data               usart2.o
    0x20020016   0x08002422   0x00000008   Data   RW          541    .data               usart3.o
    0x2002001e   0x0800242a   0x00000002   PAD
    0x20020020        -       0x000000c8   Zero   RW          385    .bss                usart.o
    0x200200e8        -       0x00000060   Zero   RW          799    .bss                c_w.l(libspace.o)
    0x20020148        -       0x00000200   Zero   RW          642    HEAP                startup_stm32f767xx.o
    0x20020348        -       0x00000400   Zero   RW          641    STACK               startup_stm32f767xx.o


==============================================================================

Image component sizes


      Code (inc. data)   RO Data    RW Data    ZI Data      Debug   Object Name

       296         24          0          0          0       1061   adc.o
       888         86          0          2          0       4864   control.o
       172         14          0          4          0       1836   delay.o
       166         30          0          0          0       1439   exti.o
       176         10          0          0          0     664827   main.o
       184         12          0          0          0        612   pwm.o
        64         26        504          0       1536        864   startup_stm32f767xx.o
      1370         72          0          0          0      42931   sys.o
       100         18          0          0          0        529   system_stm32f7xx.o
       340         36          0          6        200       3988   usart.o
       224         24          0          8          0       1707   usart2.o
       228         26          0          8          0       1707   usart3.o

    ----------------------------------------------------------------------
      4212        378        536         32       1736     726365   Object Totals
         0          0         32          0          0          0   (incl. Generated)
         4          0          0          4          0          0   (incl. Padding)

    ----------------------------------------------------------------------

      Code (inc. data)   RO Data    RW Data    ZI Data      Debug   Library Member Name

         8          0          0          0          0         68   __main.o
       184          0          0          0          0         84   __printf_ss.o
         0          0          0          0          0          0   __rtentry.o
        12          0          0          0          0          0   __rtentry2.o
         6          0          0          0          0          0   __rtentry4.o
        52          8          0          0          0          0   __scatter.o
        26          0          0          0          0          0   __scatter_copy.o
        28          0          0          0          0          0   __scatter_zi.o
        48          6          0          0          0         96   _printf_char_common.o
        36          4          0          0          0         80   _printf_char_file.o
         6          0          0          0          0          0   _printf_f.o
      1054          0          0          0          0        216   _printf_fp_dec.o
       128         16          0          0          0         84   _printf_fp_infnan.o
         0          0          0          0          0          0   _printf_percent.o
         4          0          0          0          0          0   _printf_percent_end.o
       228          4        148          0          0         96   bigflt0.o
      1936        128          0          0          0        672   btod.o
        18          0          0          0          0         80   exit.o
         8          0          0          0          0         68   ferror.o
         6          0          0          0          0        152   heapauxi.o
        44         10         28          0          0         76   lc_numeric_c.o
         2          0          0          0          0          0   libinit.o
        22          0          0          0          0          0   libinit2.o
         2          0          0          0          0          0   libshutdown.o
         2          0          0          0          0          0   libshutdown2.o
         8          4          0          0         96         68   libspace.o
       138          0          0          0          0         80   lludiv10.o
        24          4          0          0          0         84   noretval__2printf.o
         8          4          0          0          0         68   rt_locale_intlibspace.o
         2          0          0          0          0          0   rtexit.o
        10          0          0          0          0          0   rtexit2.o
       104          0          0          0          0         68   strcmpv7m_pel.o
        74          0          0          0          0         80   sys_stackheap_outer.o
         2          0          0          0          0         68   use_no_semi.o
         2          0          0          0          0         68   use_no_semi_2.o
        10          0          0          0          0        116   fpinit.o
         4          0          0          0          0        116   printf1.o
         0          0          0          0          0          0   usenofp.o
        48          0          0          0          0        124   fpclassify.o

    ----------------------------------------------------------------------
      4304        188        176          0         96       2712   Library Totals
        10          0          0          0          0          0   (incl. Padding)

    ----------------------------------------------------------------------

      Code (inc. data)   RO Data    RW Data    ZI Data      Debug   Library Name

      4232        188        176          0         96       2356   c_w.l
        14          0          0          0          0        232   fz_wv.l
        48          0          0          0          0        124   m_wv.l

    ----------------------------------------------------------------------
      4304        188        176          0         96       2712   Library Totals

    ----------------------------------------------------------------------

==============================================================================


      Code (inc. data)   RO Data    RW Data    ZI Data      Debug   

      8516        566        712         32       1832     724129   Grand Totals
      8516        566        712         32       1832     724129   ELF Image Totals
      8516        566        712         32          0          0   ROM Totals

==============================================================================

    Total RO  Size (Code + RO Data)                 9228 (   9.01kB)
    Total RW  Size (RW Data + ZI Data)              1864 (   1.82kB)
    Total ROM Size (Code + RO Data + RW Data)       9260 (   9.04kB)

==============================================================================

